[INFO PSM-0040] All shapes on net VPWR are connected.
########## IR report #################
Net              : VPWR
Corner           : nom_tt_025C_1v80
Supply voltage   : 1.80e+00 V
Worstcase voltage: 1.80e+00 V
Average voltage  : 1.80e+00 V
Average IR drop  : 8.01e-05 V
Worstcase IR drop: 4.20e-04 V
Percentage drop  : 0.02 %
######################################
[INFO PSM-0040] All shapes on net VGND are connected.
########## IR report #################
Net              : VGND
Corner           : nom_tt_025C_1v80
Supply voltage   : 0.00e+00 V
Worstcase voltage: 4.93e-04 V
Average voltage  : 8.25e-05 V
Average IR drop  : 8.25e-05 V
Worstcase IR drop: 4.93e-04 V
Percentage drop  : 0.03 %
######################################
