186. Printing statistics.

=== MMU ===

        +----------Local Count, excluding submodules.
        |        +-Local Area, excluding submodules.
        |        | 
     7941        - wires
     9619        - wire bits
       24        - public wires
     1090        - public wire bits
        5        - ports
      194        - port bits
     8773 1.23E+04 cells
     2569        -   $_ANDNOT_
     1017        -   $_AND_
      504        -   $_MUX_
      401        -   $_NAND_
      340        -   $_NOR_
      245        -   $_NOT_
      461        -   $_ORNOT_
      352        -   $_OR_
      581        -   $_XNOR_
     1723        -   $_XOR_
      580 1.23E+04   sky130_fd_sc_hd__dfxtp_2

   Area for cell type $_ANDNOT_ is unknown!
   Area for cell type $_AND_ is unknown!
   Area for cell type $_MUX_ is unknown!
   Area for cell type $_NAND_ is unknown!
   Area for cell type $_NOR_ is unknown!
   Area for cell type $_NOT_ is unknown!
   Area for cell type $_ORNOT_ is unknown!
   Area for cell type $_OR_ is unknown!
   Area for cell type $_XNOR_ is unknown!
   Area for cell type $_XOR_ is unknown!

   Chip area for module '\MMU': 12336.832000
     of which used for sequential elements: 12336.832000 (100.00%)

