194. Printing statistics.

=== MMU ===

        +----------Local Count, excluding submodules.
        |        +-Local Area, excluding submodules.
        |        | 
     6904        - wires
     7093        - wire bits
      509        - public wires
      698        - public wire bits
        5        - ports
      194        - port bits
     7027 7.35E+04 cells
        5    62.56   sky130_fd_sc_hd__a2111o_2
        2   30.029   sky130_fd_sc_hd__a2111oi_2
       75   750.72   sky130_fd_sc_hd__a211o_2
       40   500.48   sky130_fd_sc_hd__a211oi_2
       56  560.538   sky130_fd_sc_hd__a21bo_2
       16  180.173   sky130_fd_sc_hd__a21boi_2
      275  2408.56   sky130_fd_sc_hd__a21o_2
      262 2.29E+03   sky130_fd_sc_hd__a21oi_2
        1   11.261   sky130_fd_sc_hd__a221o_2
      129 1.29E+03   sky130_fd_sc_hd__a22o_2
      153 1.91E+03   sky130_fd_sc_hd__a22oi_2
        5   56.304   sky130_fd_sc_hd__a2bb2o_2
       10  112.608   sky130_fd_sc_hd__a311o_2
        2   30.029   sky130_fd_sc_hd__a311oi_2
      214 1.87E+03   sky130_fd_sc_hd__a31o_2
       34  425.408   sky130_fd_sc_hd__a31oi_2
        1   11.261   sky130_fd_sc_hd__a32o_2
        1   16.266   sky130_fd_sc_hd__a32oi_2
        2   22.522   sky130_fd_sc_hd__a41o_2
      345 2.59E+03   sky130_fd_sc_hd__and2_2
      235 2.06E+03   sky130_fd_sc_hd__and2b_2
      295 2.21E+03   sky130_fd_sc_hd__and3_2
       51   510.49   sky130_fd_sc_hd__and3b_2
      223 2.23E+03   sky130_fd_sc_hd__and4_2
       19  213.955   sky130_fd_sc_hd__and4b_2
        7   87.584   sky130_fd_sc_hd__and4bb_2
       52  195.187   sky130_fd_sc_hd__conb_1
      580 1.23E+04   sky130_fd_sc_hd__dfxtp_2
      165  619.344   sky130_fd_sc_hd__inv_2
      130 1.46E+03   sky130_fd_sc_hd__mux2_1
      717 4.49E+03   sky130_fd_sc_hd__nand2_2
      133 1.16E+03   sky130_fd_sc_hd__nand2b_2
      174  1741.67   sky130_fd_sc_hd__nand3_2
       10  112.608   sky130_fd_sc_hd__nand3b_2
       70   875.84   sky130_fd_sc_hd__nand4_2
        1   15.014   sky130_fd_sc_hd__nand4b_2
      509 3.18E+03   sky130_fd_sc_hd__nor2_2
       56  560.538   sky130_fd_sc_hd__nor3_2
        6   75.072   sky130_fd_sc_hd__nor3b_2
       13  162.656   sky130_fd_sc_hd__nor4_2
        1   12.512   sky130_fd_sc_hd__o2111a_2
       55  550.528   sky130_fd_sc_hd__o211a_2
       68  850.816   sky130_fd_sc_hd__o211ai_2
      124 1.09E+03   sky130_fd_sc_hd__o21a_2
      152 1.33E+03   sky130_fd_sc_hd__o21ai_2
       41  410.394   sky130_fd_sc_hd__o21ba_2
       45  506.736   sky130_fd_sc_hd__o21bai_2
        8   80.077   sky130_fd_sc_hd__o22a_2
        3   37.536   sky130_fd_sc_hd__o22ai_2
       16  180.173   sky130_fd_sc_hd__o2bb2a_2
        9  101.347   sky130_fd_sc_hd__o311a_2
        1   16.266   sky130_fd_sc_hd__o311ai_2
       38  380.365   sky130_fd_sc_hd__o31a_2
       47  588.064   sky130_fd_sc_hd__o31ai_2
        2   22.522   sky130_fd_sc_hd__o32a_2
        2   32.531   sky130_fd_sc_hd__o32ai_2
        2   25.024   sky130_fd_sc_hd__o41a_2
      249 1.56E+03   sky130_fd_sc_hd__or2_2
      102  765.734   sky130_fd_sc_hd__or3_2
       26  227.718   sky130_fd_sc_hd__or3b_2
       46  402.886   sky130_fd_sc_hd__or4_2
        2   20.019   sky130_fd_sc_hd__or4b_2
      654 1.06E+04   sky130_fd_sc_hd__xnor2_2
      260 4.23E+03   sky130_fd_sc_hd__xor2_2

   Chip area for module '\MMU': 73506.748800
     of which used for sequential elements: 12336.832000 (16.78%)

