Reading OpenROAD database at '/foss/designs/196/systolic_array_4x4_test/librelane/runs/RUN_2026-09-02_05-27-52/20-openroad-generatepdn/MMU.odb'…
Reading library file at '/foss/pdks/sky130A/libs.ref/sky130_fd_sc_hd/lib/sky130_fd_sc_hd__tt_025C_1v80.lib'…
Reading design constraints file at '/usr/local/lib/python3.12/dist-packages/librelane/scripts/base.sdc'…
[INFO] Using clock clk…
[INFO] Setting output delay to: 4
[INFO] Setting input delay to: 4
[INFO] Setting load to: 0.033442
[INFO] Setting clock uncertainty to: 0.25
[INFO] Setting clock transition to: 0.1499999999999999944488848768742172978818416595458984375
[INFO] Setting timing derate to: 5%
+ global_placement -density 0.6214200000000001 -skip_io -pad_right 0 -pad_left 0 -init_wirelength_coef 0.25
[INFO GPL-0002] DBU: 1000
[INFO GPL-0003] SiteSize: (  0.460  2.720 ) um
[INFO GPL-0004] CoreBBox: (  5.520 10.880 ) ( 388.700 391.680 ) um
[INFO GPL-0006] NumInstances:              9366
[INFO GPL-0007] NumPlaceInstances:         7027
[INFO GPL-0008] NumFixedInstances:         2339
[INFO GPL-0009] NumDummyInstances:            0
[INFO GPL-0010] NumNets:                   7093
[INFO GPL-0011] NumPins:                  25288
[INFO GPL-0012] DieBBox:  (  0.000  0.000 ) ( 394.465 405.185 ) um
[INFO GPL-0013] CoreBBox: (  5.520 10.880 ) ( 388.700 391.680 ) um
[INFO GPL-0016] CoreArea:            145914.944 um^2
[INFO GPL-0017] NonPlaceInstsArea:     3627.229 um^2
[INFO GPL-0018] PlaceInstsArea:       73506.749 um^2
[INFO GPL-0019] Util:                    51.661 %
[INFO GPL-0020] StdInstsArea:         73506.749 um^2
[INFO GPL-0021] MacroInstsArea:           0.000 um^2
[INFO GPL-0031] FillerInit:NumGCells:      8492
[INFO GPL-0032] FillerInit:NumGNets:       7093
[INFO GPL-0033] FillerInit:NumGPins:      25288
[INFO GPL-0023] TargetDensity:            0.621
[INFO GPL-0024] AvrgPlaceInstArea:       10.461 um^2
[INFO GPL-0025] IdealBinArea:            16.833 um^2
[INFO GPL-0026] IdealBinCnt:               8668
[INFO GPL-0027] TotalBinArea:        145914.944 um^2
[INFO GPL-0028] BinCnt:        64     64
[INFO GPL-0029] BinSize: (  5.988  5.950 )
[INFO GPL-0030] NumBins: 4096
[NesterovSolve] Iter:    1 overflow: 0.999 HPWL: 18334094
[NesterovSolve] Iter:   10 overflow: 0.997 HPWL: 12115159
[NesterovSolve] Iter:   20 overflow: 0.997 HPWL: 11597317
[NesterovSolve] Iter:   30 overflow: 0.996 HPWL: 11349079
[NesterovSolve] Iter:   40 overflow: 0.996 HPWL: 11195357
[NesterovSolve] Iter:   50 overflow: 0.996 HPWL: 11058018
[NesterovSolve] Iter:   60 overflow: 0.996 HPWL: 10941197
[NesterovSolve] Iter:   70 overflow: 0.996 HPWL: 10849679
[NesterovSolve] Iter:   80 overflow: 0.995 HPWL: 10790278
[NesterovSolve] Iter:   90 overflow: 0.994 HPWL: 10783756
[NesterovSolve] Iter:  100 overflow: 0.994 HPWL: 10867248
[NesterovSolve] Iter:  110 overflow: 0.992 HPWL: 11099091
[NesterovSolve] Iter:  120 overflow: 0.990 HPWL: 11600057
[NesterovSolve] Iter:  130 overflow: 0.987 HPWL: 12539745
[NesterovSolve] Iter:  140 overflow: 0.980 HPWL: 14243363
[NesterovSolve] Iter:  150 overflow: 0.971 HPWL: 17277603
[NesterovSolve] Iter:  160 overflow: 0.952 HPWL: 21609255
[NesterovSolve] Iter:  170 overflow: 0.923 HPWL: 26076849
[NesterovSolve] Iter:  180 overflow: 0.900 HPWL: 30035368
[NesterovSolve] Iter:  190 overflow: 0.883 HPWL: 34181282
[NesterovSolve] Iter:  200 overflow: 0.861 HPWL: 39057870
[NesterovSolve] Iter:  210 overflow: 0.829 HPWL: 44601513
[NesterovSolve] Iter:  220 overflow: 0.789 HPWL: 50135563
[NesterovSolve] Iter:  230 overflow: 0.753 HPWL: 54990438
[NesterovSolve] Iter:  240 overflow: 0.714 HPWL: 59540800
[NesterovSolve] Iter:  250 overflow: 0.673 HPWL: 64068846
[NesterovSolve] Iter:  260 overflow: 0.630 HPWL: 68261160
[NesterovSolve] Iter:  270 overflow: 0.585 HPWL: 72096631
[NesterovSolve] Iter:  280 overflow: 0.547 HPWL: 76190093
[NesterovSolve] Iter:  290 overflow: 0.503 HPWL: 79728052
[NesterovSolve] Iter:  300 overflow: 0.460 HPWL: 81993604
[NesterovSolve] Iter:  310 overflow: 0.413 HPWL: 83928161
[NesterovSolve] Iter:  320 overflow: 0.363 HPWL: 85335081
[NesterovSolve] Iter:  330 overflow: 0.316 HPWL: 85801527
[NesterovSolve] Iter:  340 overflow: 0.286 HPWL: 86299255
[NesterovSolve] Iter:  350 overflow: 0.255 HPWL: 86969604
[NesterovSolve] Iter:  360 overflow: 0.225 HPWL: 87399253
[NesterovSolve] Iter:  370 overflow: 0.197 HPWL: 88028523
[NesterovSolve] Iter:  380 overflow: 0.170 HPWL: 88462028
[NesterovSolve] Iter:  390 overflow: 0.149 HPWL: 88871940
[NesterovSolve] Iter:  400 overflow: 0.132 HPWL: 89150079
[NesterovSolve] Iter:  410 overflow: 0.117 HPWL: 89489937
[NesterovSolve] Iter:  420 overflow: 0.102 HPWL: 89642608
[NesterovSolve] Finished with Overflow: 0.098919
[INFO] Setting RC values…
Setting global connections for newly added cells…
[INFO] Setting global connections...
Updating metrics…
Cell type report:                       Count       Area
  Fill cell                               280    1051.01
  Tap cell                               2059    2576.22
  Inverter                                165     619.34
  Sequential cell                         580   12336.83
  Multi-Input combinational cell         6282   60550.57
  Total                                  9366   77133.98
Writing OpenROAD database to '/foss/designs/196/systolic_array_4x4_test/librelane/runs/RUN_2026-09-02_05-27-52/23-openroad-globalplacementskipio/MMU.odb'…
Writing netlist to '/foss/designs/196/systolic_array_4x4_test/librelane/runs/RUN_2026-09-02_05-27-52/23-openroad-globalplacementskipio/MMU.nl.v'…
Writing powered netlist to '/foss/designs/196/systolic_array_4x4_test/librelane/runs/RUN_2026-09-02_05-27-52/23-openroad-globalplacementskipio/MMU.pnl.v'…
Writing layout to '/foss/designs/196/systolic_array_4x4_test/librelane/runs/RUN_2026-09-02_05-27-52/23-openroad-globalplacementskipio/MMU.def'…
Writing timing constraints to '/foss/designs/196/systolic_array_4x4_test/librelane/runs/RUN_2026-09-02_05-27-52/23-openroad-globalplacementskipio/MMU.sdc'…
