
===========================================================================
report_checks -unconstrained
===========================================================================
======================= max_ss_100C_1v60 Corner ===================================

Startpoint: control (input port clocked by clk)
Endpoint: _13253_ (rising edge-triggered flip-flop clocked by clk)
Path Group: clk
Path Type: max

Fanout         Cap        Slew       Delay        Time   Description
---------------------------------------------------------------------------------------------
                                  0.000000    0.000000   clock clk (rise edge)
                                  0.000000    0.000000   clock network delay (propagated)
                                  4.000000    4.000000 ^ input external delay
     2    0.004002    0.040336    0.022171    4.022171 ^ control (in)
                                                         control (net)
                      0.040336    0.000000    4.022171 ^ input1/A (sky130_fd_sc_hd__clkbuf_4)
     7    0.085179    0.402862    0.471780    4.493951 ^ input1/X (sky130_fd_sc_hd__clkbuf_4)
                                                         net1 (net)
                      0.402985    0.005933    4.499884 ^ fanout695/A (sky130_fd_sc_hd__buf_4)
    15    0.125412    0.548201    0.683897    5.183781 ^ fanout695/X (sky130_fd_sc_hd__buf_4)
                                                         net695 (net)
                      0.549813    0.024507    5.208288 ^ fanout665/A (sky130_fd_sc_hd__clkbuf_4)
    21    0.062064    0.301868    0.630216    5.838504 ^ fanout665/X (sky130_fd_sc_hd__clkbuf_4)
                                                         net665 (net)
                      0.301875    0.002157    5.840661 ^ fanout664/A (sky130_fd_sc_hd__clkbuf_2)
    15    0.044576    0.377697    0.509518    6.350179 ^ fanout664/X (sky130_fd_sc_hd__clkbuf_2)
                                                         net664 (net)
                      0.377958    0.005717    6.355896 ^ fanout663/A (sky130_fd_sc_hd__clkbuf_2)
    10    0.030971    0.269362    0.462730    6.818626 ^ fanout663/X (sky130_fd_sc_hd__clkbuf_2)
                                                         net663 (net)
                      0.269369    0.001787    6.820413 ^ fanout662/A (sky130_fd_sc_hd__clkbuf_2)
    10    0.029164    0.253981    0.411227    7.231639 ^ fanout662/X (sky130_fd_sc_hd__clkbuf_2)
                                                         net662 (net)
                      0.253987    0.001645    7.233284 ^ _06485_/A_N (sky130_fd_sc_hd__and2b_1)
     4    0.027766    0.267657    0.610959    7.844243 v _06485_/X (sky130_fd_sc_hd__and2b_1)
                                                         _00016_ (net)
                      0.267660    0.001330    7.845572 v fanout585/A (sky130_fd_sc_hd__buf_2)
    21    0.058912    0.264774    0.513423    8.358995 v fanout585/X (sky130_fd_sc_hd__buf_2)
                                                         net585 (net)
                      0.265049    0.007652    8.366647 v _10026_/B2 (sky130_fd_sc_hd__a22o_1)
     2    0.008382    0.118241    0.485655    8.852303 v _10026_/X (sky130_fd_sc_hd__a22o_1)
                                                         _03757_ (net)
                      0.118241    0.000323    8.852626 v _10029_/B1 (sky130_fd_sc_hd__a22o_1)
     3    0.008302    0.117593    0.396804    9.249430 v _10029_/X (sky130_fd_sc_hd__a22o_1)
                                                         _03760_ (net)
                      0.117593    0.000410    9.249841 v _10030_/C (sky130_fd_sc_hd__and3_1)
     3    0.012258    0.148906    0.465651    9.715491 v _10030_/X (sky130_fd_sc_hd__and3_1)
                                                         _03761_ (net)
                      0.148911    0.001020    9.716511 v _10033_/B (sky130_fd_sc_hd__or3_1)
     3    0.009348    0.203462    0.916711   10.633222 v _10033_/X (sky130_fd_sc_hd__or3_1)
                                                         _03764_ (net)
                      0.203462    0.000296   10.633517 v _10036_/A1 (sky130_fd_sc_hd__a21bo_1)
     3    0.009217    0.113004    0.414311   11.047829 v _10036_/X (sky130_fd_sc_hd__a21bo_1)
                                                         _03767_ (net)
                      0.113004    0.000355   11.048184 v _10039_/A2 (sky130_fd_sc_hd__a21o_1)
     2    0.005944    0.084899    0.360527   11.408710 v _10039_/X (sky130_fd_sc_hd__a21o_1)
                                                         _03770_ (net)
                      0.084899    0.000257   11.408967 v _10040_/C (sky130_fd_sc_hd__and3_1)
     2    0.005156    0.090444    0.389889   11.798857 v _10040_/X (sky130_fd_sc_hd__and3_1)
                                                         _03771_ (net)
                      0.090485    0.000189   11.799046 v _10048_/B1 (sky130_fd_sc_hd__a31o_1)
     2    0.009811    0.124142    0.400616   12.199661 v _10048_/X (sky130_fd_sc_hd__a31o_1)
                                                         _03778_ (net)
                      0.124144    0.000713   12.200375 v _10083_/A1 (sky130_fd_sc_hd__a21bo_1)
     2    0.010581    0.124279    0.391088   12.591462 v _10083_/X (sky130_fd_sc_hd__a21bo_1)
                                                         _03812_ (net)
                      0.124282    0.000702   12.592164 v _10152_/A1 (sky130_fd_sc_hd__a21o_1)
     2    0.008862    0.107577    0.357145   12.949309 v _10152_/X (sky130_fd_sc_hd__a21o_1)
                                                         _03880_ (net)
                      0.107578    0.000490   12.949800 v _10158_/A2 (sky130_fd_sc_hd__a21o_1)
     4    0.018777    0.181179    0.449197   13.398997 v _10158_/X (sky130_fd_sc_hd__a21o_1)
                                                         _03885_ (net)
                      0.181183    0.001148   13.400146 v _10228_/A1 (sky130_fd_sc_hd__a211oi_1)
     2    0.007524    0.517411    0.560350   13.960495 ^ _10228_/Y (sky130_fd_sc_hd__a211oi_1)
                                                         _03954_ (net)
                      0.517411    0.000441   13.960937 ^ _10231_/C (sky130_fd_sc_hd__or4_1)
     2    0.010392    0.167102    0.422774   14.383711 ^ _10231_/X (sky130_fd_sc_hd__or4_1)
                                                         _03957_ (net)
                      0.167103    0.000785   14.384496 ^ _10268_/B1 (sky130_fd_sc_hd__o211ai_2)
     3    0.013057    0.236137    0.301669   14.686165 v _10268_/Y (sky130_fd_sc_hd__o211ai_2)
                                                         _03993_ (net)
                      0.236139    0.001058   14.687222 v _10272_/A3 (sky130_fd_sc_hd__a31o_1)
     3    0.009551    0.121847    0.517641   15.204864 v _10272_/X (sky130_fd_sc_hd__a31o_1)
                                                         _03996_ (net)
                      0.121848    0.000661   15.205524 v _10324_/A1 (sky130_fd_sc_hd__a21o_1)
     2    0.005208    0.079265    0.328557   15.534081 v _10324_/X (sky130_fd_sc_hd__a21o_1)
                                                         _04047_ (net)
                      0.079265    0.000178   15.534259 v _10325_/B (sky130_fd_sc_hd__and2_1)
     3    0.009446    0.120921    0.374094   15.908353 v _10325_/X (sky130_fd_sc_hd__and2_1)
                                                         _04048_ (net)
                      0.120921    0.000375   15.908728 v _10363_/A2 (sky130_fd_sc_hd__o31ai_1)
     2    0.007102    0.520372    0.567805   16.476532 ^ _10363_/Y (sky130_fd_sc_hd__o31ai_1)
                                                         _04084_ (net)
                      0.520372    0.000419   16.476952 ^ _10364_/B (sky130_fd_sc_hd__nor2_1)
     3    0.008122    0.153477    0.274120   16.751072 v _10364_/Y (sky130_fd_sc_hd__nor2_1)
                                                         _04085_ (net)
                      0.153477    0.000265   16.751337 v _10370_/B (sky130_fd_sc_hd__or3_1)
     1    0.002793    0.134859    0.817806   17.569143 v _10370_/X (sky130_fd_sc_hd__or3_1)
                                                         _04090_ (net)
                      0.134859    0.000165   17.569309 v _10372_/B (sky130_fd_sc_hd__and3_1)
     1    0.003193    0.073861    0.365564   17.934872 v _10372_/X (sky130_fd_sc_hd__and3_1)
                                                         _00387_ (net)
                      0.073861    0.000197   17.935068 v _13253_/D (sky130_fd_sc_hd__dfxtp_1)
                                             17.935068   data arrival time

                                 20.000000   20.000000   clock clk (rise edge)
                                  0.000000   20.000000   clock source latency
     2    0.063303    0.455783    0.319270   20.319271 ^ clk (in)
                                                         clk (net)
                      0.455974    0.000000   20.319271 ^ clkbuf_0_clk/A (sky130_fd_sc_hd__clkbuf_16)
    17    0.201777    0.319554    0.584720   20.903990 ^ clkbuf_0_clk/X (sky130_fd_sc_hd__clkbuf_16)
                                                         clknet_0_clk (net)
                      0.320474    0.012800   20.916790 ^ clkbuf_3_5__f_clk/A (sky130_fd_sc_hd__clkbuf_16)
    25    0.137088    0.230458    0.460956   21.377747 ^ clkbuf_3_5__f_clk/X (sky130_fd_sc_hd__clkbuf_16)
                                                         clknet_3_5__leaf_clk (net)
                      0.230973    0.007857   21.385603 ^ clkbuf_leaf_16_clk/A (sky130_fd_sc_hd__clkbuf_8)
     4    0.032088    0.110947    0.336147   21.721750 ^ clkbuf_leaf_16_clk/X (sky130_fd_sc_hd__clkbuf_8)
                                                         clknet_leaf_16_clk (net)
                      0.110987    0.001982   21.723732 ^ _13253_/CLK (sky130_fd_sc_hd__dfxtp_1)
                                 -0.250000   21.473734   clock uncertainty
                                  0.000000   21.473734   clock reconvergence pessimism
                                 -0.259543   21.214190   library setup time
                                             21.214190   data required time
---------------------------------------------------------------------------------------------
                                             21.214190   data required time
                                            -17.935068   data arrival time
---------------------------------------------------------------------------------------------
                                              3.279121   slack (MET)




===========================================================================
report_checks --slack_max -0.01
============================================================================
======================= max_ss_100C_1v60 Corner ===================================

No paths found.


===========================================================================
 report_check_types -max_slew -max_cap -max_fanout -violators
============================================================================
======================= max_ss_100C_1v60 Corner ===================================

max slew

Pin                                        Limit        Slew       Slack
------------------------------------------------------------------------
_09181_/Y                               0.750000    0.817022   -0.067022 (VIOLATED)
_09183_/B                               0.750000    0.817022   -0.067022 (VIOLATED)
_09184_/A1                              0.750000    0.817022   -0.067022 (VIOLATED)
max_cap150/A                            0.750000    0.817022   -0.067022 (VIOLATED)
_08772_/Y                               0.750000    0.780596   -0.030596 (VIOLATED)
_08774_/B                               0.750000    0.780596   -0.030596 (VIOLATED)
_08775_/A1                              0.750000    0.780596   -0.030596 (VIOLATED)
max_cap151/A                            0.750000    0.780596   -0.030596 (VIOLATED)
_09822_/Y                               0.750000    0.780012   -0.030012 (VIOLATED)
_09825_/A1                              0.750000    0.780012   -0.030012 (VIOLATED)
max_cap147/A                            0.750000    0.780012   -0.030012 (VIOLATED)

max fanout

Pin                                   Limit Fanout  Slack
---------------------------------------------------------
clkbuf_3_2__f_clk/X                      10     25    -15 (VIOLATED)
clkbuf_3_3__f_clk/X                      10     25    -15 (VIOLATED)
clkbuf_3_4__f_clk/X                      10     25    -15 (VIOLATED)
clkbuf_3_5__f_clk/X                      10     25    -15 (VIOLATED)
clkbuf_3_6__f_clk/X                      10     25    -15 (VIOLATED)
_06520_/X                                10     21    -11 (VIOLATED)
clkbuf_3_1__f_clk/X                      10     21    -11 (VIOLATED)
clkbuf_3_7__f_clk/X                      10     21    -11 (VIOLATED)
fanout159/X                              10     21    -11 (VIOLATED)
fanout160/X                              10     21    -11 (VIOLATED)
fanout162/X                              10     21    -11 (VIOLATED)
fanout182/X                              10     21    -11 (VIOLATED)
fanout215/X                              10     21    -11 (VIOLATED)
fanout218/X                              10     21    -11 (VIOLATED)
fanout221/X                              10     21    -11 (VIOLATED)
fanout256/X                              10     21    -11 (VIOLATED)
fanout272/X                              10     21    -11 (VIOLATED)
fanout282/X                              10     21    -11 (VIOLATED)
fanout284/X                              10     21    -11 (VIOLATED)
fanout286/X                              10     21    -11 (VIOLATED)
fanout288/X                              10     21    -11 (VIOLATED)
fanout290/X                              10     21    -11 (VIOLATED)
fanout313/X                              10     21    -11 (VIOLATED)
fanout315/X                              10     21    -11 (VIOLATED)
fanout318/X                              10     21    -11 (VIOLATED)
fanout330/X                              10     21    -11 (VIOLATED)
fanout333/X                              10     21    -11 (VIOLATED)
fanout339/X                              10     21    -11 (VIOLATED)
fanout344/X                              10     21    -11 (VIOLATED)
fanout353/X                              10     21    -11 (VIOLATED)
fanout367/X                              10     21    -11 (VIOLATED)
fanout372/X                              10     21    -11 (VIOLATED)
fanout377/X                              10     21    -11 (VIOLATED)
fanout378/X                              10     21    -11 (VIOLATED)
fanout388/X                              10     21    -11 (VIOLATED)
fanout390/X                              10     21    -11 (VIOLATED)
fanout392/X                              10     21    -11 (VIOLATED)
fanout402/X                              10     21    -11 (VIOLATED)
fanout407/X                              10     21    -11 (VIOLATED)
fanout411/X                              10     21    -11 (VIOLATED)
fanout412/X                              10     21    -11 (VIOLATED)
fanout416/X                              10     21    -11 (VIOLATED)
fanout418/X                              10     21    -11 (VIOLATED)
fanout420/X                              10     21    -11 (VIOLATED)
fanout451/X                              10     21    -11 (VIOLATED)
fanout457/X                              10     21    -11 (VIOLATED)
fanout458/X                              10     21    -11 (VIOLATED)
fanout459/X                              10     21    -11 (VIOLATED)
fanout468/X                              10     21    -11 (VIOLATED)
fanout488/X                              10     21    -11 (VIOLATED)
fanout493/X                              10     21    -11 (VIOLATED)
fanout495/X                              10     21    -11 (VIOLATED)
fanout498/X                              10     21    -11 (VIOLATED)
fanout504/X                              10     21    -11 (VIOLATED)
fanout506/X                              10     21    -11 (VIOLATED)
fanout508/X                              10     21    -11 (VIOLATED)
fanout513/X                              10     21    -11 (VIOLATED)
fanout519/X                              10     21    -11 (VIOLATED)
fanout524/X                              10     21    -11 (VIOLATED)
fanout530/X                              10     21    -11 (VIOLATED)
fanout534/X                              10     21    -11 (VIOLATED)
fanout546/X                              10     21    -11 (VIOLATED)
fanout547/X                              10     21    -11 (VIOLATED)
fanout549/X                              10     21    -11 (VIOLATED)
fanout559/X                              10     21    -11 (VIOLATED)
fanout561/X                              10     21    -11 (VIOLATED)
fanout563/X                              10     21    -11 (VIOLATED)
fanout566/X                              10     21    -11 (VIOLATED)
fanout569/X                              10     21    -11 (VIOLATED)
fanout578/X                              10     21    -11 (VIOLATED)
fanout579/X                              10     21    -11 (VIOLATED)
fanout585/X                              10     21    -11 (VIOLATED)
fanout590/X                              10     21    -11 (VIOLATED)
fanout591/X                              10     21    -11 (VIOLATED)
fanout592/X                              10     21    -11 (VIOLATED)
fanout593/X                              10     21    -11 (VIOLATED)
fanout594/X                              10     21    -11 (VIOLATED)
fanout595/X                              10     21    -11 (VIOLATED)
fanout601/X                              10     21    -11 (VIOLATED)
fanout603/X                              10     21    -11 (VIOLATED)
fanout609/X                              10     21    -11 (VIOLATED)
fanout612/X                              10     21    -11 (VIOLATED)
fanout613/X                              10     21    -11 (VIOLATED)
fanout615/X                              10     21    -11 (VIOLATED)
fanout618/X                              10     21    -11 (VIOLATED)
fanout620/X                              10     21    -11 (VIOLATED)
fanout623/X                              10     21    -11 (VIOLATED)
fanout624/X                              10     21    -11 (VIOLATED)
fanout627/X                              10     21    -11 (VIOLATED)
fanout630/X                              10     21    -11 (VIOLATED)
fanout631/X                              10     21    -11 (VIOLATED)
fanout635/X                              10     21    -11 (VIOLATED)
fanout636/X                              10     21    -11 (VIOLATED)
fanout645/X                              10     21    -11 (VIOLATED)
fanout646/X                              10     21    -11 (VIOLATED)
fanout650/X                              10     21    -11 (VIOLATED)
fanout658/X                              10     21    -11 (VIOLATED)
fanout665/X                              10     21    -11 (VIOLATED)
fanout668/X                              10     21    -11 (VIOLATED)
fanout672/X                              10     21    -11 (VIOLATED)
fanout674/X                              10     21    -11 (VIOLATED)
fanout683/X                              10     21    -11 (VIOLATED)
fanout684/X                              10     21    -11 (VIOLATED)
input33/X                                10     21    -11 (VIOLATED)
_06487_/X                                10     19     -9 (VIOLATED)
_06488_/X                                10     19     -9 (VIOLATED)
clkbuf_3_0__f_clk/X                      10     19     -9 (VIOLATED)
fanout181/X                              10     19     -9 (VIOLATED)
fanout186/X                              10     19     -9 (VIOLATED)
fanout190/X                              10     19     -9 (VIOLATED)
fanout289/X                              10     19     -9 (VIOLATED)
fanout310/X                              10     19     -9 (VIOLATED)
fanout312/X                              10     19     -9 (VIOLATED)
fanout369/X                              10     19     -9 (VIOLATED)
fanout395/X                              10     19     -9 (VIOLATED)
fanout399/X                              10     19     -9 (VIOLATED)
fanout599/X                              10     19     -9 (VIOLATED)
fanout614/X                              10     19     -9 (VIOLATED)
input19/X                                10     19     -9 (VIOLATED)
_06502_/X                                10     17     -7 (VIOLATED)
clkbuf_0_clk/X                           10     17     -7 (VIOLATED)
clkbuf_leaf_43_clk/X                     10     17     -7 (VIOLATED)
clkbuf_leaf_57_clk/X                     10     17     -7 (VIOLATED)
fanout179/X                              10     17     -7 (VIOLATED)
fanout184/X                              10     17     -7 (VIOLATED)
fanout194/X                              10     17     -7 (VIOLATED)
fanout196/X                              10     17     -7 (VIOLATED)
fanout200/X                              10     17     -7 (VIOLATED)
fanout205/X                              10     17     -7 (VIOLATED)
fanout212/X                              10     17     -7 (VIOLATED)
fanout255/X                              10     17     -7 (VIOLATED)
fanout287/X                              10     17     -7 (VIOLATED)
fanout364/X                              10     17     -7 (VIOLATED)
fanout425/X                              10     17     -7 (VIOLATED)
fanout440/X                              10     17     -7 (VIOLATED)
fanout575/X                              10     17     -7 (VIOLATED)
fanout605/X                              10     17     -7 (VIOLATED)
clkbuf_leaf_50_clk/X                     10     16     -6 (VIOLATED)
clkbuf_leaf_7_clk/X                      10     16     -6 (VIOLATED)
clkbuf_leaf_46_clk/X                     10     15     -5 (VIOLATED)
fanout158/X                              10     15     -5 (VIOLATED)
fanout192/X                              10     15     -5 (VIOLATED)
fanout198/X                              10     15     -5 (VIOLATED)
fanout253/X                              10     15     -5 (VIOLATED)
fanout415/X                              10     15     -5 (VIOLATED)
fanout475/X                              10     15     -5 (VIOLATED)
fanout477/X                              10     15     -5 (VIOLATED)
fanout501/X                              10     15     -5 (VIOLATED)
fanout516/X                              10     15     -5 (VIOLATED)
fanout533/X                              10     15     -5 (VIOLATED)
fanout550/X                              10     15     -5 (VIOLATED)
fanout577/X                              10     15     -5 (VIOLATED)
fanout659/X                              10     15     -5 (VIOLATED)
fanout664/X                              10     15     -5 (VIOLATED)
fanout669/X                              10     15     -5 (VIOLATED)
fanout691/X                              10     15     -5 (VIOLATED)
fanout695/X                              10     15     -5 (VIOLATED)
clkbuf_leaf_18_clk/X                     10     14     -4 (VIOLATED)
clkbuf_leaf_23_clk/X                     10     14     -4 (VIOLATED)
clkbuf_leaf_25_clk/X                     10     14     -4 (VIOLATED)
clkbuf_leaf_73_clk/X                     10     14     -4 (VIOLATED)
clkbuf_leaf_49_clk/X                     10     13     -3 (VIOLATED)
fanout210/X                              10     13     -3 (VIOLATED)
fanout285/X                              10     13     -3 (VIOLATED)
fanout427/X                              10     13     -3 (VIOLATED)
fanout430/X                              10     13     -3 (VIOLATED)
fanout432/X                              10     13     -3 (VIOLATED)
fanout481/X                              10     13     -3 (VIOLATED)
fanout511/X                              10     13     -3 (VIOLATED)
fanout523/X                              10     13     -3 (VIOLATED)
fanout525/X                              10     13     -3 (VIOLATED)
fanout565/X                              10     13     -3 (VIOLATED)
fanout570/X                              10     13     -3 (VIOLATED)
fanout597/X                              10     13     -3 (VIOLATED)
fanout600/X                              10     13     -3 (VIOLATED)
fanout610/X                              10     13     -3 (VIOLATED)
fanout625/X                              10     13     -3 (VIOLATED)
fanout626/X                              10     13     -3 (VIOLATED)
fanout634/X                              10     13     -3 (VIOLATED)
fanout643/X                              10     13     -3 (VIOLATED)
fanout647/X                              10     13     -3 (VIOLATED)
fanout660/X                              10     13     -3 (VIOLATED)
fanout679/X                              10     13     -3 (VIOLATED)
fanout680/X                              10     13     -3 (VIOLATED)
fanout688/X                              10     13     -3 (VIOLATED)
clkbuf_leaf_68_clk/X                     10     12     -2 (VIOLATED)
clkbuf_leaf_6_clk/X                      10     12     -2 (VIOLATED)
clkbuf_leaf_78_clk/X                     10     12     -2 (VIOLATED)
_06486_/X                                10     11        (VIOLATED)
_06491_/X                                10     11        (VIOLATED)
_06501_/X                                10     11        (VIOLATED)
_12791_/Q                                10     11        (VIOLATED)
_12828_/Q                                10     11        (VIOLATED)
_12835_/Q                                10     11        (VIOLATED)
_12850_/Q                                10     11        (VIOLATED)
_12855_/Q                                10     11        (VIOLATED)
_12918_/Q                                10     11        (VIOLATED)
_12931_/Q                                10     11        (VIOLATED)
_12984_/Q                                10     11        (VIOLATED)
_13003_/Q                                10     11        (VIOLATED)
clkbuf_leaf_36_clk/X                     10     11        (VIOLATED)
clkbuf_leaf_56_clk/X                     10     11        (VIOLATED)
clkbuf_leaf_71_clk/X                     10     11        (VIOLATED)
clkbuf_leaf_75_clk/X                     10     11        (VIOLATED)
fanout188/X                              10     11        (VIOLATED)
fanout203/X                              10     11        (VIOLATED)
fanout208/X                              10     11        (VIOLATED)
fanout257/X                              10     11        (VIOLATED)
fanout263/X                              10     11        (VIOLATED)
fanout434/X                              10     11        (VIOLATED)
fanout518/X                              10     11        (VIOLATED)
fanout573/X                              10     11        (VIOLATED)
fanout596/X                              10     11        (VIOLATED)
fanout611/X                              10     11        (VIOLATED)
fanout616/X                              10     11        (VIOLATED)
fanout622/X                              10     11        (VIOLATED)
fanout637/X                              10     11        (VIOLATED)
fanout641/X                              10     11        (VIOLATED)
fanout694/X                              10     11        (VIOLATED)
input10/X                                10     11        (VIOLATED)
input11/X                                10     11        (VIOLATED)

max capacitance

Pin                                        Limit         Cap       Slack
------------------------------------------------------------------------
clkbuf_0_clk/X                          0.200000    0.201777   -0.001777 (VIOLATED)



===========================================================================
report_parasitic_annotation -report_unannotated
============================================================================
Found 131 unannotated drivers.
 MMU_696/HI
 MMU_697/HI
 MMU_698/HI
 MMU_699/HI
 MMU_700/HI
 MMU_701/HI
 MMU_702/HI
 MMU_703/HI
 MMU_704/HI
 MMU_705/HI
 MMU_706/HI
 MMU_707/HI
 MMU_708/HI
 MMU_709/HI
 MMU_710/HI
 MMU_711/HI
 MMU_712/HI
 MMU_713/HI
 MMU_714/HI
 MMU_715/HI
 MMU_716/HI
 MMU_717/HI
 MMU_718/HI
 MMU_719/HI
 MMU_720/HI
 MMU_721/HI
 MMU_722/HI
 MMU_723/HI
 MMU_724/HI
 MMU_725/HI
 MMU_726/HI
 MMU_727/HI
 MMU_728/HI
 MMU_729/HI
 MMU_730/HI
 MMU_731/HI
 MMU_732/HI
 MMU_733/HI
 MMU_734/HI
 MMU_735/HI
 MMU_736/HI
 MMU_737/HI
 MMU_738/HI
 MMU_739/HI
 MMU_740/HI
 MMU_741/HI
 MMU_742/HI
 MMU_743/HI
 MMU_744/HI
 MMU_745/HI
 MMU_746/HI
 MMU_747/HI
 clkload0/Y
 clkload1/Y
 clkload10/Y
 clkload11/Y
 clkload12/Y
 clkload13/Y
 clkload14/Y
 clkload15/X
 clkload16/Y
 clkload17/X
 clkload18/Y
 clkload19/Y
 clkload2/X
 clkload20/Y
 clkload21/Y
 clkload22/Y
 clkload23/Y
 clkload24/Y
 clkload25/Y
 clkload26/Y
 clkload27/Y
 clkload28/Y
 clkload29/Y
 clkload3/Y
 clkload30/X
 clkload31/Y
 clkload32/Y
 clkload33/Y
 clkload34/Y
 clkload35/Y
 clkload36/Y
 clkload37/Y
 clkload38/Y
 clkload39/Y
 clkload4/Y
 clkload40/Y
 clkload41/Y
 clkload42/Y
 clkload43/Y
 clkload44/Y
 clkload45/Y
 clkload46/Y
 clkload47/Y
 clkload48/Y
 clkload49/Y
 clkload5/Y
 clkload50/Y
 clkload51/Y
 clkload52/Y
 clkload53/Y
 clkload54/Y
 clkload55/Y
 clkload56/Y
 clkload57/Y
 clkload58/X
 clkload59/X
 clkload6/Y
 clkload60/Y
 clkload61/Y
 clkload62/Y
 clkload63/Y
 clkload64/Y
 clkload65/Y
 clkload66/Y
 clkload67/Y
 clkload68/Y
 clkload69/Y
 clkload7/Y
 clkload70/Y
 clkload71/Y
 clkload72/Y
 clkload73/Y
 clkload74/Y
 clkload75/Y
 clkload76/Y
 clkload77/X
 clkload78/Y
 clkload8/Y
 clkload9/Y
Found 0 partially unannotated drivers.

===========================================================================
max slew violation count 11
max fanout violation count 221
max cap violation count 1
============================================================================

===========================================================================
check_setup -verbose -unconstrained_endpoints -multiple_clock -no_clock -no_input_delay -loops -generated_clocks
===========================================================================
Warning: There are 52 unconstrained endpoints.
  acc_out[115]
  acc_out[116]
  acc_out[117]
  acc_out[118]
  acc_out[119]
  acc_out[120]
  acc_out[121]
  acc_out[122]
  acc_out[123]
  acc_out[124]
  acc_out[125]
  acc_out[126]
  acc_out[127]
  acc_out[19]
  acc_out[20]
  acc_out[21]
  acc_out[22]
  acc_out[23]
  acc_out[24]
  acc_out[25]
  acc_out[26]
  acc_out[27]
  acc_out[28]
  acc_out[29]
  acc_out[30]
  acc_out[31]
  acc_out[51]
  acc_out[52]
  acc_out[53]
  acc_out[54]
  acc_out[55]
  acc_out[56]
  acc_out[57]
  acc_out[58]
  acc_out[59]
  acc_out[60]
  acc_out[61]
  acc_out[62]
  acc_out[63]
  acc_out[83]
  acc_out[84]
  acc_out[85]
  acc_out[86]
  acc_out[87]
  acc_out[88]
  acc_out[89]
  acc_out[90]
  acc_out[91]
  acc_out[92]
  acc_out[93]
  acc_out[94]
  acc_out[95]
