Clock: clk
Sources: clk 
Generated: no
Virtual: yes
Propagated: no
Period: 20.000000

===========================================================================
report_clock_properties
============================================================================
Clock                   Period          Waveform
----------------------------------------------------
clk                  20.000000    0.000000 10.000000

===========================================================================
report_clock_latency
============================================================================
Clock clk
rise -> rise
    min     max
0.000000 0.000000 source latency
1.368789         network latency _13118_/CLK
        1.754126 network latency _13069_/CLK
---------------
1.368789 1.754126 latency
        0.385337 skew

fall -> fall
    min     max
0.000000 0.000000 source latency
1.117841         network latency _13118_/CLK
        1.475659 network latency _13069_/CLK
---------------
1.117841 1.475659 latency
        0.357818 skew



===========================================================================
report_clock_min_period
============================================================================
clk period_min = 13.03 fmax = 76.72
