
===========================================================================
 report_power
============================================================================
======================= max_ss_100C_1v60 Corner ===================================

Group                    Internal    Switching      Leakage        Total
                            Power        Power        Power        Power (Watts)
------------------------------------------------------------------------
Sequential           1.063379e-03 1.078515e-04 8.216069e-06 1.179446e-03  27.0%
Combinational        9.391987e-04 1.186543e-03 2.832165e-05 2.154063e-03  49.4%
Clock                5.169127e-04 5.125076e-04 1.829315e-06 1.031250e-03  23.6%
Macro                0.000000e+00 0.000000e+00 0.000000e+00 0.000000e+00   0.0%
Pad                  0.000000e+00 0.000000e+00 0.000000e+00 0.000000e+00   0.0%
------------------------------------------------------------------------
Total                2.519486e-03 1.806902e-03 3.836699e-05 4.364755e-03 100.0%
                            57.7%        41.4%         0.9%

