
===========================================================================
report_checks -unconstrained
===========================================================================
======================= nom_ss_100C_1v60 Corner ===================================

Startpoint: control (input port clocked by clk)
Endpoint: _13253_ (rising edge-triggered flip-flop clocked by clk)
Path Group: clk
Path Type: max

Fanout         Cap        Slew       Delay        Time   Description
---------------------------------------------------------------------------------------------
                                  0.000000    0.000000   clock clk (rise edge)
                                  0.000000    0.000000   clock network delay (propagated)
                                  4.000000    4.000000 ^ input external delay
     2    0.003932    0.039859    0.021756    4.021756 ^ control (in)
                                                         control (net)
                      0.039859    0.000000    4.021756 ^ input1/A (sky130_fd_sc_hd__clkbuf_4)
     7    0.082265    0.390248    0.466458    4.488214 ^ input1/X (sky130_fd_sc_hd__clkbuf_4)
                                                         net1 (net)
                      0.390275    0.002702    4.490917 ^ fanout695/A (sky130_fd_sc_hd__buf_4)
    15    0.118553    0.515159    0.664721    5.155638 ^ fanout695/X (sky130_fd_sc_hd__buf_4)
                                                         net695 (net)
                      0.515786    0.014944    5.170581 ^ fanout665/A (sky130_fd_sc_hd__clkbuf_4)
    21    0.060027    0.293670    0.609996    5.780578 ^ fanout665/X (sky130_fd_sc_hd__clkbuf_4)
                                                         net665 (net)
                      0.293670    0.000897    5.781475 ^ fanout664/A (sky130_fd_sc_hd__clkbuf_2)
    15    0.042911    0.365304    0.498583    6.280057 ^ fanout664/X (sky130_fd_sc_hd__clkbuf_2)
                                                         net664 (net)
                      0.365319    0.002802    6.282859 ^ fanout663/A (sky130_fd_sc_hd__clkbuf_2)
    10    0.029631    0.258291    0.451154    6.734014 ^ fanout663/X (sky130_fd_sc_hd__clkbuf_2)
                                                         net663 (net)
                      0.258291    0.000644    6.734658 ^ fanout662/A (sky130_fd_sc_hd__clkbuf_2)
    10    0.028374    0.247325    0.403353    7.138011 ^ fanout662/X (sky130_fd_sc_hd__clkbuf_2)
                                                         net662 (net)
                      0.247325    0.000675    7.138686 ^ _06485_/A_N (sky130_fd_sc_hd__and2b_1)
     4    0.026272    0.254855    0.600137    7.738823 v _06485_/X (sky130_fd_sc_hd__and2b_1)
                                                         _00016_ (net)
                      0.254855    0.000563    7.739386 v fanout585/A (sky130_fd_sc_hd__buf_2)
    21    0.056849    0.256941    0.503693    8.243079 v fanout585/X (sky130_fd_sc_hd__buf_2)
                                                         net585 (net)
                      0.256984    0.003258    8.246337 v _10026_/B2 (sky130_fd_sc_hd__a22o_1)
     2    0.008251    0.117058    0.481246    8.727583 v _10026_/X (sky130_fd_sc_hd__a22o_1)
                                                         _03757_ (net)
                      0.117058    0.000161    8.727744 v _10029_/B1 (sky130_fd_sc_hd__a22o_1)
     3    0.008060    0.115442    0.394366    9.122110 v _10029_/X (sky130_fd_sc_hd__a22o_1)
                                                         _03760_ (net)
                      0.115442    0.000163    9.122273 v _10030_/C (sky130_fd_sc_hd__and3_1)
     3    0.011732    0.144993    0.460592    9.582866 v _10030_/X (sky130_fd_sc_hd__and3_1)
                                                         _03761_ (net)
                      0.144993    0.000383    9.583248 v _10033_/B (sky130_fd_sc_hd__or3_1)
     3    0.009055    0.200185    0.911450   10.494698 v _10033_/X (sky130_fd_sc_hd__or3_1)
                                                         _03764_ (net)
                      0.200185    0.000130   10.494827 v _10036_/A1 (sky130_fd_sc_hd__a21bo_1)
     3    0.008942    0.110683    0.410942   10.905769 v _10036_/X (sky130_fd_sc_hd__a21bo_1)
                                                         _03767_ (net)
                      0.110683    0.000142   10.905911 v _10039_/A2 (sky130_fd_sc_hd__a21o_1)
     2    0.005726    0.083272    0.357946   11.263857 v _10039_/X (sky130_fd_sc_hd__a21o_1)
                                                         _03770_ (net)
                      0.083272    0.000108   11.263966 v _10040_/C (sky130_fd_sc_hd__and3_1)
     2    0.005096    0.090001    0.388616   11.652581 v _10040_/X (sky130_fd_sc_hd__and3_1)
                                                         _03771_ (net)
                      0.090001    0.000081   11.652662 v _10048_/B1 (sky130_fd_sc_hd__a31o_1)
     2    0.009467    0.121015    0.397830   12.050492 v _10048_/X (sky130_fd_sc_hd__a31o_1)
                                                         _03778_ (net)
                      0.121015    0.000311   12.050803 v _10083_/A1 (sky130_fd_sc_hd__a21bo_1)
     2    0.010110    0.120246    0.386376   12.437180 v _10083_/X (sky130_fd_sc_hd__a21bo_1)
                                                         _03812_ (net)
                      0.120246    0.000328   12.437508 v _10152_/A1 (sky130_fd_sc_hd__a21o_1)
     2    0.008673    0.105971    0.354129   12.791636 v _10152_/X (sky130_fd_sc_hd__a21o_1)
                                                         _03880_ (net)
                      0.105971    0.000221   12.791858 v _10158_/A2 (sky130_fd_sc_hd__a21o_1)
     4    0.018555    0.179307    0.447550   13.239408 v _10158_/X (sky130_fd_sc_hd__a21o_1)
                                                         _03885_ (net)
                      0.179307    0.000548   13.239956 v _10228_/A1 (sky130_fd_sc_hd__a211oi_1)
     2    0.007440    0.513511    0.556707   13.796663 ^ _10228_/Y (sky130_fd_sc_hd__a211oi_1)
                                                         _03954_ (net)
                      0.513511    0.000162   13.796824 ^ _10231_/C (sky130_fd_sc_hd__or4_1)
     2    0.010285    0.165568    0.420561   14.217386 ^ _10231_/X (sky130_fd_sc_hd__or4_1)
                                                         _03957_ (net)
                      0.165568    0.000350   14.217736 ^ _10268_/B1 (sky130_fd_sc_hd__o211ai_2)
     3    0.012757    0.232611    0.298487   14.516223 v _10268_/Y (sky130_fd_sc_hd__o211ai_2)
                                                         _03993_ (net)
                      0.232611    0.000555   14.516778 v _10272_/A3 (sky130_fd_sc_hd__a31o_1)
     3    0.009392    0.120351    0.515064   15.031843 v _10272_/X (sky130_fd_sc_hd__a31o_1)
                                                         _03996_ (net)
                      0.120351    0.000274   15.032117 v _10324_/A1 (sky130_fd_sc_hd__a21o_1)
     2    0.005174    0.079018    0.327695   15.359812 v _10324_/X (sky130_fd_sc_hd__a21o_1)
                                                         _04047_ (net)
                      0.079018    0.000085   15.359897 v _10325_/B (sky130_fd_sc_hd__and2_1)
     3    0.009343    0.120010    0.373255   15.733152 v _10325_/X (sky130_fd_sc_hd__and2_1)
                                                         _04048_ (net)
                      0.120010    0.000195   15.733348 v _10363_/A2 (sky130_fd_sc_hd__o31ai_1)
     2    0.006941    0.531592    0.561615   16.294962 ^ _10363_/Y (sky130_fd_sc_hd__o31ai_1)
                                                         _04084_ (net)
                      0.531592    0.000172   16.295135 ^ _10364_/B (sky130_fd_sc_hd__nor2_1)
     3    0.007899    0.153420    0.275135   16.570269 v _10364_/Y (sky130_fd_sc_hd__nor2_1)
                                                         _04085_ (net)
                      0.153420    0.000124   16.570393 v _10370_/B (sky130_fd_sc_hd__or3_1)
     1    0.002624    0.132513    0.814284   17.384678 v _10370_/X (sky130_fd_sc_hd__or3_1)
                                                         _04090_ (net)
                      0.132513    0.000078   17.384756 v _10372_/B (sky130_fd_sc_hd__and3_1)
     1    0.002990    0.072120    0.362059   17.746815 v _10372_/X (sky130_fd_sc_hd__and3_1)
                                                         _00387_ (net)
                      0.072120    0.000092   17.746906 v _13253_/D (sky130_fd_sc_hd__dfxtp_1)
                                             17.746906   data arrival time

                                 20.000000   20.000000   clock clk (rise edge)
                                  0.000000   20.000000   clock source latency
     2    0.060721    0.435506    0.305542   20.305542 ^ clk (in)
                                                         clk (net)
                      0.435616    0.000000   20.305542 ^ clkbuf_0_clk/A (sky130_fd_sc_hd__clkbuf_16)
    17    0.190467    0.301672    0.568544   20.874086 ^ clkbuf_0_clk/X (sky130_fd_sc_hd__clkbuf_16)
                                                         clknet_0_clk (net)
                      0.301826    0.006361   20.880447 ^ clkbuf_3_5__f_clk/A (sky130_fd_sc_hd__clkbuf_16)
    25    0.131324    0.220745    0.449989   21.330437 ^ clkbuf_3_5__f_clk/X (sky130_fd_sc_hd__clkbuf_16)
                                                         clknet_3_5__leaf_clk (net)
                      0.220825    0.004029   21.334465 ^ clkbuf_leaf_16_clk/A (sky130_fd_sc_hd__clkbuf_8)
     4    0.031671    0.109938    0.331509   21.665974 ^ clkbuf_leaf_16_clk/X (sky130_fd_sc_hd__clkbuf_8)
                                                         clknet_leaf_16_clk (net)
                      0.109944    0.000902   21.666878 ^ _13253_/CLK (sky130_fd_sc_hd__dfxtp_1)
                                 -0.250000   21.416878   clock uncertainty
                                  0.000000   21.416878   clock reconvergence pessimism
                                 -0.259101   21.157776   library setup time
                                             21.157776   data required time
---------------------------------------------------------------------------------------------
                                             21.157776   data required time
                                            -17.746906   data arrival time
---------------------------------------------------------------------------------------------
                                              3.410870   slack (MET)




===========================================================================
report_checks --slack_max -0.01
============================================================================
======================= nom_ss_100C_1v60 Corner ===================================

No paths found.


===========================================================================
 report_check_types -max_slew -max_cap -max_fanout -violators
============================================================================
======================= nom_ss_100C_1v60 Corner ===================================

max slew

Pin                                        Limit        Slew       Slack
------------------------------------------------------------------------
_09181_/Y                               0.750000    0.814704   -0.064704 (VIOLATED)
_09183_/B                               0.750000    0.814704   -0.064704 (VIOLATED)
_09184_/A1                              0.750000    0.814704   -0.064704 (VIOLATED)
max_cap150/A                            0.750000    0.814704   -0.064704 (VIOLATED)
_09822_/Y                               0.750000    0.795705   -0.045705 (VIOLATED)
_09825_/A1                              0.750000    0.795705   -0.045705 (VIOLATED)
max_cap147/A                            0.750000    0.795705   -0.045705 (VIOLATED)
_08772_/Y                               0.750000    0.794263   -0.044263 (VIOLATED)
_08774_/B                               0.750000    0.794263   -0.044263 (VIOLATED)
_08775_/A1                              0.750000    0.794263   -0.044263 (VIOLATED)
max_cap151/A                            0.750000    0.794263   -0.044263 (VIOLATED)

max fanout

Pin                                   Limit Fanout  Slack
---------------------------------------------------------
clkbuf_3_2__f_clk/X                      10     25    -15 (VIOLATED)
clkbuf_3_3__f_clk/X                      10     25    -15 (VIOLATED)
clkbuf_3_4__f_clk/X                      10     25    -15 (VIOLATED)
clkbuf_3_5__f_clk/X                      10     25    -15 (VIOLATED)
clkbuf_3_6__f_clk/X                      10     25    -15 (VIOLATED)
_06520_/X                                10     21    -11 (VIOLATED)
clkbuf_3_1__f_clk/X                      10     21    -11 (VIOLATED)
clkbuf_3_7__f_clk/X                      10     21    -11 (VIOLATED)
fanout159/X                              10     21    -11 (VIOLATED)
fanout160/X                              10     21    -11 (VIOLATED)
fanout162/X                              10     21    -11 (VIOLATED)
fanout182/X                              10     21    -11 (VIOLATED)
fanout215/X                              10     21    -11 (VIOLATED)
fanout218/X                              10     21    -11 (VIOLATED)
fanout221/X                              10     21    -11 (VIOLATED)
fanout256/X                              10     21    -11 (VIOLATED)
fanout272/X                              10     21    -11 (VIOLATED)
fanout282/X                              10     21    -11 (VIOLATED)
fanout284/X                              10     21    -11 (VIOLATED)
fanout286/X                              10     21    -11 (VIOLATED)
fanout288/X                              10     21    -11 (VIOLATED)
fanout290/X                              10     21    -11 (VIOLATED)
fanout313/X                              10     21    -11 (VIOLATED)
fanout315/X                              10     21    -11 (VIOLATED)
fanout318/X                              10     21    -11 (VIOLATED)
fanout330/X                              10     21    -11 (VIOLATED)
fanout333/X                              10     21    -11 (VIOLATED)
fanout339/X                              10     21    -11 (VIOLATED)
fanout344/X                              10     21    -11 (VIOLATED)
fanout353/X                              10     21    -11 (VIOLATED)
fanout367/X                              10     21    -11 (VIOLATED)
fanout372/X                              10     21    -11 (VIOLATED)
fanout377/X                              10     21    -11 (VIOLATED)
fanout378/X                              10     21    -11 (VIOLATED)
fanout388/X                              10     21    -11 (VIOLATED)
fanout390/X                              10     21    -11 (VIOLATED)
fanout392/X                              10     21    -11 (VIOLATED)
fanout402/X                              10     21    -11 (VIOLATED)
fanout407/X                              10     21    -11 (VIOLATED)
fanout411/X                              10     21    -11 (VIOLATED)
fanout412/X                              10     21    -11 (VIOLATED)
fanout416/X                              10     21    -11 (VIOLATED)
fanout418/X                              10     21    -11 (VIOLATED)
fanout420/X                              10     21    -11 (VIOLATED)
fanout451/X                              10     21    -11 (VIOLATED)
fanout457/X                              10     21    -11 (VIOLATED)
fanout458/X                              10     21    -11 (VIOLATED)
fanout459/X                              10     21    -11 (VIOLATED)
fanout468/X                              10     21    -11 (VIOLATED)
fanout488/X                              10     21    -11 (VIOLATED)
fanout493/X                              10     21    -11 (VIOLATED)
fanout495/X                              10     21    -11 (VIOLATED)
fanout498/X                              10     21    -11 (VIOLATED)
fanout504/X                              10     21    -11 (VIOLATED)
fanout506/X                              10     21    -11 (VIOLATED)
fanout508/X                              10     21    -11 (VIOLATED)
fanout513/X                              10     21    -11 (VIOLATED)
fanout519/X                              10     21    -11 (VIOLATED)
fanout524/X                              10     21    -11 (VIOLATED)
fanout530/X                              10     21    -11 (VIOLATED)
fanout534/X                              10     21    -11 (VIOLATED)
fanout546/X                              10     21    -11 (VIOLATED)
fanout547/X                              10     21    -11 (VIOLATED)
fanout549/X                              10     21    -11 (VIOLATED)
fanout559/X                              10     21    -11 (VIOLATED)
fanout561/X                              10     21    -11 (VIOLATED)
fanout563/X                              10     21    -11 (VIOLATED)
fanout566/X                              10     21    -11 (VIOLATED)
fanout569/X                              10     21    -11 (VIOLATED)
fanout578/X                              10     21    -11 (VIOLATED)
fanout579/X                              10     21    -11 (VIOLATED)
fanout585/X                              10     21    -11 (VIOLATED)
fanout590/X                              10     21    -11 (VIOLATED)
fanout591/X                              10     21    -11 (VIOLATED)
fanout592/X                              10     21    -11 (VIOLATED)
fanout593/X                              10     21    -11 (VIOLATED)
fanout594/X                              10     21    -11 (VIOLATED)
fanout595/X                              10     21    -11 (VIOLATED)
fanout601/X                              10     21    -11 (VIOLATED)
fanout603/X                              10     21    -11 (VIOLATED)
fanout609/X                              10     21    -11 (VIOLATED)
fanout612/X                              10     21    -11 (VIOLATED)
fanout613/X                              10     21    -11 (VIOLATED)
fanout615/X                              10     21    -11 (VIOLATED)
fanout618/X                              10     21    -11 (VIOLATED)
fanout620/X                              10     21    -11 (VIOLATED)
fanout623/X                              10     21    -11 (VIOLATED)
fanout624/X                              10     21    -11 (VIOLATED)
fanout627/X                              10     21    -11 (VIOLATED)
fanout630/X                              10     21    -11 (VIOLATED)
fanout631/X                              10     21    -11 (VIOLATED)
fanout635/X                              10     21    -11 (VIOLATED)
fanout636/X                              10     21    -11 (VIOLATED)
fanout645/X                              10     21    -11 (VIOLATED)
fanout646/X                              10     21    -11 (VIOLATED)
fanout650/X                              10     21    -11 (VIOLATED)
fanout658/X                              10     21    -11 (VIOLATED)
fanout665/X                              10     21    -11 (VIOLATED)
fanout668/X                              10     21    -11 (VIOLATED)
fanout672/X                              10     21    -11 (VIOLATED)
fanout674/X                              10     21    -11 (VIOLATED)
fanout683/X                              10     21    -11 (VIOLATED)
fanout684/X                              10     21    -11 (VIOLATED)
input33/X                                10     21    -11 (VIOLATED)
_06487_/X                                10     19     -9 (VIOLATED)
_06488_/X                                10     19     -9 (VIOLATED)
clkbuf_3_0__f_clk/X                      10     19     -9 (VIOLATED)
fanout181/X                              10     19     -9 (VIOLATED)
fanout186/X                              10     19     -9 (VIOLATED)
fanout190/X                              10     19     -9 (VIOLATED)
fanout289/X                              10     19     -9 (VIOLATED)
fanout310/X                              10     19     -9 (VIOLATED)
fanout312/X                              10     19     -9 (VIOLATED)
fanout369/X                              10     19     -9 (VIOLATED)
fanout395/X                              10     19     -9 (VIOLATED)
fanout399/X                              10     19     -9 (VIOLATED)
fanout599/X                              10     19     -9 (VIOLATED)
fanout614/X                              10     19     -9 (VIOLATED)
input19/X                                10     19     -9 (VIOLATED)
_06502_/X                                10     17     -7 (VIOLATED)
clkbuf_0_clk/X                           10     17     -7 (VIOLATED)
clkbuf_leaf_43_clk/X                     10     17     -7 (VIOLATED)
clkbuf_leaf_57_clk/X                     10     17     -7 (VIOLATED)
fanout179/X                              10     17     -7 (VIOLATED)
fanout184/X                              10     17     -7 (VIOLATED)
fanout194/X                              10     17     -7 (VIOLATED)
fanout196/X                              10     17     -7 (VIOLATED)
fanout200/X                              10     17     -7 (VIOLATED)
fanout205/X                              10     17     -7 (VIOLATED)
fanout212/X                              10     17     -7 (VIOLATED)
fanout255/X                              10     17     -7 (VIOLATED)
fanout287/X                              10     17     -7 (VIOLATED)
fanout364/X                              10     17     -7 (VIOLATED)
fanout425/X                              10     17     -7 (VIOLATED)
fanout440/X                              10     17     -7 (VIOLATED)
fanout575/X                              10     17     -7 (VIOLATED)
fanout605/X                              10     17     -7 (VIOLATED)
clkbuf_leaf_50_clk/X                     10     16     -6 (VIOLATED)
clkbuf_leaf_7_clk/X                      10     16     -6 (VIOLATED)
clkbuf_leaf_46_clk/X                     10     15     -5 (VIOLATED)
fanout158/X                              10     15     -5 (VIOLATED)
fanout192/X                              10     15     -5 (VIOLATED)
fanout198/X                              10     15     -5 (VIOLATED)
fanout253/X                              10     15     -5 (VIOLATED)
fanout415/X                              10     15     -5 (VIOLATED)
fanout475/X                              10     15     -5 (VIOLATED)
fanout477/X                              10     15     -5 (VIOLATED)
fanout501/X                              10     15     -5 (VIOLATED)
fanout516/X                              10     15     -5 (VIOLATED)
fanout533/X                              10     15     -5 (VIOLATED)
fanout550/X                              10     15     -5 (VIOLATED)
fanout577/X                              10     15     -5 (VIOLATED)
fanout659/X                              10     15     -5 (VIOLATED)
fanout664/X                              10     15     -5 (VIOLATED)
fanout669/X                              10     15     -5 (VIOLATED)
fanout691/X                              10     15     -5 (VIOLATED)
fanout695/X                              10     15     -5 (VIOLATED)
clkbuf_leaf_18_clk/X                     10     14     -4 (VIOLATED)
clkbuf_leaf_23_clk/X                     10     14     -4 (VIOLATED)
clkbuf_leaf_25_clk/X                     10     14     -4 (VIOLATED)
clkbuf_leaf_73_clk/X                     10     14     -4 (VIOLATED)
clkbuf_leaf_49_clk/X                     10     13     -3 (VIOLATED)
fanout210/X                              10     13     -3 (VIOLATED)
fanout285/X                              10     13     -3 (VIOLATED)
fanout427/X                              10     13     -3 (VIOLATED)
fanout430/X                              10     13     -3 (VIOLATED)
fanout432/X                              10     13     -3 (VIOLATED)
fanout481/X                              10     13     -3 (VIOLATED)
fanout511/X                              10     13     -3 (VIOLATED)
fanout523/X                              10     13     -3 (VIOLATED)
fanout525/X                              10     13     -3 (VIOLATED)
fanout565/X                              10     13     -3 (VIOLATED)
fanout570/X                              10     13     -3 (VIOLATED)
fanout597/X                              10     13     -3 (VIOLATED)
fanout600/X                              10     13     -3 (VIOLATED)
fanout610/X                              10     13     -3 (VIOLATED)
fanout625/X                              10     13     -3 (VIOLATED)
fanout626/X                              10     13     -3 (VIOLATED)
fanout634/X                              10     13     -3 (VIOLATED)
fanout643/X                              10     13     -3 (VIOLATED)
fanout647/X                              10     13     -3 (VIOLATED)
fanout660/X                              10     13     -3 (VIOLATED)
fanout679/X                              10     13     -3 (VIOLATED)
fanout680/X                              10     13     -3 (VIOLATED)
fanout688/X                              10     13     -3 (VIOLATED)
clkbuf_leaf_68_clk/X                     10     12     -2 (VIOLATED)
clkbuf_leaf_6_clk/X                      10     12     -2 (VIOLATED)
clkbuf_leaf_78_clk/X                     10     12     -2 (VIOLATED)
_06486_/X                                10     11        (VIOLATED)
_06491_/X                                10     11        (VIOLATED)
_06501_/X                                10     11        (VIOLATED)
_12791_/Q                                10     11        (VIOLATED)
_12828_/Q                                10     11        (VIOLATED)
_12835_/Q                                10     11        (VIOLATED)
_12850_/Q                                10     11        (VIOLATED)
_12855_/Q                                10     11        (VIOLATED)
_12918_/Q                                10     11        (VIOLATED)
_12931_/Q                                10     11        (VIOLATED)
_12984_/Q                                10     11        (VIOLATED)
_13003_/Q                                10     11        (VIOLATED)
clkbuf_leaf_36_clk/X                     10     11        (VIOLATED)
clkbuf_leaf_56_clk/X                     10     11        (VIOLATED)
clkbuf_leaf_71_clk/X                     10     11        (VIOLATED)
clkbuf_leaf_75_clk/X                     10     11        (VIOLATED)
fanout188/X                              10     11        (VIOLATED)
fanout203/X                              10     11        (VIOLATED)
fanout208/X                              10     11        (VIOLATED)
fanout257/X                              10     11        (VIOLATED)
fanout263/X                              10     11        (VIOLATED)
fanout434/X                              10     11        (VIOLATED)
fanout518/X                              10     11        (VIOLATED)
fanout573/X                              10     11        (VIOLATED)
fanout596/X                              10     11        (VIOLATED)
fanout611/X                              10     11        (VIOLATED)
fanout616/X                              10     11        (VIOLATED)
fanout622/X                              10     11        (VIOLATED)
fanout637/X                              10     11        (VIOLATED)
fanout641/X                              10     11        (VIOLATED)
fanout694/X                              10     11        (VIOLATED)
input10/X                                10     11        (VIOLATED)
input11/X                                10     11        (VIOLATED)



===========================================================================
report_parasitic_annotation -report_unannotated
============================================================================
Found 131 unannotated drivers.
 MMU_696/HI
 MMU_697/HI
 MMU_698/HI
 MMU_699/HI
 MMU_700/HI
 MMU_701/HI
 MMU_702/HI
 MMU_703/HI
 MMU_704/HI
 MMU_705/HI
 MMU_706/HI
 MMU_707/HI
 MMU_708/HI
 MMU_709/HI
 MMU_710/HI
 MMU_711/HI
 MMU_712/HI
 MMU_713/HI
 MMU_714/HI
 MMU_715/HI
 MMU_716/HI
 MMU_717/HI
 MMU_718/HI
 MMU_719/HI
 MMU_720/HI
 MMU_721/HI
 MMU_722/HI
 MMU_723/HI
 MMU_724/HI
 MMU_725/HI
 MMU_726/HI
 MMU_727/HI
 MMU_728/HI
 MMU_729/HI
 MMU_730/HI
 MMU_731/HI
 MMU_732/HI
 MMU_733/HI
 MMU_734/HI
 MMU_735/HI
 MMU_736/HI
 MMU_737/HI
 MMU_738/HI
 MMU_739/HI
 MMU_740/HI
 MMU_741/HI
 MMU_742/HI
 MMU_743/HI
 MMU_744/HI
 MMU_745/HI
 MMU_746/HI
 MMU_747/HI
 clkload0/Y
 clkload1/Y
 clkload10/Y
 clkload11/Y
 clkload12/Y
 clkload13/Y
 clkload14/Y
 clkload15/X
 clkload16/Y
 clkload17/X
 clkload18/Y
 clkload19/Y
 clkload2/X
 clkload20/Y
 clkload21/Y
 clkload22/Y
 clkload23/Y
 clkload24/Y
 clkload25/Y
 clkload26/Y
 clkload27/Y
 clkload28/Y
 clkload29/Y
 clkload3/Y
 clkload30/X
 clkload31/Y
 clkload32/Y
 clkload33/Y
 clkload34/Y
 clkload35/Y
 clkload36/Y
 clkload37/Y
 clkload38/Y
 clkload39/Y
 clkload4/Y
 clkload40/Y
 clkload41/Y
 clkload42/Y
 clkload43/Y
 clkload44/Y
 clkload45/Y
 clkload46/Y
 clkload47/Y
 clkload48/Y
 clkload49/Y
 clkload5/Y
 clkload50/Y
 clkload51/Y
 clkload52/Y
 clkload53/Y
 clkload54/Y
 clkload55/Y
 clkload56/Y
 clkload57/Y
 clkload58/X
 clkload59/X
 clkload6/Y
 clkload60/Y
 clkload61/Y
 clkload62/Y
 clkload63/Y
 clkload64/Y
 clkload65/Y
 clkload66/Y
 clkload67/Y
 clkload68/Y
 clkload69/Y
 clkload7/Y
 clkload70/Y
 clkload71/Y
 clkload72/Y
 clkload73/Y
 clkload74/Y
 clkload75/Y
 clkload76/Y
 clkload77/X
 clkload78/Y
 clkload8/Y
 clkload9/Y
Found 0 partially unannotated drivers.

===========================================================================
max slew violation count 11
max fanout violation count 221
max cap violation count 0
============================================================================

===========================================================================
check_setup -verbose -unconstrained_endpoints -multiple_clock -no_clock -no_input_delay -loops -generated_clocks
===========================================================================
Warning: There are 52 unconstrained endpoints.
  acc_out[115]
  acc_out[116]
  acc_out[117]
  acc_out[118]
  acc_out[119]
  acc_out[120]
  acc_out[121]
  acc_out[122]
  acc_out[123]
  acc_out[124]
  acc_out[125]
  acc_out[126]
  acc_out[127]
  acc_out[19]
  acc_out[20]
  acc_out[21]
  acc_out[22]
  acc_out[23]
  acc_out[24]
  acc_out[25]
  acc_out[26]
  acc_out[27]
  acc_out[28]
  acc_out[29]
  acc_out[30]
  acc_out[31]
  acc_out[51]
  acc_out[52]
  acc_out[53]
  acc_out[54]
  acc_out[55]
  acc_out[56]
  acc_out[57]
  acc_out[58]
  acc_out[59]
  acc_out[60]
  acc_out[61]
  acc_out[62]
  acc_out[63]
  acc_out[83]
  acc_out[84]
  acc_out[85]
  acc_out[86]
  acc_out[87]
  acc_out[88]
  acc_out[89]
  acc_out[90]
  acc_out[91]
  acc_out[92]
  acc_out[93]
  acc_out[94]
  acc_out[95]
