Clock: clk
Sources: clk 
Generated: no
Virtual: yes
Propagated: no
Period: 20.000000

===========================================================================
report_clock_properties
============================================================================
Clock                   Period          Waveform
----------------------------------------------------
clk                  20.000000    0.000000 10.000000

===========================================================================
report_clock_latency
============================================================================
Clock clk
rise -> rise
    min     max
0.000000 0.000000 source latency
1.319739         network latency _13118_/CLK
        1.693217 network latency _13069_/CLK
---------------
1.319739 1.693217 latency
        0.373478 skew

fall -> fall
    min     max
0.000000 0.000000 source latency
1.083448         network latency _13118_/CLK
        1.431443 network latency _13069_/CLK
---------------
1.083448 1.431443 latency
        0.347995 skew



===========================================================================
report_clock_min_period
============================================================================
clk period_min = 12.91 fmax = 77.48
