
===========================================================================
 report_power
============================================================================
======================= nom_ss_100C_1v60 Corner ===================================

Group                    Internal    Switching      Leakage        Total
                            Power        Power        Power        Power (Watts)
------------------------------------------------------------------------
Sequential           1.063452e-03 1.031034e-04 8.216069e-06 1.174771e-03  27.2%
Combinational        9.391451e-04 1.155594e-03 2.832165e-05 2.123061e-03  49.2%
Clock                5.170587e-04 4.981594e-04 1.829315e-06 1.017047e-03  23.6%
Macro                0.000000e+00 0.000000e+00 0.000000e+00 0.000000e+00   0.0%
Pad                  0.000000e+00 0.000000e+00 0.000000e+00 0.000000e+00   0.0%
------------------------------------------------------------------------
Total                2.519654e-03 1.756856e-03 3.836699e-05 4.314877e-03 100.0%
                            58.4%        40.7%         0.9%

