
===========================================================================
 report_power
============================================================================
======================= nom_ss_100C_1v60 Corner ===================================

Group                    Internal    Switching      Leakage        Total
                            Power        Power        Power        Power (Watts)
------------------------------------------------------------------------
Sequential           1.098251e-03 2.610602e-04 8.848159e-06 1.368160e-03  37.9%
Combinational        1.293692e-03 9.126281e-04 3.197899e-05 2.238299e-03  62.1%
Clock                0.000000e+00 0.000000e+00 0.000000e+00 0.000000e+00   0.0%
Macro                0.000000e+00 0.000000e+00 0.000000e+00 0.000000e+00   0.0%
Pad                  0.000000e+00 0.000000e+00 0.000000e+00 0.000000e+00   0.0%
------------------------------------------------------------------------
Total                2.391945e-03 1.173689e-03 4.082700e-05 3.606462e-03 100.0%
                            66.3%        32.5%         1.1%

