
===========================================================================
Violator List
============================================================================
[setup in-reg] control -> _13253_/D : -9.128000
[setup in-reg] control -> _13107_/D : -8.469632
[setup in-reg] control -> _13105_/D : -8.465417
[setup in-reg] control -> _13108_/D : -8.284154
[setup in-reg] control -> _13254_/D : -8.238009
[setup in-reg] control -> _13106_/D : -8.140562
[setup in-reg] control -> _13252_/D : -8.104902
[setup in-reg] control -> _13181_/D : -8.053987
[setup in-reg] control -> _13320_/D : -7.898546
[setup in-reg] control -> _13104_/D : -7.879754
[setup in-reg] control -> _13182_/D : -7.839347
[setup in-reg] control -> _13319_/D : -7.794014
[setup in-reg] control -> _13321_/D : -7.792169
[setup in-reg] control -> _13251_/D : -7.645566
[setup in-reg] control -> _13180_/D : -7.642353
[setup in-reg] control -> _13183_/D : -7.636789
[setup in-reg] control -> _13250_/D : -7.448499
[setup in-reg] control -> _13317_/D : -7.442340
[setup in-reg] control -> _13318_/D : -7.273840
[setup in-reg] control -> _13179_/D : -7.220065
[setup in-reg] control -> _13103_/D : -7.207899
[setup in-reg] control -> _13249_/D : -6.974050
[setup in-reg] control -> _13102_/D : -6.937539
[setup in-reg] control -> _13178_/D : -6.824808
[setup in-reg] control -> _13315_/D : -6.748412
[setup in-reg] control -> _13316_/D : -6.546803
[setup in-reg] control -> _13247_/D : -6.484508
[setup in-reg] control -> _13236_/D : -6.427440
[setup in-reg] control -> _13287_/D : -6.420367
[setup in-reg] control -> _13126_/D : -6.416718
[setup in-reg] control -> _13177_/D : -6.395798
[setup in-reg] control -> _13235_/D : -6.393632
[setup in-reg] control -> _13248_/D : -6.323676
[setup in-reg] control -> _13127_/D : -6.214133
[setup in-reg] control -> _13101_/D : -6.208270
[setup in-reg] control -> _13144_/D : -6.205969
[setup in-reg] control -> _13125_/D : -6.133906
[setup in-reg] control -> _13234_/D : -6.111144
[setup in-reg] control -> _13286_/D : -6.083551
[setup in-reg] control -> _13176_/D : -6.057109
[setup in-reg] control -> _13124_/D : -6.039889
[setup in-reg] control -> _13304_/D : -6.019617
[setup in-reg] control -> _13303_/D : -6.016348
[setup in-reg] control -> _13288_/D : -5.996588
[setup in-reg] control -> _13145_/D : -5.965435
[setup in-reg] control -> _13100_/D : -5.950838
[setup in-reg] control -> _13305_/D : -5.934813
[setup in-reg] control -> _13143_/D : -5.927642
[setup in-reg] control -> _13123_/D : -5.873291
[setup in-reg] control -> _13146_/D : -5.777906
[setup in-reg] control -> _13237_/D : -5.762480
[setup in-reg] control -> _13285_/D : -5.705189
[setup in-reg] control -> _13164_/D : -5.669563
[setup in-reg] control -> _13302_/D : -5.605125
[setup in-reg] control -> _13200_/D : -5.571146
[setup in-reg] control -> _13162_/D : -5.550096
[setup in-reg] control -> _13197_/D : -5.540375
[setup in-reg] control -> _13271_/D : -5.514544
[setup in-reg] control -> _13163_/D : -5.500944
[setup in-reg] control -> _13165_/D : -5.482070
[setup in-reg] control -> _13201_/D : -5.472295
[setup in-reg] control -> _13268_/D : -5.471088
[setup in-reg] control -> _13270_/D : -5.464632
[setup in-reg] control -> _13198_/D : -5.420544
[setup in-reg] control -> _13159_/D : -5.406244
[setup in-reg] control -> _13199_/D : -5.402724
[setup in-reg] control -> _13314_/D : -5.400626
[setup in-reg] control -> _13233_/D : -5.399885
[setup in-reg] control -> _13099_/D : -5.387268
[setup in-reg] control -> _13160_/D : -5.378807
[setup in-reg] control -> _13175_/D : -5.364797
[setup in-reg] control -> _13284_/D : -5.306511
[setup in-reg] control -> _13142_/D : -5.293691
[setup in-reg] control -> _13269_/D : -5.254373
[setup in-reg] control -> _13218_/D : -5.219810
[setup in-reg] control -> _13301_/D : -5.216776
[setup in-reg] control -> _13141_/D : -5.197746
[setup in-reg] control -> _13215_/D : -5.191607
[setup in-reg] control -> _13161_/D : -5.178611
[setup in-reg] control -> _13219_/D : -5.116631
[setup in-reg] control -> _13313_/D : -5.095870
[setup in-reg] control -> _13122_/D : -5.077659
[setup in-reg] control -> _13216_/D : -5.072446
[setup in-reg] control -> _13217_/D : -5.054536
[setup in-reg] control -> _13231_/D : -5.049788
[setup in-reg] control -> _13196_/D : -5.033089
[setup in-reg] control -> _13121_/D : -5.015979
[setup in-reg] control -> _13232_/D : -4.976750
[setup in-reg] control -> _13140_/D : -4.878732
[setup in-reg] control -> _13283_/D : -4.877501
[setup in-reg] control -> _13193_/D : -4.837681
[setup in-reg] control -> _13300_/D : -4.787767
[setup in-reg] control -> _13230_/D : -4.782083
[setup in-reg] control -> _13098_/D : -4.781334
[setup in-reg] control -> _13195_/D : -4.769876
[setup in-reg] control -> _13214_/D : -4.684301
[setup in-reg] control -> _13266_/D : -4.634341
[setup in-reg] control -> _13120_/D : -4.600801
[setup in-reg] control -> _13174_/D : -4.574090
[setup in-reg] control -> _13267_/D : -4.561560
[setup in-reg] control -> _13229_/D : -4.558469
[setup in-reg] control -> _13194_/D : -4.501297
[setup in-reg] control -> _13282_/D : -4.479373
[setup in-reg] control -> _13213_/D : -4.420821
[setup in-reg] control -> _13299_/D : -4.389641
[setup in-reg] control -> _13265_/D : -4.366637
[setup in-reg] control -> _13246_/D : -4.336524
[setup in-reg] control -> _13139_/D : -4.326845
[setup in-reg] control -> _13158_/D : -4.252111
[setup in-reg] control -> _13119_/D : -4.227266
[setup in-reg] control -> _13212_/D : -4.156947
[setup in-reg] control -> _13264_/D : -4.143154
[setup in-reg] control -> _13138_/D : -4.089568
[setup in-reg] control -> _13281_/D : -4.081352
[setup in-reg] control -> _13157_/D : -4.068759
[setup in-reg] control -> _13245_/D : -4.066013
[setup in-reg] control -> _13137_/D : -4.011106
[setup in-reg] control -> _13097_/D : -3.998617
[setup in-reg] control -> _13298_/D : -3.991620
[setup in-reg] control -> _13173_/D : -3.971586
[setup in-reg] control -> _13211_/D : -3.937675
[setup in-reg] control -> _13156_/D : -3.925029
[setup in-reg] control -> _13228_/D : -3.850957
[setup in-reg] control -> _13118_/D : -3.848989
[setup in-reg] control -> _13117_/D : -3.756945
[setup in-reg] control -> _13312_/D : -3.746729
[setup in-reg] control -> _13280_/D : -3.691072
[setup in-reg] control -> _13297_/D : -3.636506
[setup in-reg] control -> _13192_/D : -3.594380
[setup in-reg] control -> _13311_/D : -3.584711
[setup in-reg] control -> _13136_/D : -3.538165
[setup in-reg] control -> _13155_/D : -3.521366
[setup in-reg] control -> _13227_/D : -3.467902
[setup in-reg] control -> _13210_/D : -3.452936
[setup in-reg] control -> _13279_/D : -3.427401
[setup in-reg] control -> _13296_/D : -3.372874
[setup in-reg] control -> _13263_/D : -3.342962
[setup in-reg] control -> _13116_/D : -3.245869
[setup in-reg] control -> _13135_/D : -3.163780
[setup in-reg] control -> _13278_/D : -3.162224
[setup in-reg] control -> _13153_/D : -3.153675
[setup in-reg] control -> _13295_/D : -3.108253
[setup in-reg] control -> _13209_/D : -3.042251
[setup in-reg] control -> _13226_/D : -2.996114
[setup in-reg] control -> _13191_/D : -2.937096
[setup in-reg] control -> _13115_/D : -2.897131
[setup in-reg] control -> _13154_/D : -2.887244
[setup in-reg] control -> _13114_/D : -2.873476
[setup in-reg] control -> _13310_/D : -2.810627
[setup in-reg] control -> _13262_/D : -2.798714
[setup in-reg] control -> _13190_/D : -2.745976
[setup in-reg] control -> _13294_/D : -2.725301
[setup in-reg] control -> _13277_/D : -2.706329
[setup in-reg] control -> _13134_/D : -2.632929
[setup in-reg] control -> _13189_/D : -2.574430
[setup in-reg] control -> _13225_/D : -2.560519
[setup in-reg] control -> _13208_/D : -2.556942
[setup in-reg] control -> _13261_/D : -2.556942
[setup in-reg] control -> _13207_/D : -2.527381
[setup in-reg] control -> _13260_/D : -2.527381
[setup in-reg] control -> _13152_/D : -2.416775
[setup in-reg] control -> _13293_/D : -2.399929
[setup in-reg] control -> _13133_/D : -2.312641
[setup in-reg] control -> _13113_/D : -2.288473
[setup in-reg] control -> _13188_/D : -2.226919
[setup in-reg] control -> _13206_/D : -2.226919
[setup in-reg] control -> _13259_/D : -2.226919
[setup in-reg] control -> _13132_/D : -2.204141
[setup in-reg] control -> _13276_/D : -2.190216
[setup in-reg] control -> _13151_/D : -2.139179
[setup in-reg] control -> _13224_/D : -2.139179
[setup in-reg] control -> _13275_/D : -1.902947
[setup in-reg] control -> _13131_/D : -1.902926
[setup in-reg] control -> _13150_/D : -1.902926
[setup in-reg] control -> _13187_/D : -1.902926
[setup in-reg] control -> _13205_/D : -1.902926
[setup in-reg] control -> _13223_/D : -1.902926
[setup in-reg] control -> _13258_/D : -1.902926
[setup in-reg] control -> _13292_/D : -1.902857
[setup in-reg] control -> _13111_/D : -1.608562
[setup in-reg] control -> _13130_/D : -1.608562
[setup in-reg] control -> _13149_/D : -1.608562
[setup in-reg] control -> _13186_/D : -1.608562
[setup in-reg] control -> _13204_/D : -1.608562
[setup in-reg] control -> _13222_/D : -1.608562
[setup in-reg] control -> _13257_/D : -1.608562
[setup in-reg] control -> _13274_/D : -1.608562
[setup in-reg] control -> _13291_/D : -1.608562
[setup in-reg] control -> _13112_/D : -1.565226
[setup in-reg] control -> _13110_/D : -1.412181
[setup in-reg] control -> _13129_/D : -1.412181
[setup in-reg] control -> _13148_/D : -1.412181
[setup in-reg] control -> _13185_/D : -1.412181
[setup in-reg] control -> _13203_/D : -1.412181
[setup in-reg] control -> _13221_/D : -1.412181
[setup in-reg] control -> _13256_/D : -1.412181
[setup in-reg] control -> _13273_/D : -1.412181
[setup in-reg] control -> _13290_/D : -1.412181
[setup in-reg] control -> _13109_/D : -1.287422
[setup in-reg] control -> _13128_/D : -1.287422
[setup in-reg] control -> _13147_/D : -1.287422
[setup in-reg] control -> _13184_/D : -1.287422
[setup in-reg] control -> _13202_/D : -1.287422
[setup in-reg] control -> _13220_/D : -1.287422
[setup in-reg] control -> _13255_/D : -1.287422
[setup in-reg] control -> _13272_/D : -1.287422
[setup in-reg] control -> _13289_/D : -1.287422
[setup in-reg] control -> _12797_/D : -0.869836
[setup in-reg] control -> _12794_/D : -0.858121
[setup in-reg] control -> _12795_/D : -0.838041
[setup in-reg] control -> _13244_/D : -0.797053
[setup in-reg] control -> _12845_/D : -0.785471
[setup in-reg] control -> _12829_/D : -0.779218
[setup in-reg] control -> _12796_/D : -0.770161
[setup in-reg] control -> _12813_/D : -0.759856
[setup in-reg] control -> _13096_/D : -0.588530
[setup in-reg] control -> _13166_/D : -0.557199
[setup in-reg] control -> _13238_/D : -0.557190
[setup in-reg] control -> _13090_/D : -0.557186
[setup in-reg] control -> _13171_/D : -0.506716
[setup in-reg] control -> _13322_/D : -0.506716
[setup in-reg] control -> _13325_/D : -0.506716
[setup in-reg] control -> _13330_/D : -0.506716
[setup in-reg] control -> _13338_/D : -0.506716
[setup in-reg] control -> _13344_/D : -0.506716
[setup in-reg] control -> _13346_/D : -0.506716
[setup in-reg] control -> _13352_/D : -0.506716
[setup in-reg] control -> _13354_/D : -0.506716
[setup in-reg] control -> _13357_/D : -0.506716
[setup in-reg] control -> _13360_/D : -0.506716
[setup in-reg] control -> _13362_/D : -0.506716
[setup in-reg] control -> _12854_/D : -0.499238
[setup in-reg] control -> _12855_/D : -0.499238
[setup in-reg] control -> _12856_/D : -0.499238
[setup in-reg] control -> _12857_/D : -0.499238
[setup in-reg] control -> _12858_/D : -0.499238
[setup in-reg] control -> _12859_/D : -0.499238
[setup in-reg] control -> _12860_/D : -0.499238
[setup in-reg] control -> _12861_/D : -0.499238
[setup in-reg] control -> _12870_/D : -0.499238
[setup in-reg] control -> _12871_/D : -0.499238
[setup in-reg] control -> _12872_/D : -0.499238
[setup in-reg] control -> _12873_/D : -0.499238
[setup in-reg] control -> _12874_/D : -0.499238
[setup in-reg] control -> _12875_/D : -0.499238
[setup in-reg] control -> _12876_/D : -0.499238
[setup in-reg] control -> _12877_/D : -0.499238
[setup in-reg] control -> _12886_/D : -0.499238
[setup in-reg] control -> _12887_/D : -0.499238
[setup in-reg] control -> _12888_/D : -0.499238
[setup in-reg] control -> _12889_/D : -0.499238
[setup in-reg] control -> _12890_/D : -0.499238
[setup in-reg] control -> _12891_/D : -0.499238
[setup in-reg] control -> _12892_/D : -0.499238
[setup in-reg] control -> _12893_/D : -0.499238
[setup in-reg] control -> _12902_/D : -0.499238
[setup in-reg] control -> _12903_/D : -0.499238
[setup in-reg] control -> _12904_/D : -0.499238
[setup in-reg] control -> _12905_/D : -0.499238
[setup in-reg] control -> _12906_/D : -0.499238
[setup in-reg] control -> _12907_/D : -0.499238
[setup in-reg] control -> _12908_/D : -0.499238
[setup in-reg] control -> _12909_/D : -0.499238
[setup in-reg] control -> _12918_/D : -0.499238
[setup in-reg] control -> _12919_/D : -0.499238
[setup in-reg] control -> _12920_/D : -0.499238
[setup in-reg] control -> _12921_/D : -0.499238
[setup in-reg] control -> _12922_/D : -0.499238
[setup in-reg] control -> _12923_/D : -0.499238
[setup in-reg] control -> _12924_/D : -0.499238
[setup in-reg] control -> _12925_/D : -0.499238
[setup in-reg] control -> _12934_/D : -0.499238
[setup in-reg] control -> _12935_/D : -0.499238
[setup in-reg] control -> _12936_/D : -0.499238
[setup in-reg] control -> _12937_/D : -0.499238
[setup in-reg] control -> _12938_/D : -0.499238
[setup in-reg] control -> _12939_/D : -0.499238
[setup in-reg] control -> _12940_/D : -0.499238
[setup in-reg] control -> _12941_/D : -0.499238
[setup in-reg] control -> _12950_/D : -0.499238
[setup in-reg] control -> _12951_/D : -0.499238
[setup in-reg] control -> _12952_/D : -0.499238
[setup in-reg] control -> _12953_/D : -0.499238
[setup in-reg] control -> _12954_/D : -0.499238
[setup in-reg] control -> _12955_/D : -0.499238
[setup in-reg] control -> _12956_/D : -0.499238
[setup in-reg] control -> _12957_/D : -0.499238
[setup in-reg] control -> _12966_/D : -0.499238
[setup in-reg] control -> _12967_/D : -0.499238
[setup in-reg] control -> _12968_/D : -0.499238
[setup in-reg] control -> _12969_/D : -0.499238
[setup in-reg] control -> _12970_/D : -0.499238
[setup in-reg] control -> _12971_/D : -0.499238
[setup in-reg] control -> _12972_/D : -0.499238
[setup in-reg] control -> _12973_/D : -0.499238
[setup in-reg] control -> _13243_/D : -0.441775
[setup in-reg] control -> _13242_/D : -0.349273
[setup in-reg] control -> _13337_/D : -0.048372
[setup in-reg] control -> _13369_/D : -0.048372
