Net: net1
  Pin:   fanout637/A (sky130_fd_sc_hd__buf_2)
    Layer: mcon
      Partial area ratio:    0.18
      Required ratio:    3.00 (Gate area) 
      Cumulative area ratio:    0.18
      Required ratio:    0.00 (Cumulative area) 

    Layer: met1
      Partial area ratio:    8.25
      Required ratio:    0.00 (Gate area) 
      Cumulative area ratio:    8.25
      Required ratio:    0.00 (Cumulative area) 
      Partial area ratio:   39.42
      Required ratio:  400.00 (Side area) 
      Cumulative area ratio:   39.42
      Required ratio:    0.00 (Cumulative side area) 

    Layer: via
      Partial area ratio:    0.42
      Required ratio:    6.00 (Gate area) 
      Cumulative area ratio:    0.61
      Required ratio:    0.00 (Cumulative area) 

    Layer: met2
      Partial area ratio:    3.65
      Required ratio:    0.00 (Gate area) 
      Cumulative area ratio:   11.90
      Required ratio:    0.00 (Cumulative area) 
      Partial area ratio:   17.71
      Required ratio:  400.00 (Side area) 
      Cumulative area ratio:   57.13
      Required ratio:    0.00 (Cumulative side area) 

    Layer: via2
      Partial area ratio:    0.11
      Required ratio:    6.00 (Gate area) 
      Cumulative area ratio:    0.71
      Required ratio:    0.00 (Cumulative area) 

    Layer: met3
      Partial area ratio:    0.34
      Required ratio:    0.00 (Gate area) 
      Cumulative area ratio:   12.24
      Required ratio:    0.00 (Cumulative area) 
      Partial area ratio:    3.05
      Required ratio:  400.00 (Side area) 
      Cumulative area ratio:   60.19
      Required ratio:    0.00 (Cumulative side area) 

    Layer: via3
      Partial area ratio:    0.11
      Required ratio:    6.00 (Gate area) 
      Cumulative area ratio:    0.82
      Required ratio:    0.00 (Cumulative area) 

    Layer: met4
      Partial area ratio:   87.07
      Required ratio:    0.00 (Gate area) 
      Cumulative area ratio:   99.31
      Required ratio:    0.00 (Cumulative area) 
      Partial area ratio:  465.12
      Required ratio: 2918.08 (Side area) 
      Cumulative area ratio:  525.31
      Required ratio:    0.00 (Cumulative side area) 


  Pin:   fanout660/A (sky130_fd_sc_hd__clkbuf_4)
    Layer: mcon
      Partial area ratio:    0.14
      Required ratio:    3.00 (Gate area) 
      Cumulative area ratio:    0.14
      Required ratio:    0.00 (Cumulative area) 

    Layer: met1
      Partial area ratio:  128.09
      Required ratio:    0.00 (Gate area) 
      Cumulative area ratio:  128.09
      Required ratio:    0.00 (Cumulative area) 
      Partial area ratio:  639.15
      Required ratio:  400.00 (Side area) (VIOLATED)
      Cumulative area ratio:  639.15
      Required ratio:    0.00 (Cumulative side area) 

    Layer: via
      Partial area ratio:    0.21
      Required ratio:    6.00 (Gate area) 
      Cumulative area ratio:    0.35
      Required ratio:    0.00 (Cumulative area) 

    Layer: met2
      Partial area ratio:    3.65
      Required ratio:    0.00 (Gate area) 
      Cumulative area ratio:  131.74
      Required ratio:    0.00 (Cumulative area) 
      Partial area ratio:   17.71
      Required ratio:  400.00 (Side area) 
      Cumulative area ratio:  656.86
      Required ratio:    0.00 (Cumulative side area) 

    Layer: via2
      Partial area ratio:    0.11
      Required ratio:    6.00 (Gate area) 
      Cumulative area ratio:    0.45
      Required ratio:    0.00 (Cumulative area) 

    Layer: met3
      Partial area ratio:    0.34
      Required ratio:    0.00 (Gate area) 
      Cumulative area ratio:  132.08
      Required ratio:    0.00 (Cumulative area) 
      Partial area ratio:    3.05
      Required ratio:  400.00 (Side area) 
      Cumulative area ratio:  659.91
      Required ratio:    0.00 (Cumulative side area) 

    Layer: via3
      Partial area ratio:    0.11
      Required ratio:    6.00 (Gate area) 
      Cumulative area ratio:    0.56
      Required ratio:    0.00 (Cumulative area) 

    Layer: met4
      Partial area ratio:   87.07
      Required ratio:    0.00 (Gate area) 
      Cumulative area ratio:  219.15
      Required ratio:    0.00 (Cumulative area) 
      Partial area ratio:  465.12
      Required ratio: 2918.08 (Side area) 
      Cumulative area ratio: 1125.04
      Required ratio:    0.00 (Cumulative side area) 


  Pin:   fanout695/A (sky130_fd_sc_hd__buf_4)
    Layer: mcon
      Partial area ratio:    0.12
      Required ratio:    3.00 (Gate area) 
      Cumulative area ratio:    0.12
      Required ratio:    0.00 (Cumulative area) 

    Layer: met1
      Partial area ratio:   35.08
      Required ratio:    0.00 (Gate area) 
      Cumulative area ratio:   35.08
      Required ratio:    0.00 (Cumulative area) 
      Partial area ratio:  173.95
      Required ratio: 2918.08 (Side area) 
      Cumulative area ratio:  173.95
      Required ratio:    0.00 (Cumulative side area) 

    Layer: via
      Partial area ratio:    0.27
      Required ratio:   34.63 (Gate area) 
      Cumulative area ratio:    0.39
      Required ratio:    0.00 (Cumulative area) 

    Layer: met2
      Partial area ratio:    1.09
      Required ratio:    0.00 (Gate area) 
      Cumulative area ratio:   36.17
      Required ratio:    0.00 (Cumulative area) 
      Partial area ratio:    5.12
      Required ratio: 2918.08 (Side area) 
      Cumulative area ratio:  179.07
      Required ratio:    0.00 (Cumulative side area) 

    Layer: via2
      Partial area ratio:    0.16
      Required ratio:   34.63 (Gate area) 
      Cumulative area ratio:    0.55
      Required ratio:    0.00 (Cumulative area) 

    Layer: met3
      Partial area ratio:    0.50
      Required ratio:    0.00 (Gate area) 
      Cumulative area ratio:   36.68
      Required ratio:    0.00 (Cumulative area) 
      Partial area ratio:    4.59
      Required ratio: 2918.08 (Side area) 
      Cumulative area ratio:  183.66
      Required ratio:    0.00 (Cumulative side area) 

    Layer: via3
      Partial area ratio:    0.16
      Required ratio:   34.63 (Gate area) 
      Cumulative area ratio:    0.71
      Required ratio:    0.00 (Cumulative area) 

    Layer: met4
      Partial area ratio:   87.07
      Required ratio:    0.00 (Gate area) 
      Cumulative area ratio:  123.75
      Required ratio:    0.00 (Cumulative area) 
      Partial area ratio:  465.12
      Required ratio: 2918.08 (Side area) 
      Cumulative area ratio:  648.78
      Required ratio:    0.00 (Cumulative side area) 



Net: net611
  Pin:   _09962_/A1 (sky130_fd_sc_hd__a21oi_1)
    Layer: mcon
      Partial area ratio:    0.12
      Required ratio:    3.00 (Gate area) 
      Cumulative area ratio:    0.12
      Required ratio:    0.00 (Cumulative area) 

    Layer: met1
      Partial area ratio:    2.89
      Required ratio:    0.00 (Gate area) 
      Cumulative area ratio:    2.89
      Required ratio:    0.00 (Cumulative area) 
      Partial area ratio:   13.54
      Required ratio:  400.00 (Side area) 
      Cumulative area ratio:   13.54
      Required ratio:    0.00 (Cumulative side area) 

    Layer: via
      Partial area ratio:    0.17
      Required ratio:    6.00 (Gate area) 
      Cumulative area ratio:    0.28
      Required ratio:    0.00 (Cumulative area) 

    Layer: met2
      Partial area ratio:   18.52
      Required ratio:    0.00 (Gate area) 
      Cumulative area ratio:   21.41
      Required ratio:    0.00 (Cumulative area) 
      Partial area ratio:   91.88
      Required ratio: 2778.20 (Side area) 
      Cumulative area ratio:  105.42
      Required ratio:    0.00 (Cumulative side area) 


  Pin:   fanout600/A (sky130_fd_sc_hd__clkbuf_2)
    Layer: mcon
      Partial area ratio:    0.14
      Required ratio:    3.00 (Gate area) 
      Cumulative area ratio:    0.14
      Required ratio:    0.00 (Cumulative area) 

    Layer: met1
      Partial area ratio:    3.29
      Required ratio:    0.00 (Gate area) 
      Cumulative area ratio:    3.29
      Required ratio:    0.00 (Cumulative area) 
      Partial area ratio:   15.56
      Required ratio:  400.00 (Side area) 
      Cumulative area ratio:   15.56
      Required ratio:    0.00 (Cumulative side area) 

    Layer: via
      Partial area ratio:    0.21
      Required ratio:    6.00 (Gate area) 
      Cumulative area ratio:    0.35
      Required ratio:    0.00 (Cumulative area) 

    Layer: met2
      Partial area ratio:   18.52
      Required ratio:    0.00 (Gate area) 
      Cumulative area ratio:   21.81
      Required ratio:    0.00 (Cumulative area) 
      Partial area ratio:   91.88
      Required ratio: 2778.20 (Side area) 
      Cumulative area ratio:  107.44
      Required ratio:    0.00 (Cumulative side area) 


  Pin:   fanout603/A (sky130_fd_sc_hd__buf_2)
    Layer: mcon
      Partial area ratio:    0.18
      Required ratio:    3.00 (Gate area) 
      Cumulative area ratio:    0.18
      Required ratio:    0.00 (Cumulative area) 

    Layer: met1
      Partial area ratio:    2.89
      Required ratio:    0.00 (Gate area) 
      Cumulative area ratio:    2.89
      Required ratio:    0.00 (Cumulative area) 
      Partial area ratio:   13.54
      Required ratio:  400.00 (Side area) 
      Cumulative area ratio:   13.54
      Required ratio:    0.00 (Cumulative side area) 

    Layer: via
      Partial area ratio:    0.17
      Required ratio:    6.00 (Gate area) 
      Cumulative area ratio:    0.35
      Required ratio:    0.00 (Cumulative area) 

    Layer: met2
      Partial area ratio:   18.52
      Required ratio:    0.00 (Gate area) 
      Cumulative area ratio:   21.41
      Required ratio:    0.00 (Cumulative area) 
      Partial area ratio:   91.88
      Required ratio: 2778.20 (Side area) 
      Cumulative area ratio:  105.42
      Required ratio:    0.00 (Cumulative side area) 


  Pin:   fanout605/A (sky130_fd_sc_hd__buf_2)
    Layer: mcon
      Partial area ratio:    0.18
      Required ratio:    3.00 (Gate area) 
      Cumulative area ratio:    0.18
      Required ratio:    0.00 (Cumulative area) 

    Layer: met1
      Partial area ratio:   82.87
      Required ratio:    0.00 (Gate area) 
      Cumulative area ratio:   82.87
      Required ratio:    0.00 (Cumulative area) 
      Partial area ratio:  413.17
      Required ratio:  400.00 (Side area) (VIOLATED)
      Cumulative area ratio:  413.17
      Required ratio:    0.00 (Cumulative side area) 

    Layer: via
      Partial area ratio:    0.28
      Required ratio:    6.00 (Gate area) 
      Cumulative area ratio:    0.46
      Required ratio:    0.00 (Cumulative area) 

    Layer: met2
      Partial area ratio:   18.52
      Required ratio:    0.00 (Gate area) 
      Cumulative area ratio:  101.39
      Required ratio:    0.00 (Cumulative area) 
      Partial area ratio:   91.88
      Required ratio: 2778.20 (Side area) 
      Cumulative area ratio:  505.05
      Required ratio:    0.00 (Cumulative side area) 


  Pin:   fanout610/A (sky130_fd_sc_hd__clkbuf_2)
    Layer: mcon
      Partial area ratio:    0.14
      Required ratio:    3.00 (Gate area) 
      Cumulative area ratio:    0.14
      Required ratio:    0.00 (Cumulative area) 

    Layer: met1
      Partial area ratio:    3.96
      Required ratio:    0.00 (Gate area) 
      Cumulative area ratio:    3.96
      Required ratio:    0.00 (Cumulative area) 
      Partial area ratio:   18.91
      Required ratio:  400.00 (Side area) 
      Cumulative area ratio:   18.91
      Required ratio:    0.00 (Cumulative side area) 

    Layer: via
      Partial area ratio:    0.21
      Required ratio:    6.00 (Gate area) 
      Cumulative area ratio:    0.35
      Required ratio:    0.00 (Cumulative area) 

    Layer: met2
      Partial area ratio:   18.52
      Required ratio:    0.00 (Gate area) 
      Cumulative area ratio:   22.48
      Required ratio:    0.00 (Cumulative area) 
      Partial area ratio:   91.88
      Required ratio: 2778.20 (Side area) 
      Cumulative area ratio:  110.79
      Required ratio:    0.00 (Cumulative side area) 



Net: net695
  Pin:   _10553_/B1 (sky130_fd_sc_hd__a31o_1)
    Layer: mcon
      Partial area ratio:    0.12
      Required ratio:    3.00 (Gate area) 
      Cumulative area ratio:    0.12
      Required ratio:    0.00 (Cumulative area) 

    Layer: met1
      Partial area ratio:    2.63
      Required ratio:    0.00 (Gate area) 
      Cumulative area ratio:    2.63
      Required ratio:    0.00 (Cumulative area) 
      Partial area ratio:   12.41
      Required ratio:  400.00 (Side area) 
      Cumulative area ratio:   12.41
      Required ratio:    0.00 (Cumulative side area) 

    Layer: via
      Partial area ratio:    0.18
      Required ratio:    6.00 (Gate area) 
      Cumulative area ratio:    0.30
      Required ratio:    0.00 (Cumulative area) 

    Layer: met2
      Partial area ratio:   17.83
      Required ratio:    0.00 (Gate area) 
      Cumulative area ratio:   20.46
      Required ratio:    0.00 (Cumulative area) 
      Partial area ratio:   88.46
      Required ratio: 2956.40 (Side area) 
      Cumulative area ratio:  100.87
      Required ratio:    0.00 (Cumulative side area) 

    Layer: via2
      Partial area ratio:    0.03
      Required ratio:   38.08 (Gate area) 
      Cumulative area ratio:    0.33
      Required ratio:    0.00 (Cumulative area) 

    Layer: met3
      Partial area ratio:   19.07
      Required ratio:    0.00 (Gate area) 
      Cumulative area ratio:   39.53
      Required ratio:    0.00 (Cumulative area) 
      Partial area ratio:  102.03
      Required ratio: 2956.40 (Side area) 
      Cumulative area ratio:  202.89
      Required ratio:    0.00 (Cumulative side area) 


  Pin:   fanout665/A (sky130_fd_sc_hd__clkbuf_4)
    Layer: mcon
      Partial area ratio:    0.14
      Required ratio:    3.00 (Gate area) 
      Cumulative area ratio:    0.14
      Required ratio:    0.00 (Cumulative area) 

    Layer: met1
      Partial area ratio:    1.53
      Required ratio:    0.00 (Gate area) 
      Cumulative area ratio:    1.53
      Required ratio:    0.00 (Cumulative area) 
      Partial area ratio:    7.02
      Required ratio:  400.00 (Side area) 
      Cumulative area ratio:    7.02
      Required ratio:    0.00 (Cumulative side area) 

    Layer: via
      Partial area ratio:    0.17
      Required ratio:    6.00 (Gate area) 
      Cumulative area ratio:    0.30
      Required ratio:    0.00 (Cumulative area) 

    Layer: met2
      Partial area ratio:   17.83
      Required ratio:    0.00 (Gate area) 
      Cumulative area ratio:   19.36
      Required ratio:    0.00 (Cumulative area) 
      Partial area ratio:   88.46
      Required ratio: 2956.40 (Side area) 
      Cumulative area ratio:   95.47
      Required ratio:    0.00 (Cumulative side area) 

    Layer: via2
      Partial area ratio:    0.03
      Required ratio:   38.08 (Gate area) 
      Cumulative area ratio:    0.34
      Required ratio:    0.00 (Cumulative area) 

    Layer: met3
      Partial area ratio:   19.07
      Required ratio:    0.00 (Gate area) 
      Cumulative area ratio:   38.43
      Required ratio:    0.00 (Cumulative area) 
      Partial area ratio:  102.03
      Required ratio: 2956.40 (Side area) 
      Cumulative area ratio:  197.50
      Required ratio:    0.00 (Cumulative side area) 


  Pin:   fanout669/A (sky130_fd_sc_hd__buf_2)
    Layer: mcon
      Partial area ratio:    0.18
      Required ratio:    3.00 (Gate area) 
      Cumulative area ratio:    0.18
      Required ratio:    0.00 (Cumulative area) 

    Layer: met1
      Partial area ratio:  105.44
      Required ratio:    0.00 (Gate area) 
      Cumulative area ratio:  105.44
      Required ratio:    0.00 (Cumulative area) 
      Partial area ratio:  524.67
      Required ratio:  400.00 (Side area) (VIOLATED)
      Cumulative area ratio:  524.67
      Required ratio:    0.00 (Cumulative side area) 

    Layer: via
      Partial area ratio:    0.57
      Required ratio:    6.00 (Gate area) 
      Cumulative area ratio:    0.75
      Required ratio:    0.00 (Cumulative area) 

    Layer: met2
      Partial area ratio:   17.83
      Required ratio:    0.00 (Gate area) 
      Cumulative area ratio:  123.27
      Required ratio:    0.00 (Cumulative area) 
      Partial area ratio:   88.46
      Required ratio: 2956.40 (Side area) 
      Cumulative area ratio:  613.13
      Required ratio:    0.00 (Cumulative side area) 

    Layer: via2
      Partial area ratio:    0.03
      Required ratio:   38.08 (Gate area) 
      Cumulative area ratio:    0.78
      Required ratio:    0.00 (Cumulative area) 

    Layer: met3
      Partial area ratio:   19.07
      Required ratio:    0.00 (Gate area) 
      Cumulative area ratio:  142.34
      Required ratio:    0.00 (Cumulative area) 
      Partial area ratio:  102.03
      Required ratio: 2956.40 (Side area) 
      Cumulative area ratio:  715.16
      Required ratio:    0.00 (Cumulative side area) 


  Pin:   fanout680/A (sky130_fd_sc_hd__clkbuf_4)
    Layer: mcon
      Partial area ratio:    0.14
      Required ratio:    3.00 (Gate area) 
      Cumulative area ratio:    0.14
      Required ratio:    0.00 (Cumulative area) 

    Layer: met1
      Partial area ratio:   33.95
      Required ratio:    0.00 (Gate area) 
      Cumulative area ratio:   33.95
      Required ratio:    0.00 (Cumulative area) 
      Partial area ratio:  168.07
      Required ratio: 2956.40 (Side area) 
      Cumulative area ratio:  168.07
      Required ratio:    0.00 (Cumulative side area) 

    Layer: via
      Partial area ratio:    0.32
      Required ratio:   38.08 (Gate area) 
      Cumulative area ratio:    0.45
      Required ratio:    0.00 (Cumulative area) 

    Layer: met2
      Partial area ratio:   17.83
      Required ratio:    0.00 (Gate area) 
      Cumulative area ratio:   51.79
      Required ratio:    0.00 (Cumulative area) 
      Partial area ratio:   88.46
      Required ratio: 2956.40 (Side area) 
      Cumulative area ratio:  256.52
      Required ratio:    0.00 (Cumulative side area) 

    Layer: via2
      Partial area ratio:    0.03
      Required ratio:   38.08 (Gate area) 
      Cumulative area ratio:    0.48
      Required ratio:    0.00 (Cumulative area) 

    Layer: met3
      Partial area ratio:   19.07
      Required ratio:    0.00 (Gate area) 
      Cumulative area ratio:   70.85
      Required ratio:    0.00 (Cumulative area) 
      Partial area ratio:  102.03
      Required ratio: 2956.40 (Side area) 
      Cumulative area ratio:  358.55
      Required ratio:    0.00 (Cumulative side area) 


  Pin:   fanout683/A (sky130_fd_sc_hd__clkbuf_4)
    Layer: mcon
      Partial area ratio:    0.14
      Required ratio:    3.00 (Gate area) 
      Cumulative area ratio:    0.14
      Required ratio:    0.00 (Cumulative area) 

    Layer: met1
      Partial area ratio:    6.41
      Required ratio:    0.00 (Gate area) 
      Cumulative area ratio:    6.41
      Required ratio:    0.00 (Cumulative area) 
      Partial area ratio:   30.58
      Required ratio:  400.00 (Side area) 
      Cumulative area ratio:   30.58
      Required ratio:    0.00 (Cumulative side area) 

    Layer: via
      Partial area ratio:    0.32
      Required ratio:    6.00 (Gate area) 
      Cumulative area ratio:    0.45
      Required ratio:    0.00 (Cumulative area) 

    Layer: met2
      Partial area ratio:   17.83
      Required ratio:    0.00 (Gate area) 
      Cumulative area ratio:   24.24
      Required ratio:    0.00 (Cumulative area) 
      Partial area ratio:   88.46
      Required ratio: 2956.40 (Side area) 
      Cumulative area ratio:  119.04
      Required ratio:    0.00 (Cumulative side area) 

    Layer: via2
      Partial area ratio:    0.03
      Required ratio:   38.08 (Gate area) 
      Cumulative area ratio:    0.48
      Required ratio:    0.00 (Cumulative area) 

    Layer: met3
      Partial area ratio:   19.07
      Required ratio:    0.00 (Gate area) 
      Cumulative area ratio:   43.31
      Required ratio:    0.00 (Cumulative area) 
      Partial area ratio:  102.03
      Required ratio: 2956.40 (Side area) 
      Cumulative area ratio:  221.07
      Required ratio:    0.00 (Cumulative side area) 


  Pin:   fanout688/A (sky130_fd_sc_hd__buf_2)
    Layer: mcon
      Partial area ratio:    0.18
      Required ratio:    3.00 (Gate area) 
      Cumulative area ratio:    0.18
      Required ratio:    0.00 (Cumulative area) 

    Layer: met1
      Partial area ratio:    2.80
      Required ratio:    0.00 (Gate area) 
      Cumulative area ratio:    2.80
      Required ratio:    0.00 (Cumulative area) 
      Partial area ratio:   13.41
      Required ratio:  400.00 (Side area) 
      Cumulative area ratio:   13.41
      Required ratio:    0.00 (Cumulative side area) 

    Layer: via
      Partial area ratio:    0.17
      Required ratio:    6.00 (Gate area) 
      Cumulative area ratio:    0.35
      Required ratio:    0.00 (Cumulative area) 

    Layer: met2
      Partial area ratio:    0.70
      Required ratio:    0.00 (Gate area) 
      Cumulative area ratio:    3.50
      Required ratio:    0.00 (Cumulative area) 
      Partial area ratio:    2.96
      Required ratio:  400.00 (Side area) 
      Cumulative area ratio:   16.37
      Required ratio:    0.00 (Cumulative side area) 

    Layer: via2
      Partial area ratio:    0.25
      Required ratio:    6.00 (Gate area) 
      Cumulative area ratio:    0.61
      Required ratio:    0.00 (Cumulative area) 

    Layer: met3
      Partial area ratio:   19.07
      Required ratio:    0.00 (Gate area) 
      Cumulative area ratio:   22.57
      Required ratio:    0.00 (Cumulative area) 
      Partial area ratio:  102.03
      Required ratio: 2956.40 (Side area) 
      Cumulative area ratio:  118.40
      Required ratio:    0.00 (Cumulative side area) 


  Pin:   fanout694/A (sky130_fd_sc_hd__clkbuf_2)
    Layer: mcon
      Partial area ratio:    0.14
      Required ratio:    3.00 (Gate area) 
      Cumulative area ratio:    0.14
      Required ratio:    0.00 (Cumulative area) 

    Layer: met1
      Partial area ratio:   82.52
      Required ratio:    0.00 (Gate area) 
      Cumulative area ratio:   82.52
      Required ratio:    0.00 (Cumulative area) 
      Partial area ratio:  411.75
      Required ratio:  400.00 (Side area) (VIOLATED)
      Cumulative area ratio:  411.75
      Required ratio:    0.00 (Cumulative side area) 

    Layer: via
      Partial area ratio:    0.21
      Required ratio:    6.00 (Gate area) 
      Cumulative area ratio:    0.35
      Required ratio:    0.00 (Cumulative area) 

    Layer: met2
      Partial area ratio:   17.83
      Required ratio:    0.00 (Gate area) 
      Cumulative area ratio:  100.36
      Required ratio:    0.00 (Cumulative area) 
      Partial area ratio:   88.46
      Required ratio: 2956.40 (Side area) 
      Cumulative area ratio:  500.21
      Required ratio:    0.00 (Cumulative side area) 

    Layer: via2
      Partial area ratio:    0.03
      Required ratio:   38.08 (Gate area) 
      Cumulative area ratio:    0.38
      Required ratio:    0.00 (Cumulative area) 

    Layer: met3
      Partial area ratio:   19.07
      Required ratio:    0.00 (Gate area) 
      Cumulative area ratio:  119.43
      Required ratio:    0.00 (Cumulative area) 
      Partial area ratio:  102.03
      Required ratio: 2956.40 (Side area) 
      Cumulative area ratio:  602.24
      Required ratio:    0.00 (Cumulative side area) 



[INFO ANT-0002] Found 3 net violations.
[INFO ANT-0001] Found 4 pin violations.
