Reading OpenROAD database at '/foss/designs/196/systolic_array_4x4_test/librelane/runs/RUN_2026-09-02_05-27-52/36-openroad-resizertimingpostcts/MMU.odb'…
Reading library file at '/foss/pdks/sky130A/libs.ref/sky130_fd_sc_hd/lib/sky130_fd_sc_hd__tt_025C_1v80.lib'…
Reading design constraints file at '/usr/local/lib/python3.12/dist-packages/librelane/scripts/base.sdc'…
[INFO] Using clock clk…
[INFO] Setting output delay to: 4
[INFO] Setting input delay to: 4
[INFO] Setting load to: 0.033442
[INFO] Setting clock uncertainty to: 0.25
[INFO] Setting clock transition to: 0.1499999999999999944488848768742172978818416595458984375
[INFO] Setting timing derate to: 5%
[INFO] Setting signal min routing layer to: met1 and clock min routing layer to met1. 
[INFO] Setting signal max routing layer to: met5 and clock max routing layer to met5. 
-congestion_iterations 50 -verbose
[INFO GRT-0020] Min routing layer: met1
[INFO GRT-0021] Max routing layer: met5
[INFO GRT-0022] Global adjustment: 30%
[INFO GRT-0023] Grid origin: (0, 0)
[INFO GRT-0043] No OR_DEFAULT vias defined.
[INFO GRT-0088] Layer li1     Track-Pitch = 0.4600  line-2-Via Pitch: 0.3400
[INFO GRT-0088] Layer met1    Track-Pitch = 0.3400  line-2-Via Pitch: 0.3400
[INFO GRT-0088] Layer met2    Track-Pitch = 0.4600  line-2-Via Pitch: 0.3500
[INFO GRT-0088] Layer met3    Track-Pitch = 0.6800  line-2-Via Pitch: 0.6150
[INFO GRT-0088] Layer met4    Track-Pitch = 0.9200  line-2-Via Pitch: 1.0400
[INFO GRT-0088] Layer met5    Track-Pitch = 3.4000  line-2-Via Pitch: 3.1100
[INFO GRT-0019] Found 92 clock nets.
[INFO GRT-0001] Minimum degree: 2
[INFO GRT-0002] Maximum degree: 18
[INFO GRT-0003] Macros: 0
[INFO GRT-0043] No OR_DEFAULT vias defined.
[INFO GRT-0004] Blockages: 8235

[INFO GRT-0053] Routing resources analysis:
          Routing      Original      Derated      Resource
Layer     Direction    Resources     Resources    Reduction (%)
---------------------------------------------------------------
li1        Vertical            0             0          0.00%
met1       Horizontal      66898         32608          51.26%
met2       Vertical        49721         32471          34.69%
met3       Horizontal      33449         22885          31.58%
met4       Vertical        19958         12448          37.63%
met5       Horizontal       6667          3136          52.96%
---------------------------------------------------------------

[INFO GRT-0101] Running extra iterations to remove overflow.
[INFO GRT-0197] Via related to pin nodes: 38637
[INFO GRT-0198] Via related Steiner nodes: 439
[INFO GRT-0199] Via filling finished.
[INFO GRT-0111] Final number of vias: 46987
[INFO GRT-0112] Final usage 3D: 162942

[INFO GRT-0096] Final congestion report:
Layer         Resource        Demand        Usage (%)    Max H / Max V / Total Overflow
---------------------------------------------------------------------------------------
li1                  0             0            0.00%             0 /  0 /  0
met1             32608         11658           35.75%             0 /  0 /  0
met2             32471          9727           29.96%             0 /  0 /  0
met3             22885           506            2.21%             0 /  0 /  0
met4             12448            90            0.72%             0 /  0 /  0
met5              3136             0            0.00%             0 /  0 /  0
---------------------------------------------------------------------------------------
Total           103548         21981           21.23%             0 /  0 /  0

[INFO GRT-0018] Total wirelength: 253782 um
[INFO GRT-0014] Routed nets: 7981
%OL_CREATE_REPORT antenna.rpt
[INFO GRT-0043] No OR_DEFAULT vias defined.
Net: net1
  Pin:   fanout637/A (sky130_fd_sc_hd__buf_2)
    Layer: mcon
      Partial area ratio:    0.18
      Required ratio:    3.00 (Gate area) 
      Cumulative area ratio:    0.18
      Required ratio:    0.00 (Cumulative area) 

    Layer: met1
      Partial area ratio:    8.25
      Required ratio:    0.00 (Gate area) 
      Cumulative area ratio:    8.25
      Required ratio:    0.00 (Cumulative area) 
      Partial area ratio:   39.42
      Required ratio:  400.00 (Side area) 
      Cumulative area ratio:   39.42
      Required ratio:    0.00 (Cumulative side area) 

    Layer: via
      Partial area ratio:    0.42
      Required ratio:    6.00 (Gate area) 
      Cumulative area ratio:    0.61
      Required ratio:    0.00 (Cumulative area) 

    Layer: met2
      Partial area ratio:    3.65
      Required ratio:    0.00 (Gate area) 
      Cumulative area ratio:   11.90
      Required ratio:    0.00 (Cumulative area) 
      Partial area ratio:   17.71
      Required ratio:  400.00 (Side area) 
      Cumulative area ratio:   57.13
      Required ratio:    0.00 (Cumulative side area) 

    Layer: via2
      Partial area ratio:    0.11
      Required ratio:    6.00 (Gate area) 
      Cumulative area ratio:    0.71
      Required ratio:    0.00 (Cumulative area) 

    Layer: met3
      Partial area ratio:    0.34
      Required ratio:    0.00 (Gate area) 
      Cumulative area ratio:   12.24
      Required ratio:    0.00 (Cumulative area) 
      Partial area ratio:    3.05
      Required ratio:  400.00 (Side area) 
      Cumulative area ratio:   60.19
      Required ratio:    0.00 (Cumulative side area) 

    Layer: via3
      Partial area ratio:    0.11
      Required ratio:    6.00 (Gate area) 
      Cumulative area ratio:    0.82
      Required ratio:    0.00 (Cumulative area) 

    Layer: met4
      Partial area ratio:   87.07
      Required ratio:    0.00 (Gate area) 
      Cumulative area ratio:   99.31
      Required ratio:    0.00 (Cumulative area) 
      Partial area ratio:  465.12
      Required ratio: 2918.08 (Side area) 
      Cumulative area ratio:  525.31
      Required ratio:    0.00 (Cumulative side area) 


  Pin:   fanout660/A (sky130_fd_sc_hd__clkbuf_4)
    Layer: mcon
      Partial area ratio:    0.14
      Required ratio:    3.00 (Gate area) 
      Cumulative area ratio:    0.14
      Required ratio:    0.00 (Cumulative area) 

    Layer: met1
      Partial area ratio:  128.09
      Required ratio:    0.00 (Gate area) 
      Cumulative area ratio:  128.09
      Required ratio:    0.00 (Cumulative area) 
      Partial area ratio:  639.15
      Required ratio:  400.00 (Side area) (VIOLATED)
      Cumulative area ratio:  639.15
      Required ratio:    0.00 (Cumulative side area) 

    Layer: via
      Partial area ratio:    0.21
      Required ratio:    6.00 (Gate area) 
      Cumulative area ratio:    0.35
      Required ratio:    0.00 (Cumulative area) 

    Layer: met2
      Partial area ratio:    3.65
      Required ratio:    0.00 (Gate area) 
      Cumulative area ratio:  131.74
      Required ratio:    0.00 (Cumulative area) 
      Partial area ratio:   17.71
      Required ratio:  400.00 (Side area) 
      Cumulative area ratio:  656.86
      Required ratio:    0.00 (Cumulative side area) 

    Layer: via2
      Partial area ratio:    0.11
      Required ratio:    6.00 (Gate area) 
      Cumulative area ratio:    0.45
      Required ratio:    0.00 (Cumulative area) 

    Layer: met3
      Partial area ratio:    0.34
      Required ratio:    0.00 (Gate area) 
      Cumulative area ratio:  132.08
      Required ratio:    0.00 (Cumulative area) 
      Partial area ratio:    3.05
      Required ratio:  400.00 (Side area) 
      Cumulative area ratio:  659.91
      Required ratio:    0.00 (Cumulative side area) 

    Layer: via3
      Partial area ratio:    0.11
      Required ratio:    6.00 (Gate area) 
      Cumulative area ratio:    0.56
      Required ratio:    0.00 (Cumulative area) 

    Layer: met4
      Partial area ratio:   87.07
      Required ratio:    0.00 (Gate area) 
      Cumulative area ratio:  219.15
      Required ratio:    0.00 (Cumulative area) 
      Partial area ratio:  465.12
      Required ratio: 2918.08 (Side area) 
      Cumulative area ratio: 1125.04
      Required ratio:    0.00 (Cumulative side area) 


  Pin:   fanout695/A (sky130_fd_sc_hd__buf_4)
    Layer: mcon
      Partial area ratio:    0.12
      Required ratio:    3.00 (Gate area) 
      Cumulative area ratio:    0.12
      Required ratio:    0.00 (Cumulative area) 

    Layer: met1
      Partial area ratio:   35.08
      Required ratio:    0.00 (Gate area) 
      Cumulative area ratio:   35.08
      Required ratio:    0.00 (Cumulative area) 
      Partial area ratio:  173.95
      Required ratio: 2918.08 (Side area) 
      Cumulative area ratio:  173.95
      Required ratio:    0.00 (Cumulative side area) 

    Layer: via
      Partial area ratio:    0.27
      Required ratio:   34.63 (Gate area) 
      Cumulative area ratio:    0.39
      Required ratio:    0.00 (Cumulative area) 

    Layer: met2
      Partial area ratio:    1.09
      Required ratio:    0.00 (Gate area) 
      Cumulative area ratio:   36.17
      Required ratio:    0.00 (Cumulative area) 
      Partial area ratio:    5.12
      Required ratio: 2918.08 (Side area) 
      Cumulative area ratio:  179.07
      Required ratio:    0.00 (Cumulative side area) 

    Layer: via2
      Partial area ratio:    0.16
      Required ratio:   34.63 (Gate area) 
      Cumulative area ratio:    0.55
      Required ratio:    0.00 (Cumulative area) 

    Layer: met3
      Partial area ratio:    0.50
      Required ratio:    0.00 (Gate area) 
      Cumulative area ratio:   36.68
      Required ratio:    0.00 (Cumulative area) 
      Partial area ratio:    4.59
      Required ratio: 2918.08 (Side area) 
      Cumulative area ratio:  183.66
      Required ratio:    0.00 (Cumulative side area) 

    Layer: via3
      Partial area ratio:    0.16
      Required ratio:   34.63 (Gate area) 
      Cumulative area ratio:    0.71
      Required ratio:    0.00 (Cumulative area) 

    Layer: met4
      Partial area ratio:   87.07
      Required ratio:    0.00 (Gate area) 
      Cumulative area ratio:  123.75
      Required ratio:    0.00 (Cumulative area) 
      Partial area ratio:  465.12
      Required ratio: 2918.08 (Side area) 
      Cumulative area ratio:  648.78
      Required ratio:    0.00 (Cumulative side area) 



Net: net611
  Pin:   _09962_/A1 (sky130_fd_sc_hd__a21oi_1)
    Layer: mcon
      Partial area ratio:    0.12
      Required ratio:    3.00 (Gate area) 
      Cumulative area ratio:    0.12
      Required ratio:    0.00 (Cumulative area) 

    Layer: met1
      Partial area ratio:    2.89
      Required ratio:    0.00 (Gate area) 
      Cumulative area ratio:    2.89
      Required ratio:    0.00 (Cumulative area) 
      Partial area ratio:   13.54
      Required ratio:  400.00 (Side area) 
      Cumulative area ratio:   13.54
      Required ratio:    0.00 (Cumulative side area) 

    Layer: via
      Partial area ratio:    0.17
      Required ratio:    6.00 (Gate area) 
      Cumulative area ratio:    0.28
      Required ratio:    0.00 (Cumulative area) 

    Layer: met2
      Partial area ratio:   18.52
      Required ratio:    0.00 (Gate area) 
      Cumulative area ratio:   21.41
      Required ratio:    0.00 (Cumulative area) 
      Partial area ratio:   91.88
      Required ratio: 2778.20 (Side area) 
      Cumulative area ratio:  105.42
      Required ratio:    0.00 (Cumulative side area) 


  Pin:   fanout600/A (sky130_fd_sc_hd__clkbuf_2)
    Layer: mcon
      Partial area ratio:    0.14
      Required ratio:    3.00 (Gate area) 
      Cumulative area ratio:    0.14
      Required ratio:    0.00 (Cumulative area) 

    Layer: met1
      Partial area ratio:    3.29
      Required ratio:    0.00 (Gate area) 
      Cumulative area ratio:    3.29
      Required ratio:    0.00 (Cumulative area) 
      Partial area ratio:   15.56
      Required ratio:  400.00 (Side area) 
      Cumulative area ratio:   15.56
      Required ratio:    0.00 (Cumulative side area) 

    Layer: via
      Partial area ratio:    0.21
      Required ratio:    6.00 (Gate area) 
      Cumulative area ratio:    0.35
      Required ratio:    0.00 (Cumulative area) 

    Layer: met2
      Partial area ratio:   18.52
      Required ratio:    0.00 (Gate area) 
      Cumulative area ratio:   21.81
      Required ratio:    0.00 (Cumulative area) 
      Partial area ratio:   91.88
      Required ratio: 2778.20 (Side area) 
      Cumulative area ratio:  107.44
      Required ratio:    0.00 (Cumulative side area) 


  Pin:   fanout603/A (sky130_fd_sc_hd__buf_2)
    Layer: mcon
      Partial area ratio:    0.18
      Required ratio:    3.00 (Gate area) 
      Cumulative area ratio:    0.18
      Required ratio:    0.00 (Cumulative area) 

    Layer: met1
      Partial area ratio:    2.89
      Required ratio:    0.00 (Gate area) 
      Cumulative area ratio:    2.89
      Required ratio:    0.00 (Cumulative area) 
      Partial area ratio:   13.54
      Required ratio:  400.00 (Side area) 
      Cumulative area ratio:   13.54
      Required ratio:    0.00 (Cumulative side area) 

    Layer: via
      Partial area ratio:    0.17
      Required ratio:    6.00 (Gate area) 
      Cumulative area ratio:    0.35
      Required ratio:    0.00 (Cumulative area) 

    Layer: met2
      Partial area ratio:   18.52
      Required ratio:    0.00 (Gate area) 
      Cumulative area ratio:   21.41
      Required ratio:    0.00 (Cumulative area) 
      Partial area ratio:   91.88
      Required ratio: 2778.20 (Side area) 
      Cumulative area ratio:  105.42
      Required ratio:    0.00 (Cumulative side area) 


  Pin:   fanout605/A (sky130_fd_sc_hd__buf_2)
    Layer: mcon
      Partial area ratio:    0.18
      Required ratio:    3.00 (Gate area) 
      Cumulative area ratio:    0.18
      Required ratio:    0.00 (Cumulative area) 

    Layer: met1
      Partial area ratio:   82.87
      Required ratio:    0.00 (Gate area) 
      Cumulative area ratio:   82.87
      Required ratio:    0.00 (Cumulative area) 
      Partial area ratio:  413.17
      Required ratio:  400.00 (Side area) (VIOLATED)
      Cumulative area ratio:  413.17
      Required ratio:    0.00 (Cumulative side area) 

    Layer: via
      Partial area ratio:    0.28
      Required ratio:    6.00 (Gate area) 
      Cumulative area ratio:    0.46
      Required ratio:    0.00 (Cumulative area) 

    Layer: met2
      Partial area ratio:   18.52
      Required ratio:    0.00 (Gate area) 
      Cumulative area ratio:  101.39
      Required ratio:    0.00 (Cumulative area) 
      Partial area ratio:   91.88
      Required ratio: 2778.20 (Side area) 
      Cumulative area ratio:  505.05
      Required ratio:    0.00 (Cumulative side area) 


  Pin:   fanout610/A (sky130_fd_sc_hd__clkbuf_2)
    Layer: mcon
      Partial area ratio:    0.14
      Required ratio:    3.00 (Gate area) 
      Cumulative area ratio:    0.14
      Required ratio:    0.00 (Cumulative area) 

    Layer: met1
      Partial area ratio:    3.96
      Required ratio:    0.00 (Gate area) 
      Cumulative area ratio:    3.96
      Required ratio:    0.00 (Cumulative area) 
      Partial area ratio:   18.91
      Required ratio:  400.00 (Side area) 
      Cumulative area ratio:   18.91
      Required ratio:    0.00 (Cumulative side area) 

    Layer: via
      Partial area ratio:    0.21
      Required ratio:    6.00 (Gate area) 
      Cumulative area ratio:    0.35
      Required ratio:    0.00 (Cumulative area) 

    Layer: met2
      Partial area ratio:   18.52
      Required ratio:    0.00 (Gate area) 
      Cumulative area ratio:   22.48
      Required ratio:    0.00 (Cumulative area) 
      Partial area ratio:   91.88
      Required ratio: 2778.20 (Side area) 
      Cumulative area ratio:  110.79
      Required ratio:    0.00 (Cumulative side area) 



Net: net695
  Pin:   _10553_/B1 (sky130_fd_sc_hd__a31o_1)
    Layer: mcon
      Partial area ratio:    0.12
      Required ratio:    3.00 (Gate area) 
      Cumulative area ratio:    0.12
      Required ratio:    0.00 (Cumulative area) 

    Layer: met1
      Partial area ratio:    2.63
      Required ratio:    0.00 (Gate area) 
      Cumulative area ratio:    2.63
      Required ratio:    0.00 (Cumulative area) 
      Partial area ratio:   12.41
      Required ratio:  400.00 (Side area) 
      Cumulative area ratio:   12.41
      Required ratio:    0.00 (Cumulative side area) 

    Layer: via
      Partial area ratio:    0.18
      Required ratio:    6.00 (Gate area) 
      Cumulative area ratio:    0.30
      Required ratio:    0.00 (Cumulative area) 

    Layer: met2
      Partial area ratio:   17.83
      Required ratio:    0.00 (Gate area) 
      Cumulative area ratio:   20.46
      Required ratio:    0.00 (Cumulative area) 
      Partial area ratio:   88.46
      Required ratio: 2956.40 (Side area) 
      Cumulative area ratio:  100.87
      Required ratio:    0.00 (Cumulative side area) 

    Layer: via2
      Partial area ratio:    0.03
      Required ratio:   38.08 (Gate area) 
      Cumulative area ratio:    0.33
      Required ratio:    0.00 (Cumulative area) 

    Layer: met3
      Partial area ratio:   19.07
      Required ratio:    0.00 (Gate area) 
      Cumulative area ratio:   39.53
      Required ratio:    0.00 (Cumulative area) 
      Partial area ratio:  102.03
      Required ratio: 2956.40 (Side area) 
      Cumulative area ratio:  202.89
      Required ratio:    0.00 (Cumulative side area) 


  Pin:   fanout665/A (sky130_fd_sc_hd__clkbuf_4)
    Layer: mcon
      Partial area ratio:    0.14
      Required ratio:    3.00 (Gate area) 
      Cumulative area ratio:    0.14
      Required ratio:    0.00 (Cumulative area) 

    Layer: met1
      Partial area ratio:    1.53
      Required ratio:    0.00 (Gate area) 
      Cumulative area ratio:    1.53
      Required ratio:    0.00 (Cumulative area) 
      Partial area ratio:    7.02
      Required ratio:  400.00 (Side area) 
      Cumulative area ratio:    7.02
      Required ratio:    0.00 (Cumulative side area) 

    Layer: via
      Partial area ratio:    0.17
      Required ratio:    6.00 (Gate area) 
      Cumulative area ratio:    0.30
      Required ratio:    0.00 (Cumulative area) 

    Layer: met2
      Partial area ratio:   17.83
      Required ratio:    0.00 (Gate area) 
      Cumulative area ratio:   19.36
      Required ratio:    0.00 (Cumulative area) 
      Partial area ratio:   88.46
      Required ratio: 2956.40 (Side area) 
      Cumulative area ratio:   95.47
      Required ratio:    0.00 (Cumulative side area) 

    Layer: via2
      Partial area ratio:    0.03
      Required ratio:   38.08 (Gate area) 
      Cumulative area ratio:    0.34
      Required ratio:    0.00 (Cumulative area) 

    Layer: met3
      Partial area ratio:   19.07
      Required ratio:    0.00 (Gate area) 
      Cumulative area ratio:   38.43
      Required ratio:    0.00 (Cumulative area) 
      Partial area ratio:  102.03
      Required ratio: 2956.40 (Side area) 
      Cumulative area ratio:  197.50
      Required ratio:    0.00 (Cumulative side area) 


  Pin:   fanout669/A (sky130_fd_sc_hd__buf_2)
    Layer: mcon
      Partial area ratio:    0.18
      Required ratio:    3.00 (Gate area) 
      Cumulative area ratio:    0.18
      Required ratio:    0.00 (Cumulative area) 

    Layer: met1
      Partial area ratio:  105.44
      Required ratio:    0.00 (Gate area) 
      Cumulative area ratio:  105.44
      Required ratio:    0.00 (Cumulative area) 
      Partial area ratio:  524.67
      Required ratio:  400.00 (Side area) (VIOLATED)
      Cumulative area ratio:  524.67
      Required ratio:    0.00 (Cumulative side area) 

    Layer: via
      Partial area ratio:    0.57
      Required ratio:    6.00 (Gate area) 
      Cumulative area ratio:    0.75
      Required ratio:    0.00 (Cumulative area) 

    Layer: met2
      Partial area ratio:   17.83
      Required ratio:    0.00 (Gate area) 
      Cumulative area ratio:  123.27
      Required ratio:    0.00 (Cumulative area) 
      Partial area ratio:   88.46
      Required ratio: 2956.40 (Side area) 
      Cumulative area ratio:  613.13
      Required ratio:    0.00 (Cumulative side area) 

    Layer: via2
      Partial area ratio:    0.03
      Required ratio:   38.08 (Gate area) 
      Cumulative area ratio:    0.78
      Required ratio:    0.00 (Cumulative area) 

    Layer: met3
      Partial area ratio:   19.07
      Required ratio:    0.00 (Gate area) 
      Cumulative area ratio:  142.34
      Required ratio:    0.00 (Cumulative area) 
      Partial area ratio:  102.03
      Required ratio: 2956.40 (Side area) 
      Cumulative area ratio:  715.16
      Required ratio:    0.00 (Cumulative side area) 


  Pin:   fanout680/A (sky130_fd_sc_hd__clkbuf_4)
    Layer: mcon
      Partial area ratio:    0.14
      Required ratio:    3.00 (Gate area) 
      Cumulative area ratio:    0.14
      Required ratio:    0.00 (Cumulative area) 

    Layer: met1
      Partial area ratio:   33.95
      Required ratio:    0.00 (Gate area) 
      Cumulative area ratio:   33.95
      Required ratio:    0.00 (Cumulative area) 
      Partial area ratio:  168.07
      Required ratio: 2956.40 (Side area) 
      Cumulative area ratio:  168.07
      Required ratio:    0.00 (Cumulative side area) 

    Layer: via
      Partial area ratio:    0.32
      Required ratio:   38.08 (Gate area) 
      Cumulative area ratio:    0.45
      Required ratio:    0.00 (Cumulative area) 

    Layer: met2
      Partial area ratio:   17.83
      Required ratio:    0.00 (Gate area) 
      Cumulative area ratio:   51.79
      Required ratio:    0.00 (Cumulative area) 
      Partial area ratio:   88.46
      Required ratio: 2956.40 (Side area) 
      Cumulative area ratio:  256.52
      Required ratio:    0.00 (Cumulative side area) 

    Layer: via2
      Partial area ratio:    0.03
      Required ratio:   38.08 (Gate area) 
      Cumulative area ratio:    0.48
      Required ratio:    0.00 (Cumulative area) 

    Layer: met3
      Partial area ratio:   19.07
      Required ratio:    0.00 (Gate area) 
      Cumulative area ratio:   70.85
      Required ratio:    0.00 (Cumulative area) 
      Partial area ratio:  102.03
      Required ratio: 2956.40 (Side area) 
      Cumulative area ratio:  358.55
      Required ratio:    0.00 (Cumulative side area) 


  Pin:   fanout683/A (sky130_fd_sc_hd__clkbuf_4)
    Layer: mcon
      Partial area ratio:    0.14
      Required ratio:    3.00 (Gate area) 
      Cumulative area ratio:    0.14
      Required ratio:    0.00 (Cumulative area) 

    Layer: met1
      Partial area ratio:    6.41
      Required ratio:    0.00 (Gate area) 
      Cumulative area ratio:    6.41
      Required ratio:    0.00 (Cumulative area) 
      Partial area ratio:   30.58
      Required ratio:  400.00 (Side area) 
      Cumulative area ratio:   30.58
      Required ratio:    0.00 (Cumulative side area) 

    Layer: via
      Partial area ratio:    0.32
      Required ratio:    6.00 (Gate area) 
      Cumulative area ratio:    0.45
      Required ratio:    0.00 (Cumulative area) 

    Layer: met2
      Partial area ratio:   17.83
      Required ratio:    0.00 (Gate area) 
      Cumulative area ratio:   24.24
      Required ratio:    0.00 (Cumulative area) 
      Partial area ratio:   88.46
      Required ratio: 2956.40 (Side area) 
      Cumulative area ratio:  119.04
      Required ratio:    0.00 (Cumulative side area) 

    Layer: via2
      Partial area ratio:    0.03
      Required ratio:   38.08 (Gate area) 
      Cumulative area ratio:    0.48
      Required ratio:    0.00 (Cumulative area) 

    Layer: met3
      Partial area ratio:   19.07
      Required ratio:    0.00 (Gate area) 
      Cumulative area ratio:   43.31
      Required ratio:    0.00 (Cumulative area) 
      Partial area ratio:  102.03
      Required ratio: 2956.40 (Side area) 
      Cumulative area ratio:  221.07
      Required ratio:    0.00 (Cumulative side area) 


  Pin:   fanout688/A (sky130_fd_sc_hd__buf_2)
    Layer: mcon
      Partial area ratio:    0.18
      Required ratio:    3.00 (Gate area) 
      Cumulative area ratio:    0.18
      Required ratio:    0.00 (Cumulative area) 

    Layer: met1
      Partial area ratio:    2.80
      Required ratio:    0.00 (Gate area) 
      Cumulative area ratio:    2.80
      Required ratio:    0.00 (Cumulative area) 
      Partial area ratio:   13.41
      Required ratio:  400.00 (Side area) 
      Cumulative area ratio:   13.41
      Required ratio:    0.00 (Cumulative side area) 

    Layer: via
      Partial area ratio:    0.17
      Required ratio:    6.00 (Gate area) 
      Cumulative area ratio:    0.35
      Required ratio:    0.00 (Cumulative area) 

    Layer: met2
      Partial area ratio:    0.70
      Required ratio:    0.00 (Gate area) 
      Cumulative area ratio:    3.50
      Required ratio:    0.00 (Cumulative area) 
      Partial area ratio:    2.96
      Required ratio:  400.00 (Side area) 
      Cumulative area ratio:   16.37
      Required ratio:    0.00 (Cumulative side area) 

    Layer: via2
      Partial area ratio:    0.25
      Required ratio:    6.00 (Gate area) 
      Cumulative area ratio:    0.61
      Required ratio:    0.00 (Cumulative area) 

    Layer: met3
      Partial area ratio:   19.07
      Required ratio:    0.00 (Gate area) 
      Cumulative area ratio:   22.57
      Required ratio:    0.00 (Cumulative area) 
      Partial area ratio:  102.03
      Required ratio: 2956.40 (Side area) 
      Cumulative area ratio:  118.40
      Required ratio:    0.00 (Cumulative side area) 


  Pin:   fanout694/A (sky130_fd_sc_hd__clkbuf_2)
    Layer: mcon
      Partial area ratio:    0.14
      Required ratio:    3.00 (Gate area) 
      Cumulative area ratio:    0.14
      Required ratio:    0.00 (Cumulative area) 

    Layer: met1
      Partial area ratio:   82.52
      Required ratio:    0.00 (Gate area) 
      Cumulative area ratio:   82.52
      Required ratio:    0.00 (Cumulative area) 
      Partial area ratio:  411.75
      Required ratio:  400.00 (Side area) (VIOLATED)
      Cumulative area ratio:  411.75
      Required ratio:    0.00 (Cumulative side area) 

    Layer: via
      Partial area ratio:    0.21
      Required ratio:    6.00 (Gate area) 
      Cumulative area ratio:    0.35
      Required ratio:    0.00 (Cumulative area) 

    Layer: met2
      Partial area ratio:   17.83
      Required ratio:    0.00 (Gate area) 
      Cumulative area ratio:  100.36
      Required ratio:    0.00 (Cumulative area) 
      Partial area ratio:   88.46
      Required ratio: 2956.40 (Side area) 
      Cumulative area ratio:  500.21
      Required ratio:    0.00 (Cumulative side area) 

    Layer: via2
      Partial area ratio:    0.03
      Required ratio:   38.08 (Gate area) 
      Cumulative area ratio:    0.38
      Required ratio:    0.00 (Cumulative area) 

    Layer: met3
      Partial area ratio:   19.07
      Required ratio:    0.00 (Gate area) 
      Cumulative area ratio:  119.43
      Required ratio:    0.00 (Cumulative area) 
      Partial area ratio:  102.03
      Required ratio: 2956.40 (Side area) 
      Cumulative area ratio:  602.24
      Required ratio:    0.00 (Cumulative side area) 



[INFO ANT-0002] Found 3 net violations.
[INFO ANT-0001] Found 4 pin violations.
%OL_END_REPORT
[INFO] Setting RC values…
Setting global connections for newly added cells…
[INFO] Setting global connections...
Updating metrics…
Cell type report:                       Count       Area
  Fill cell                               280    1051.01
  Tap cell                               2059    2576.22
  Clock buffer                             98    1425.12
  Timing Repair Buffer                    797    4904.70
  Inverter                                165     619.34
  Clock inverter                           72     900.86
  Sequential cell                         580   11612.39
  Multi-Input combinational cell         6282   43351.58
  Total                                 10333   66441.22
Writing OpenROAD database to '/foss/designs/196/systolic_array_4x4_test/librelane/runs/RUN_2026-09-02_05-27-52/38-openroad-globalrouting/MMU.odb'…
Writing layout to '/foss/designs/196/systolic_array_4x4_test/librelane/runs/RUN_2026-09-02_05-27-52/38-openroad-globalrouting/MMU.def'…
