                                                                       Cells by Function                                                                        
┏━━━━━━━━━━━━━━━━━━━━━━━━━━━━━━━━━━━━━━━━━━━━━━━━━━━━━━━━━━━━━━━━━━━━━━━━━━━━━━━━━━━━━━━━━━━━━━━━━━━━━━━━━━━━━━━━━━━━━━━━━━━━━━━━━┳━━━━━━━━━━━━━━━━━━━━━━━━━━━━┓
┃ Cell Function                                                                                                                   ┃ Count                      ┃
┡━━━━━━━━━━━━━━━━━━━━━━━━━━━━━━━━━━━━━━━━━━━━━━━━━━━━━━━━━━━━━━━━━━━━━━━━━━━━━━━━━━━━━━━━━━━━━━━━━━━━━━━━━━━━━━━━━━━━━━━━━━━━━━━━━╇━━━━━━━━━━━━━━━━━━━━━━━━━━━━┩
│ sky130_fd_sc_hd__a2111o                                                                                                         │ 5                          │
│ sky130_fd_sc_hd__a2111oi                                                                                                        │ 2                          │
│ sky130_fd_sc_hd__a211o                                                                                                          │ 75                         │
│ sky130_fd_sc_hd__a211oi                                                                                                         │ 40                         │
│ sky130_fd_sc_hd__a21bo                                                                                                          │ 56                         │
│ sky130_fd_sc_hd__a21boi                                                                                                         │ 16                         │
│ sky130_fd_sc_hd__a21o                                                                                                           │ 275                        │
│ sky130_fd_sc_hd__a21oi                                                                                                          │ 262                        │
│ sky130_fd_sc_hd__a221o                                                                                                          │ 1                          │
│ sky130_fd_sc_hd__a22o                                                                                                           │ 129                        │
│ sky130_fd_sc_hd__a22oi                                                                                                          │ 153                        │
│ sky130_fd_sc_hd__a2bb2o                                                                                                         │ 5                          │
│ sky130_fd_sc_hd__a311o                                                                                                          │ 10                         │
│ sky130_fd_sc_hd__a311oi                                                                                                         │ 2                          │
│ sky130_fd_sc_hd__a31o                                                                                                           │ 214                        │
│ sky130_fd_sc_hd__a31oi                                                                                                          │ 34                         │
│ sky130_fd_sc_hd__a32o                                                                                                           │ 1                          │
│ sky130_fd_sc_hd__a32oi                                                                                                          │ 1                          │
│ sky130_fd_sc_hd__a41o                                                                                                           │ 2                          │
│ sky130_fd_sc_hd__and2                                                                                                           │ 345                        │
│ sky130_fd_sc_hd__and2b                                                                                                          │ 235                        │
│ sky130_fd_sc_hd__and3                                                                                                           │ 295                        │
│ sky130_fd_sc_hd__and3b                                                                                                          │ 51                         │
│ sky130_fd_sc_hd__and4                                                                                                           │ 223                        │
│ sky130_fd_sc_hd__and4b                                                                                                          │ 19                         │
│ sky130_fd_sc_hd__and4bb                                                                                                         │ 7                          │
│ sky130_fd_sc_hd__buf                                                                                                            │ 402                        │
│ sky130_fd_sc_hd__bufinv                                                                                                         │ 6                          │
│ sky130_fd_sc_hd__clkbuf                                                                                                         │ 330                        │
│ sky130_fd_sc_hd__clkinv                                                                                                         │ 22                         │
│ sky130_fd_sc_hd__clkinvlp                                                                                                       │ 8                          │
│ sky130_fd_sc_hd__conb                                                                                                           │ 52                         │
│ sky130_fd_sc_hd__decap                                                                                                          │ 18146                      │
│ sky130_fd_sc_hd__dfxtp                                                                                                          │ 580                        │
│ sky130_fd_sc_hd__diode                                                                                                          │ 2114                       │
│ sky130_fd_sc_hd__dlygate4sd3                                                                                                    │ 102                        │
│ sky130_fd_sc_hd__dlymetal6s2s                                                                                                   │ 61                         │
│ sky130_fd_sc_hd__fill                                                                                                           │ 4030                       │
│ sky130_fd_sc_hd__inv                                                                                                            │ 201                        │
│ sky130_fd_sc_hd__mux2                                                                                                           │ 130                        │
│ sky130_fd_sc_hd__nand2                                                                                                          │ 717                        │
│ sky130_fd_sc_hd__nand2b                                                                                                         │ 133                        │
│ sky130_fd_sc_hd__nand3                                                                                                          │ 174                        │
│ sky130_fd_sc_hd__nand3b                                                                                                         │ 10                         │
│ sky130_fd_sc_hd__nand4                                                                                                          │ 70                         │
│ sky130_fd_sc_hd__nand4b                                                                                                         │ 1                          │
│ sky130_fd_sc_hd__nor2                                                                                                           │ 509                        │
│ sky130_fd_sc_hd__nor3                                                                                                           │ 56                         │
│ sky130_fd_sc_hd__nor3b                                                                                                          │ 6                          │
│ sky130_fd_sc_hd__nor4                                                                                                           │ 13                         │
│ sky130_fd_sc_hd__o2111a                                                                                                         │ 1                          │
│ sky130_fd_sc_hd__o211a                                                                                                          │ 55                         │
│ sky130_fd_sc_hd__o211ai                                                                                                         │ 68                         │
│ sky130_fd_sc_hd__o21a                                                                                                           │ 124                        │
│ sky130_fd_sc_hd__o21ai                                                                                                          │ 152                        │
│ sky130_fd_sc_hd__o21ba                                                                                                          │ 41                         │
│ sky130_fd_sc_hd__o21bai                                                                                                         │ 45                         │
│ sky130_fd_sc_hd__o22a                                                                                                           │ 8                          │
│ sky130_fd_sc_hd__o22ai                                                                                                          │ 3                          │
│ sky130_fd_sc_hd__o2bb2a                                                                                                         │ 16                         │
│ sky130_fd_sc_hd__o311a                                                                                                          │ 9                          │
│ sky130_fd_sc_hd__o311ai                                                                                                         │ 1                          │
│ sky130_fd_sc_hd__o31a                                                                                                           │ 38                         │
│ sky130_fd_sc_hd__o31ai                                                                                                          │ 47                         │
│ sky130_fd_sc_hd__o32a                                                                                                           │ 2                          │
│ sky130_fd_sc_hd__o32ai                                                                                                          │ 2                          │
│ sky130_fd_sc_hd__o41a                                                                                                           │ 2                          │
│ sky130_fd_sc_hd__or2                                                                                                            │ 249                        │
│ sky130_fd_sc_hd__or3                                                                                                            │ 102                        │
│ sky130_fd_sc_hd__or3b                                                                                                           │ 26                         │
│ sky130_fd_sc_hd__or4                                                                                                            │ 46                         │
│ sky130_fd_sc_hd__or4b                                                                                                           │ 2                          │
│ sky130_fd_sc_hd__tapvpwrvgnd                                                                                                    │ 2059                       │
│ sky130_fd_sc_hd__xnor2                                                                                                          │ 654                        │
│ sky130_fd_sc_hd__xor2                                                                                                           │ 260                        │
└─────────────────────────────────────────────────────────────────────────────────────────────────────────────────────────────────┴────────────────────────────┘
