[WARNING ORD-0039] .openroad ignored with -python
                                Cells by Master                                 
┏━━━━━━━━━━━━━━━━━━━━━━━━━━━━━━━━━━━━━━━━━━━━━━━━━━━━━━━━━━━━━━━━┳━━━━━━━━━━━━━┓
┃ Cell                                                           ┃ Count       ┃
┡━━━━━━━━━━━━━━━━━━━━━━━━━━━━━━━━━━━━━━━━━━━━━━━━━━━━━━━━━━━━━━━━╇━━━━━━━━━━━━━┩
│ sky130_fd_sc_hd__a2111o_1                                      │ 5           │
│ sky130_fd_sc_hd__a2111oi_1                                     │ 2           │
│ sky130_fd_sc_hd__a211o_1                                       │ 75          │
│ sky130_fd_sc_hd__a211oi_1                                      │ 28          │
│ sky130_fd_sc_hd__a211oi_2                                      │ 12          │
│ sky130_fd_sc_hd__a21bo_1                                       │ 56          │
│ sky130_fd_sc_hd__a21boi_1                                      │ 15          │
│ sky130_fd_sc_hd__a21boi_2                                      │ 1           │
│ sky130_fd_sc_hd__a21o_1                                        │ 275         │
│ sky130_fd_sc_hd__a21oi_1                                       │ 257         │
│ sky130_fd_sc_hd__a21oi_2                                       │ 5           │
│ sky130_fd_sc_hd__a221o_1                                       │ 1           │
│ sky130_fd_sc_hd__a22o_1                                        │ 129         │
│ sky130_fd_sc_hd__a22oi_1                                       │ 149         │
│ sky130_fd_sc_hd__a22oi_2                                       │ 4           │
│ sky130_fd_sc_hd__a2bb2o_1                                      │ 5           │
│ sky130_fd_sc_hd__a311o_1                                       │ 10          │
│ sky130_fd_sc_hd__a311oi_1                                      │ 1           │
│ sky130_fd_sc_hd__a311oi_4                                      │ 1           │
│ sky130_fd_sc_hd__a31o_1                                        │ 214         │
│ sky130_fd_sc_hd__a31oi_1                                       │ 20          │
│ sky130_fd_sc_hd__a31oi_2                                       │ 14          │
│ sky130_fd_sc_hd__a32o_1                                        │ 1           │
│ sky130_fd_sc_hd__a32oi_4                                       │ 1           │
│ sky130_fd_sc_hd__a41o_1                                        │ 2           │
│ sky130_fd_sc_hd__and2_1                                        │ 344         │
│ sky130_fd_sc_hd__and2_2                                        │ 1           │
│ sky130_fd_sc_hd__and2b_1                                       │ 228         │
│ sky130_fd_sc_hd__and2b_2                                       │ 6           │
│ sky130_fd_sc_hd__and2b_4                                       │ 1           │
│ sky130_fd_sc_hd__and3_1                                        │ 295         │
│ sky130_fd_sc_hd__and3b_1                                       │ 51          │
│ sky130_fd_sc_hd__and4_1                                        │ 223         │
│ sky130_fd_sc_hd__and4b_1                                       │ 19          │
│ sky130_fd_sc_hd__and4bb_1                                      │ 7           │
│ sky130_fd_sc_hd__buf_1                                         │ 57          │
│ sky130_fd_sc_hd__buf_2                                         │ 342         │
│ sky130_fd_sc_hd__buf_4                                         │ 3           │
│ sky130_fd_sc_hd__bufinv_16                                     │ 6           │
│ sky130_fd_sc_hd__clkbuf_1                                      │ 51          │
│ sky130_fd_sc_hd__clkbuf_16                                     │ 9           │
│ sky130_fd_sc_hd__clkbuf_2                                      │ 151         │
│ sky130_fd_sc_hd__clkbuf_4                                      │ 34          │
│ sky130_fd_sc_hd__clkbuf_8                                      │ 85          │
│ sky130_fd_sc_hd__clkinv_2                                      │ 6           │
│ sky130_fd_sc_hd__clkinv_4                                      │ 5           │
│ sky130_fd_sc_hd__clkinv_8                                      │ 11          │
│ sky130_fd_sc_hd__clkinvlp_4                                    │ 8           │
│ sky130_fd_sc_hd__conb_1                                        │ 52          │
│ sky130_fd_sc_hd__decap_3                                       │ 18146       │
│ sky130_fd_sc_hd__dfxtp_1                                       │ 579         │
│ sky130_fd_sc_hd__dfxtp_2                                       │ 1           │
│ sky130_fd_sc_hd__diode_2                                       │ 2114        │
│ sky130_fd_sc_hd__dlygate4sd3_1                                 │ 102         │
│ sky130_fd_sc_hd__dlymetal6s2s_1                                │ 61          │
│ sky130_fd_sc_hd__fill_1                                        │ 2368        │
│ sky130_fd_sc_hd__fill_2                                        │ 1662        │
│ sky130_fd_sc_hd__inv_12                                        │ 7           │
│ sky130_fd_sc_hd__inv_2                                         │ 165         │
│ sky130_fd_sc_hd__inv_6                                         │ 13          │
│ sky130_fd_sc_hd__inv_8                                         │ 16          │
│ sky130_fd_sc_hd__mux2_1                                        │ 130         │
│ sky130_fd_sc_hd__nand2_1                                       │ 717         │
│ sky130_fd_sc_hd__nand2b_1                                      │ 133         │
│ sky130_fd_sc_hd__nand3_1                                       │ 166         │
│ sky130_fd_sc_hd__nand3_2                                       │ 8           │
│ sky130_fd_sc_hd__nand3b_1                                      │ 10          │
│ sky130_fd_sc_hd__nand4_1                                       │ 53          │
│ sky130_fd_sc_hd__nand4_2                                       │ 17          │
│ sky130_fd_sc_hd__nand4b_1                                      │ 1           │
│ sky130_fd_sc_hd__nor2_1                                        │ 509         │
│ sky130_fd_sc_hd__nor3_1                                        │ 56          │
│ sky130_fd_sc_hd__nor3b_1                                       │ 6           │
│ sky130_fd_sc_hd__nor4_1                                        │ 13          │
│ sky130_fd_sc_hd__o2111a_1                                      │ 1           │
│ sky130_fd_sc_hd__o211a_1                                       │ 55          │
│ sky130_fd_sc_hd__o211ai_1                                      │ 24          │
│ sky130_fd_sc_hd__o211ai_2                                      │ 37          │
│ sky130_fd_sc_hd__o211ai_4                                      │ 7           │
│ sky130_fd_sc_hd__o21a_1                                        │ 124         │
│ sky130_fd_sc_hd__o21ai_1                                       │ 133         │
│ sky130_fd_sc_hd__o21ai_2                                       │ 18          │
│ sky130_fd_sc_hd__o21ai_4                                       │ 1           │
│ sky130_fd_sc_hd__o21ba_1                                       │ 41          │
│ sky130_fd_sc_hd__o21bai_1                                      │ 44          │
│ sky130_fd_sc_hd__o21bai_2                                      │ 1           │
│ sky130_fd_sc_hd__o22a_1                                        │ 8           │
│ sky130_fd_sc_hd__o22ai_1                                       │ 1           │
│ sky130_fd_sc_hd__o22ai_2                                       │ 2           │
│ sky130_fd_sc_hd__o2bb2a_1                                      │ 16          │
│ sky130_fd_sc_hd__o311a_1                                       │ 9           │
│ sky130_fd_sc_hd__o311ai_2                                      │ 1           │
│ sky130_fd_sc_hd__o31a_1                                        │ 38          │
│ sky130_fd_sc_hd__o31ai_1                                       │ 42          │
│ sky130_fd_sc_hd__o31ai_2                                       │ 5           │
│ sky130_fd_sc_hd__o32a_1                                        │ 2           │
│ sky130_fd_sc_hd__o32ai_2                                       │ 1           │
│ sky130_fd_sc_hd__o32ai_4                                       │ 1           │
│ sky130_fd_sc_hd__o41a_1                                        │ 2           │
│ sky130_fd_sc_hd__or2_1                                         │ 249         │
│ sky130_fd_sc_hd__or3_1                                         │ 101         │
│ sky130_fd_sc_hd__or3_2                                         │ 1           │
│ sky130_fd_sc_hd__or3b_1                                        │ 25          │
│ sky130_fd_sc_hd__or3b_2                                        │ 1           │
│ sky130_fd_sc_hd__or4_1                                         │ 45          │
│ sky130_fd_sc_hd__or4_2                                         │ 1           │
│ sky130_fd_sc_hd__or4b_1                                        │ 2           │
│ sky130_fd_sc_hd__tapvpwrvgnd_1                                 │ 2059        │
│ sky130_fd_sc_hd__xnor2_1                                       │ 646         │
│ sky130_fd_sc_hd__xnor2_2                                       │ 8           │
│ sky130_fd_sc_hd__xor2_1                                        │ 252         │
│ sky130_fd_sc_hd__xor2_2                                        │ 8           │
└────────────────────────────────────────────────────────────────┴─────────────┘
                               Cells by Function                                
┏━━━━━━━━━━━━━━━━━━━━━━━━━━━━━━━━━━━━━━━━━━━━━━━━━━━━━━━━━━━━━━━┳━━━━━━━━━━━━━━┓
┃ Cell Function                                                 ┃ Count        ┃
┡━━━━━━━━━━━━━━━━━━━━━━━━━━━━━━━━━━━━━━━━━━━━━━━━━━━━━━━━━━━━━━━╇━━━━━━━━━━━━━━┩
│ sky130_fd_sc_hd__a2111o                                       │ 5            │
│ sky130_fd_sc_hd__a2111oi                                      │ 2            │
│ sky130_fd_sc_hd__a211o                                        │ 75           │
│ sky130_fd_sc_hd__a211oi                                       │ 40           │
│ sky130_fd_sc_hd__a21bo                                        │ 56           │
│ sky130_fd_sc_hd__a21boi                                       │ 16           │
│ sky130_fd_sc_hd__a21o                                         │ 275          │
│ sky130_fd_sc_hd__a21oi                                        │ 262          │
│ sky130_fd_sc_hd__a221o                                        │ 1            │
│ sky130_fd_sc_hd__a22o                                         │ 129          │
│ sky130_fd_sc_hd__a22oi                                        │ 153          │
│ sky130_fd_sc_hd__a2bb2o                                       │ 5            │
│ sky130_fd_sc_hd__a311o                                        │ 10           │
│ sky130_fd_sc_hd__a311oi                                       │ 2            │
│ sky130_fd_sc_hd__a31o                                         │ 214          │
│ sky130_fd_sc_hd__a31oi                                        │ 34           │
│ sky130_fd_sc_hd__a32o                                         │ 1            │
│ sky130_fd_sc_hd__a32oi                                        │ 1            │
│ sky130_fd_sc_hd__a41o                                         │ 2            │
│ sky130_fd_sc_hd__and2                                         │ 345          │
│ sky130_fd_sc_hd__and2b                                        │ 235          │
│ sky130_fd_sc_hd__and3                                         │ 295          │
│ sky130_fd_sc_hd__and3b                                        │ 51           │
│ sky130_fd_sc_hd__and4                                         │ 223          │
│ sky130_fd_sc_hd__and4b                                        │ 19           │
│ sky130_fd_sc_hd__and4bb                                       │ 7            │
│ sky130_fd_sc_hd__buf                                          │ 402          │
│ sky130_fd_sc_hd__bufinv                                       │ 6            │
│ sky130_fd_sc_hd__clkbuf                                       │ 330          │
│ sky130_fd_sc_hd__clkinv                                       │ 22           │
│ sky130_fd_sc_hd__clkinvlp                                     │ 8            │
│ sky130_fd_sc_hd__conb                                         │ 52           │
│ sky130_fd_sc_hd__decap                                        │ 18146        │
│ sky130_fd_sc_hd__dfxtp                                        │ 580          │
│ sky130_fd_sc_hd__diode                                        │ 2114         │
│ sky130_fd_sc_hd__dlygate4sd3                                  │ 102          │
│ sky130_fd_sc_hd__dlymetal6s2s                                 │ 61           │
│ sky130_fd_sc_hd__fill                                         │ 4030         │
│ sky130_fd_sc_hd__inv                                          │ 201          │
│ sky130_fd_sc_hd__mux2                                         │ 130          │
│ sky130_fd_sc_hd__nand2                                        │ 717          │
│ sky130_fd_sc_hd__nand2b                                       │ 133          │
│ sky130_fd_sc_hd__nand3                                        │ 174          │
│ sky130_fd_sc_hd__nand3b                                       │ 10           │
│ sky130_fd_sc_hd__nand4                                        │ 70           │
│ sky130_fd_sc_hd__nand4b                                       │ 1            │
│ sky130_fd_sc_hd__nor2                                         │ 509          │
│ sky130_fd_sc_hd__nor3                                         │ 56           │
│ sky130_fd_sc_hd__nor3b                                        │ 6            │
│ sky130_fd_sc_hd__nor4                                         │ 13           │
│ sky130_fd_sc_hd__o2111a                                       │ 1            │
│ sky130_fd_sc_hd__o211a                                        │ 55           │
│ sky130_fd_sc_hd__o211ai                                       │ 68           │
│ sky130_fd_sc_hd__o21a                                         │ 124          │
│ sky130_fd_sc_hd__o21ai                                        │ 152          │
│ sky130_fd_sc_hd__o21ba                                        │ 41           │
│ sky130_fd_sc_hd__o21bai                                       │ 45           │
│ sky130_fd_sc_hd__o22a                                         │ 8            │
│ sky130_fd_sc_hd__o22ai                                        │ 3            │
│ sky130_fd_sc_hd__o2bb2a                                       │ 16           │
│ sky130_fd_sc_hd__o311a                                        │ 9            │
│ sky130_fd_sc_hd__o311ai                                       │ 1            │
│ sky130_fd_sc_hd__o31a                                         │ 38           │
│ sky130_fd_sc_hd__o31ai                                        │ 47           │
│ sky130_fd_sc_hd__o32a                                         │ 2            │
│ sky130_fd_sc_hd__o32ai                                        │ 2            │
│ sky130_fd_sc_hd__o41a                                         │ 2            │
│ sky130_fd_sc_hd__or2                                          │ 249          │
│ sky130_fd_sc_hd__or3                                          │ 102          │
│ sky130_fd_sc_hd__or3b                                         │ 26           │
│ sky130_fd_sc_hd__or4                                          │ 46           │
│ sky130_fd_sc_hd__or4b                                         │ 2            │
│ sky130_fd_sc_hd__tapvpwrvgnd                                  │ 2059         │
│ sky130_fd_sc_hd__xnor2                                        │ 654          │
│ sky130_fd_sc_hd__xor2                                         │ 260          │
└───────────────────────────────────────────────────────────────┴──────────────┘
                                  Cells by SCL                                  
┏━━━━━━━━━━━━━━━━━━━━━━━━━━━━━━━━━━━━━━━━━━━━━━━━━━━━━━━┳━━━━━━━━━━━━━━━━━━━━━━┓
┃ SCL                                                   ┃ Count                ┃
┡━━━━━━━━━━━━━━━━━━━━━━━━━━━━━━━━━━━━━━━━━━━━━━━━━━━━━━━╇━━━━━━━━━━━━━━━━━━━━━━┩
│ sky130_fd_sc_hd                                       │ 34343                │
└───────────────────────────────────────────────────────┴──────────────────────┘
                             Buffers by Cell Master                             
┏━━━━━━━━━━━━━━━━━━━━━━━━━━━━━━━━━━━━━━━━━━━━━━━━━━━━━━━━━━━━━━━━┳━━━━━━━━━━━━━┓
┃ Buffer                                                         ┃ Count       ┃
┡━━━━━━━━━━━━━━━━━━━━━━━━━━━━━━━━━━━━━━━━━━━━━━━━━━━━━━━━━━━━━━━━╇━━━━━━━━━━━━━┩
│ sky130_fd_sc_hd__buf_1                                         │ 57          │
│ sky130_fd_sc_hd__buf_2                                         │ 342         │
│ sky130_fd_sc_hd__buf_4                                         │ 3           │
│ sky130_fd_sc_hd__clkbuf_1                                      │ 51          │
│ sky130_fd_sc_hd__clkbuf_16                                     │ 9           │
│ sky130_fd_sc_hd__clkbuf_2                                      │ 151         │
│ sky130_fd_sc_hd__clkbuf_4                                      │ 34          │
│ sky130_fd_sc_hd__clkbuf_8                                      │ 85          │
│ sky130_fd_sc_hd__dlygate4sd3_1                                 │ 102         │
│ sky130_fd_sc_hd__dlymetal6s2s_1                                │ 61          │
└────────────────────────────────────────────────────────────────┴─────────────┘
