Clock: clk
Sources: clk 
Generated: no
Virtual: yes
Propagated: no
Period: 20.000000

===========================================================================
report_clock_properties
============================================================================
Clock                   Period          Waveform
----------------------------------------------------
clk                  20.000000    0.000000 10.000000

===========================================================================
report_clock_latency
============================================================================
Clock clk
rise -> rise
    min     max
0.000000 0.000000 source latency
4.565320         network latency _13108_/CLK
        4.652764 network latency _13157_/CLK
---------------
4.565320 4.652764 latency
        0.087444 skew

fall -> fall
    min     max
0.000000 0.000000 source latency
2.234389         network latency _13108_/CLK
        2.315293 network latency _13157_/CLK
---------------
2.234389 2.315293 latency
        0.080904 skew



===========================================================================
report_clock_min_period
============================================================================
clk period_min = 6.99 fmax = 143.16
