
===========================================================================
Violator List
============================================================================
[hold in-reg] wt_arr[24] -> _12982_/D : -1.148384
[hold in-reg] wt_arr[28] -> _12986_/D : -1.144611
[hold in-reg] wt_arr[26] -> _12984_/D : -1.144353
[hold in-reg] wt_arr[27] -> _12985_/D : -1.143887
[hold in-reg] wt_arr[31] -> _12989_/D : -1.142867
[hold in-reg] wt_arr[25] -> _12983_/D : -1.142847
[hold in-reg] wt_arr[29] -> _12987_/D : -1.140899
[hold in-reg] wt_arr[30] -> _12988_/D : -1.139303
[hold in-reg] wt_arr[17] -> _12927_/D : -1.132310
[hold in-reg] wt_arr[16] -> _12926_/D : -1.131986
[hold in-reg] wt_arr[9] -> _12863_/D : -1.128433
[hold in-reg] data_arr[9] -> _12807_/D : -1.111298
[hold in-reg] data_arr[1] -> _12791_/D : -1.110212
[hold in-reg] data_arr[25] -> _12839_/D : -1.109922
[hold in-reg] wt_arr[8] -> _12862_/D : -1.108641
[hold in-reg] data_arr[6] -> _12796_/D : -1.103406
[hold in-reg] wt_arr[21] -> _12931_/D : -1.094603
[hold in-reg] wt_arr[20] -> _12930_/D : -1.094429
[hold in-reg] wt_arr[18] -> _12928_/D : -1.094356
[hold in-reg] wt_arr[13] -> _12867_/D : -1.094120
[hold in-reg] wt_arr[15] -> _12869_/D : -1.094106
[hold in-reg] wt_arr[10] -> _12864_/D : -1.093823
[hold in-reg] wt_arr[3] -> _12801_/D : -1.093804
[hold in-reg] wt_arr[7] -> _12805_/D : -1.093435
[hold in-reg] wt_arr[11] -> _12865_/D : -1.092958
[hold in-reg] wt_arr[2] -> _12800_/D : -1.092884
[hold in-reg] wt_arr[6] -> _12804_/D : -1.092653
[hold in-reg] wt_arr[0] -> _12798_/D : -1.092275
[hold in-reg] wt_arr[1] -> _12799_/D : -1.091741
[hold in-reg] wt_arr[4] -> _12802_/D : -1.091708
[hold in-reg] wt_arr[5] -> _12803_/D : -1.091630
[hold in-reg] wt_arr[19] -> _12929_/D : -1.090524
[hold in-reg] wt_arr[14] -> _12868_/D : -1.090188
[hold in-reg] wt_arr[22] -> _12932_/D : -1.089550
[hold in-reg] data_arr[26] -> _12840_/D : -1.089530
[hold in-reg] wt_arr[23] -> _12933_/D : -1.088932
[hold in-reg] wt_arr[12] -> _12866_/D : -1.087767
[hold in-reg] data_arr[11] -> _12809_/D : -1.087485
[hold in-reg] data_arr[0] -> _12790_/D : -1.087375
[hold in-reg] data_arr[17] -> _12823_/D : -1.085882
[hold in-reg] data_arr[10] -> _12808_/D : -1.080894
[hold in-reg] data_arr[15] -> _12813_/D : -1.078715
[hold in-reg] data_arr[18] -> _12824_/D : -1.077919
[hold in-reg] data_arr[5] -> _12795_/D : -1.073825
[hold in-reg] data_arr[14] -> _12812_/D : -1.073278
[hold in-reg] data_arr[4] -> _12794_/D : -1.069803
[hold in-reg] data_arr[2] -> _12792_/D : -1.069389
[hold in-reg] data_arr[7] -> _12797_/D : -1.063487
[hold in-reg] data_arr[3] -> _12793_/D : -1.063222
[hold in-reg] data_arr[30] -> _12844_/D : -1.062624
[hold in-reg] data_arr[12] -> _12810_/D : -1.061475
[hold in-reg] data_arr[13] -> _12811_/D : -1.055298
[hold in-reg] data_arr[8] -> _12806_/D : -1.055285
[hold in-reg] data_arr[31] -> _12845_/D : -1.054320
[hold in-reg] data_arr[19] -> _12825_/D : -1.051844
[hold in-reg] data_arr[27] -> _12841_/D : -1.051525
[hold in-reg] data_arr[22] -> _12828_/D : -1.045133
[hold in-reg] data_arr[24] -> _12838_/D : -1.043582
[hold in-reg] data_arr[23] -> _12829_/D : -1.043580
[hold in-reg] data_arr[28] -> _12842_/D : -1.031629
[hold in-reg] data_arr[16] -> _12822_/D : -1.028294
[hold in-reg] data_arr[20] -> _12826_/D : -1.025159
[hold in-reg] data_arr[29] -> _12843_/D : -1.016957
[hold in-reg] data_arr[21] -> _12827_/D : -1.010852
[hold in-reg] data_arr[0] -> _13306_/D : -0.900292
[hold in-reg] data_arr[1] -> _13308_/D : -0.842855
[hold in-reg] data_arr[1] -> _13310_/D : -0.810395
[hold in-reg] data_arr[8] -> _13239_/D : -0.778968
[hold in-reg] data_arr[1] -> _13307_/D : -0.772133
[hold in-reg] data_arr[24] -> _13091_/D : -0.771927
[hold in-reg] data_arr[16] -> _13167_/D : -0.771858
[hold in-reg] data_arr[16] -> _13166_/D : -0.705650
[hold in-reg] data_arr[24] -> _13090_/D : -0.703862
[hold in-reg] data_arr[8] -> _13238_/D : -0.692285
[hold in-reg] data_arr[6] -> _13320_/D : -0.667451
[hold in-reg] data_arr[9] -> _13241_/D : -0.619373
[hold in-reg] data_arr[25] -> _13093_/D : -0.602292
[hold in-reg] data_arr[7] -> _13321_/D : -0.598812
[hold in-reg] data_arr[1] -> _13309_/D : -0.588488
[hold in-reg] data_arr[9] -> _13240_/D : -0.554086
[hold in-reg] data_arr[17] -> _13168_/D : -0.545766
[hold in-reg] data_arr[1] -> _13311_/D : -0.542226
[hold in-reg] data_arr[25] -> _13092_/D : -0.541735
[hold in-reg] data_arr[31] -> _13106_/D : -0.510615
[hold in-reg] data_arr[31] -> _13107_/D : -0.491919
[hold in-reg] data_arr[18] -> _13170_/D : -0.478558
[hold in-reg] data_arr[9] -> _13242_/D : -0.477948
[hold in-reg] data_arr[31] -> _13105_/D : -0.469529
[hold in-reg] data_arr[1] -> _13312_/D : -0.468759
[hold in-reg] data_arr[6] -> _13314_/D : -0.438363
[hold in-reg] data_arr[31] -> _13108_/D : -0.419402
[hold in-reg] data_arr[16] -> _13169_/D : -0.412002
[hold in-reg] data_arr[7] -> _13316_/D : -0.408574
[hold in-reg] data_arr[26] -> _13095_/D : -0.375890
[hold in-reg] data_arr[15] -> _13254_/D : -0.351650
[hold in-reg] data_arr[10] -> _13243_/D : -0.346962
[hold in-reg] data_arr[23] -> _13175_/D : -0.345961
[hold in-reg] data_arr[6] -> _13313_/D : -0.341652
[hold in-reg] data_arr[26] -> _13094_/D : -0.341014
[hold in-reg] data_arr[31] -> _13099_/D : -0.339562
[hold in-reg] data_arr[23] -> _13181_/D : -0.339162
[hold in-reg] data_arr[6] -> _13317_/D : -0.326310
[hold in-reg] data_arr[15] -> _13248_/D : -0.318062
[hold in-reg] data_arr[6] -> _13318_/D : -0.299206
[hold in-reg] data_arr[7] -> _13315_/D : -0.295401
[hold in-reg] data_arr[15] -> _13253_/D : -0.289340
[hold in-reg] data_arr[23] -> _13182_/D : -0.282088
[hold in-reg] data_arr[31] -> _13100_/D : -0.276736
[hold in-reg] data_arr[6] -> _13319_/D : -0.271061
[hold in-reg] data_arr[15] -> _13247_/D : -0.250473
[hold in-reg] data_arr[23] -> _13183_/D : -0.249679
[hold in-reg] data_arr[26] -> _13096_/D : -0.242805
[hold in-reg] data_arr[15] -> _13252_/D : -0.241818
[hold in-reg] data_arr[10] -> _13244_/D : -0.217682
[hold in-reg] data_arr[31] -> _13101_/D : -0.204036
[hold in-reg] data_arr[31] -> _13102_/D : -0.185204
[hold in-reg] data_arr[31] -> _13103_/D : -0.154830
[hold in-reg] data_arr[18] -> _13171_/D : -0.149685
[hold in-reg] data_arr[10] -> _13245_/D : -0.141313
[hold in-reg] data_arr[31] -> _13104_/D : -0.140219
[hold in-reg] data_arr[15] -> _13250_/D : -0.139342
[hold in-reg] data_arr[23] -> _13179_/D : -0.136783
[hold in-reg] data_arr[15] -> _13246_/D : -0.134314
[hold in-reg] data_arr[18] -> _13172_/D : -0.119246
[hold in-reg] data_arr[23] -> _13176_/D : -0.112832
[hold in-reg] data_arr[31] -> _13098_/D : -0.112153
[hold in-reg] data_arr[15] -> _13249_/D : -0.110584
[hold in-reg] data_arr[26] -> _13097_/D : -0.104187
[hold in-reg] data_arr[15] -> _13251_/D : -0.075154
[hold in-reg] data_arr[23] -> _13178_/D : -0.035735
[hold in-reg] data_arr[23] -> _13177_/D : -0.028753
[hold in-reg] data_arr[23] -> _13180_/D : -0.001216
Writing metric timing__hold_vio__count__corner:nom_tt_025C_1v80: 132
Writing metric timing__hold_r2r__ws__corner:nom_tt_025C_1v80: 0.240356
Writing metric timing__hold_r2r_vio__count__corner:nom_tt_025C_1v80: 0
Writing metric timing__setup_vio__count__corner:nom_tt_025C_1v80: 0
Writing metric timing__setup_r2r__ws__corner:nom_tt_025C_1v80: 14.319640
Writing metric timing__setup_r2r_vio__count__corner:nom_tt_025C_1v80: 0
