
===========================================================================
report_checks -unconstrained
===========================================================================
======================= nom_tt_025C_1v80 Corner ===================================

Startpoint: control (input port clocked by clk)
Endpoint: _13253_ (rising edge-triggered flip-flop clocked by clk)
Path Group: clk
Path Type: max

Fanout         Cap        Slew       Delay        Time   Description
---------------------------------------------------------------------------------------------
                                  0.000000    0.000000   clock clk (rise edge)
                                  0.000000    0.000000   clock network delay (propagated)
                                  4.000000    4.000000 ^ input external delay
     2    0.005586    0.031860    0.019747    4.019747 ^ control (in)
                                                         control (net)
                      0.031860    0.000000    4.019747 ^ input1/A (sky130_fd_sc_hd__clkbuf_4)
     7    0.048472    0.151792    0.208007    4.227754 ^ input1/X (sky130_fd_sc_hd__clkbuf_4)
                                                         net1 (net)
                      0.151806    0.001204    4.228959 ^ fanout695/A (sky130_fd_sc_hd__buf_4)
    15    0.077161    0.215560    0.267590    4.496549 ^ fanout695/X (sky130_fd_sc_hd__buf_4)
                                                         net695 (net)
                      0.216171    0.009386    4.505935 ^ fanout665/A (sky130_fd_sc_hd__clkbuf_4)
    21    0.052214    0.161463    0.281530    4.787465 ^ fanout665/X (sky130_fd_sc_hd__clkbuf_4)
                                                         net665 (net)
                      0.161464    0.000905    4.788369 ^ fanout664/A (sky130_fd_sc_hd__clkbuf_2)
    15    0.036520    0.200966    0.252798    5.041168 ^ fanout664/X (sky130_fd_sc_hd__clkbuf_2)
                                                         net664 (net)
                      0.200992    0.001905    5.043072 ^ fanout663/A (sky130_fd_sc_hd__clkbuf_2)
    10    0.026489    0.149181    0.227198    5.270270 ^ fanout663/X (sky130_fd_sc_hd__clkbuf_2)
                                                         net663 (net)
                      0.149182    0.000723    5.270994 ^ fanout662/A (sky130_fd_sc_hd__clkbuf_2)
    10    0.030717    0.170773    0.229100    5.500094 ^ fanout662/X (sky130_fd_sc_hd__clkbuf_2)
                                                         net662 (net)
                      0.170773    0.000609    5.500703 ^ _06485_/A_N (sky130_fd_sc_hd__and2b_1)
     4    0.019683    0.105024    0.268191    5.768894 v _06485_/X (sky130_fd_sc_hd__and2b_1)
                                                         _00016_ (net)
                      0.105026    0.000573    5.769467 v fanout585/A (sky130_fd_sc_hd__buf_2)
    21    0.047415    0.115031    0.228637    5.998104 v fanout585/X (sky130_fd_sc_hd__buf_2)
                                                         net585 (net)
                      0.115066    0.001945    6.000049 v _10026_/B2 (sky130_fd_sc_hd__a22o_1)
     2    0.007777    0.063562    0.246094    6.246143 v _10026_/X (sky130_fd_sc_hd__a22o_1)
                                                         _03757_ (net)
                      0.063562    0.000161    6.246304 v _10029_/B1 (sky130_fd_sc_hd__a22o_1)
     3    0.008091    0.064738    0.209277    6.455582 v _10029_/X (sky130_fd_sc_hd__a22o_1)
                                                         _03760_ (net)
                      0.064738    0.000233    6.455814 v _10030_/C (sky130_fd_sc_hd__and3_1)
     3    0.010001    0.066933    0.217033    6.672847 v _10030_/X (sky130_fd_sc_hd__and3_1)
                                                         _03761_ (net)
                      0.066933    0.000135    6.672982 v _10033_/B (sky130_fd_sc_hd__or3_1)
     3    0.008709    0.097588    0.391993    7.064975 v _10033_/X (sky130_fd_sc_hd__or3_1)
                                                         _03764_ (net)
                      0.097588    0.000182    7.065157 v _10036_/A1 (sky130_fd_sc_hd__a21bo_1)
     3    0.008453    0.059472    0.209663    7.274820 v _10036_/X (sky130_fd_sc_hd__a21bo_1)
                                                         _03767_ (net)
                      0.059472    0.000120    7.274941 v _10039_/A2 (sky130_fd_sc_hd__a21o_1)
     2    0.004936    0.042045    0.187591    7.462532 v _10039_/X (sky130_fd_sc_hd__a21o_1)
                                                         _03770_ (net)
                      0.042045    0.000098    7.462630 v _10040_/C (sky130_fd_sc_hd__and3_1)
     2    0.004813    0.045312    0.182849    7.645479 v _10040_/X (sky130_fd_sc_hd__and3_1)
                                                         _03771_ (net)
                      0.045312    0.000075    7.645555 v _10048_/B1 (sky130_fd_sc_hd__a31o_1)
     2    0.008827    0.062976    0.210229    7.855784 v _10048_/X (sky130_fd_sc_hd__a31o_1)
                                                         _03778_ (net)
                      0.062976    0.000350    7.856134 v _10083_/A1 (sky130_fd_sc_hd__a21bo_1)
     2    0.009731    0.063359    0.201516    8.057650 v _10083_/X (sky130_fd_sc_hd__a21bo_1)
                                                         _03812_ (net)
                      0.063359    0.000359    8.058009 v _10152_/A1 (sky130_fd_sc_hd__a21o_1)
     2    0.008454    0.057734    0.183784    8.241793 v _10152_/X (sky130_fd_sc_hd__a21o_1)
                                                         _03880_ (net)
                      0.057734    0.000185    8.241977 v _10158_/A2 (sky130_fd_sc_hd__a21o_1)
     4    0.018278    0.096390    0.239842    8.481819 v _10158_/X (sky130_fd_sc_hd__a21o_1)
                                                         _03885_ (net)
                      0.096395    0.000743    8.482561 v _10228_/A1 (sky130_fd_sc_hd__a211oi_1)
     2    0.007691    0.313675    0.316519    8.799081 ^ _10228_/Y (sky130_fd_sc_hd__a211oi_1)
                                                         _03954_ (net)
                      0.313675    0.000117    8.799198 ^ _10231_/C (sky130_fd_sc_hd__or4_1)
     2    0.010460    0.104636    0.213089    9.012287 ^ _10231_/X (sky130_fd_sc_hd__or4_1)
                                                         _03957_ (net)
                      0.104636    0.000480    9.012767 ^ _10268_/B1 (sky130_fd_sc_hd__o211ai_2)
     3    0.011123    0.104854    0.128606    9.141373 v _10268_/Y (sky130_fd_sc_hd__o211ai_2)
                                                         _03993_ (net)
                      0.104855    0.000420    9.141792 v _10272_/A3 (sky130_fd_sc_hd__a31o_1)
     3    0.009292    0.064811    0.267563    9.409355 v _10272_/X (sky130_fd_sc_hd__a31o_1)
                                                         _03996_ (net)
                      0.064811    0.000242    9.409597 v _10324_/A1 (sky130_fd_sc_hd__a21o_1)
     2    0.005078    0.042653    0.169123    9.578719 v _10324_/X (sky130_fd_sc_hd__a21o_1)
                                                         _04047_ (net)
                      0.042653    0.000084    9.578804 v _10325_/B (sky130_fd_sc_hd__and2_1)
     3    0.008765    0.059423    0.176868    9.755672 v _10325_/X (sky130_fd_sc_hd__and2_1)
                                                         _04048_ (net)
                      0.059423    0.000190    9.755862 v _10363_/A2 (sky130_fd_sc_hd__o31ai_1)
     2    0.006771    0.294698    0.308759   10.064621 ^ _10363_/Y (sky130_fd_sc_hd__o31ai_1)
                                                         _04084_ (net)
                      0.294698    0.000097   10.064718 ^ _10364_/B (sky130_fd_sc_hd__nor2_1)
     3    0.008062    0.087100    0.112811   10.177529 v _10364_/Y (sky130_fd_sc_hd__nor2_1)
                                                         _04085_ (net)
                      0.087100    0.000142   10.177671 v _10370_/B (sky130_fd_sc_hd__or3_1)
     1    0.002604    0.063160    0.349689   10.527361 v _10370_/X (sky130_fd_sc_hd__or3_1)
                                                         _04090_ (net)
                      0.063160    0.000081   10.527441 v _10372_/B (sky130_fd_sc_hd__and3_1)
     1    0.002633    0.035907    0.164985   10.692427 v _10372_/X (sky130_fd_sc_hd__and3_1)
                                                         _00387_ (net)
                      0.035907    0.000083   10.692511 v _13253_/D (sky130_fd_sc_hd__dfxtp_1)
                                             10.692511   data arrival time

                                 20.000000   20.000000   clock clk (rise edge)
                                  0.000000   20.000000   clock source latency
     2    0.040398    0.185679    0.130941   20.130941 ^ clk (in)
                                                         clk (net)
                      0.185793    0.000000   20.130941 ^ clkbuf_0_clk/A (sky130_fd_sc_hd__clkbuf_16)
    17    0.140905    0.154123    0.259428   20.390369 ^ clkbuf_0_clk/X (sky130_fd_sc_hd__clkbuf_16)
                                                         clknet_0_clk (net)
                      0.154443    0.005688   20.396057 ^ clkbuf_3_5__f_clk/A (sky130_fd_sc_hd__clkbuf_16)
    25    0.106465    0.120902    0.227599   20.623655 ^ clkbuf_3_5__f_clk/X (sky130_fd_sc_hd__clkbuf_16)
                                                         clknet_3_5__leaf_clk (net)
                      0.121127    0.003453   20.627110 ^ clkbuf_leaf_16_clk/A (sky130_fd_sc_hd__clkbuf_8)
     4    0.031160    0.068105    0.173715   20.800825 ^ clkbuf_leaf_16_clk/X (sky130_fd_sc_hd__clkbuf_8)
                                                         clknet_leaf_16_clk (net)
                      0.068121    0.001014   20.801840 ^ _13253_/CLK (sky130_fd_sc_hd__dfxtp_1)
                                 -0.250000   20.551840   clock uncertainty
                                  0.000000   20.551840   clock reconvergence pessimism
                                 -0.101141   20.450697   library setup time
                                             20.450697   data required time
---------------------------------------------------------------------------------------------
                                             20.450697   data required time
                                            -10.692511   data arrival time
---------------------------------------------------------------------------------------------
                                              9.758187   slack (MET)




===========================================================================
report_checks --slack_max -0.01
============================================================================
======================= nom_tt_025C_1v80 Corner ===================================

No paths found.


===========================================================================
 report_check_types -max_slew -max_cap -max_fanout -violators
============================================================================
======================= nom_tt_025C_1v80 Corner ===================================

max fanout

Pin                                   Limit Fanout  Slack
---------------------------------------------------------
clkbuf_3_2__f_clk/X                      10     25    -15 (VIOLATED)
clkbuf_3_3__f_clk/X                      10     25    -15 (VIOLATED)
clkbuf_3_4__f_clk/X                      10     25    -15 (VIOLATED)
clkbuf_3_5__f_clk/X                      10     25    -15 (VIOLATED)
clkbuf_3_6__f_clk/X                      10     25    -15 (VIOLATED)
_06520_/X                                10     21    -11 (VIOLATED)
clkbuf_3_1__f_clk/X                      10     21    -11 (VIOLATED)
clkbuf_3_7__f_clk/X                      10     21    -11 (VIOLATED)
fanout159/X                              10     21    -11 (VIOLATED)
fanout160/X                              10     21    -11 (VIOLATED)
fanout162/X                              10     21    -11 (VIOLATED)
fanout182/X                              10     21    -11 (VIOLATED)
fanout215/X                              10     21    -11 (VIOLATED)
fanout218/X                              10     21    -11 (VIOLATED)
fanout221/X                              10     21    -11 (VIOLATED)
fanout256/X                              10     21    -11 (VIOLATED)
fanout272/X                              10     21    -11 (VIOLATED)
fanout282/X                              10     21    -11 (VIOLATED)
fanout284/X                              10     21    -11 (VIOLATED)
fanout286/X                              10     21    -11 (VIOLATED)
fanout288/X                              10     21    -11 (VIOLATED)
fanout290/X                              10     21    -11 (VIOLATED)
fanout313/X                              10     21    -11 (VIOLATED)
fanout315/X                              10     21    -11 (VIOLATED)
fanout318/X                              10     21    -11 (VIOLATED)
fanout330/X                              10     21    -11 (VIOLATED)
fanout333/X                              10     21    -11 (VIOLATED)
fanout339/X                              10     21    -11 (VIOLATED)
fanout344/X                              10     21    -11 (VIOLATED)
fanout353/X                              10     21    -11 (VIOLATED)
fanout367/X                              10     21    -11 (VIOLATED)
fanout372/X                              10     21    -11 (VIOLATED)
fanout377/X                              10     21    -11 (VIOLATED)
fanout378/X                              10     21    -11 (VIOLATED)
fanout388/X                              10     21    -11 (VIOLATED)
fanout390/X                              10     21    -11 (VIOLATED)
fanout392/X                              10     21    -11 (VIOLATED)
fanout402/X                              10     21    -11 (VIOLATED)
fanout407/X                              10     21    -11 (VIOLATED)
fanout411/X                              10     21    -11 (VIOLATED)
fanout412/X                              10     21    -11 (VIOLATED)
fanout416/X                              10     21    -11 (VIOLATED)
fanout418/X                              10     21    -11 (VIOLATED)
fanout420/X                              10     21    -11 (VIOLATED)
fanout451/X                              10     21    -11 (VIOLATED)
fanout457/X                              10     21    -11 (VIOLATED)
fanout458/X                              10     21    -11 (VIOLATED)
fanout459/X                              10     21    -11 (VIOLATED)
fanout468/X                              10     21    -11 (VIOLATED)
fanout488/X                              10     21    -11 (VIOLATED)
fanout493/X                              10     21    -11 (VIOLATED)
fanout495/X                              10     21    -11 (VIOLATED)
fanout498/X                              10     21    -11 (VIOLATED)
fanout504/X                              10     21    -11 (VIOLATED)
fanout506/X                              10     21    -11 (VIOLATED)
fanout508/X                              10     21    -11 (VIOLATED)
fanout513/X                              10     21    -11 (VIOLATED)
fanout519/X                              10     21    -11 (VIOLATED)
fanout524/X                              10     21    -11 (VIOLATED)
fanout530/X                              10     21    -11 (VIOLATED)
fanout534/X                              10     21    -11 (VIOLATED)
fanout546/X                              10     21    -11 (VIOLATED)
fanout547/X                              10     21    -11 (VIOLATED)
fanout549/X                              10     21    -11 (VIOLATED)
fanout559/X                              10     21    -11 (VIOLATED)
fanout561/X                              10     21    -11 (VIOLATED)
fanout563/X                              10     21    -11 (VIOLATED)
fanout566/X                              10     21    -11 (VIOLATED)
fanout569/X                              10     21    -11 (VIOLATED)
fanout578/X                              10     21    -11 (VIOLATED)
fanout579/X                              10     21    -11 (VIOLATED)
fanout585/X                              10     21    -11 (VIOLATED)
fanout590/X                              10     21    -11 (VIOLATED)
fanout591/X                              10     21    -11 (VIOLATED)
fanout592/X                              10     21    -11 (VIOLATED)
fanout593/X                              10     21    -11 (VIOLATED)
fanout594/X                              10     21    -11 (VIOLATED)
fanout595/X                              10     21    -11 (VIOLATED)
fanout601/X                              10     21    -11 (VIOLATED)
fanout603/X                              10     21    -11 (VIOLATED)
fanout609/X                              10     21    -11 (VIOLATED)
fanout612/X                              10     21    -11 (VIOLATED)
fanout613/X                              10     21    -11 (VIOLATED)
fanout615/X                              10     21    -11 (VIOLATED)
fanout618/X                              10     21    -11 (VIOLATED)
fanout620/X                              10     21    -11 (VIOLATED)
fanout623/X                              10     21    -11 (VIOLATED)
fanout624/X                              10     21    -11 (VIOLATED)
fanout627/X                              10     21    -11 (VIOLATED)
fanout630/X                              10     21    -11 (VIOLATED)
fanout631/X                              10     21    -11 (VIOLATED)
fanout635/X                              10     21    -11 (VIOLATED)
fanout636/X                              10     21    -11 (VIOLATED)
fanout645/X                              10     21    -11 (VIOLATED)
fanout646/X                              10     21    -11 (VIOLATED)
fanout650/X                              10     21    -11 (VIOLATED)
fanout658/X                              10     21    -11 (VIOLATED)
fanout665/X                              10     21    -11 (VIOLATED)
fanout668/X                              10     21    -11 (VIOLATED)
fanout672/X                              10     21    -11 (VIOLATED)
fanout674/X                              10     21    -11 (VIOLATED)
fanout683/X                              10     21    -11 (VIOLATED)
fanout684/X                              10     21    -11 (VIOLATED)
input33/X                                10     21    -11 (VIOLATED)
_06487_/X                                10     19     -9 (VIOLATED)
_06488_/X                                10     19     -9 (VIOLATED)
clkbuf_3_0__f_clk/X                      10     19     -9 (VIOLATED)
fanout181/X                              10     19     -9 (VIOLATED)
fanout186/X                              10     19     -9 (VIOLATED)
fanout190/X                              10     19     -9 (VIOLATED)
fanout289/X                              10     19     -9 (VIOLATED)
fanout310/X                              10     19     -9 (VIOLATED)
fanout312/X                              10     19     -9 (VIOLATED)
fanout369/X                              10     19     -9 (VIOLATED)
fanout395/X                              10     19     -9 (VIOLATED)
fanout399/X                              10     19     -9 (VIOLATED)
fanout599/X                              10     19     -9 (VIOLATED)
fanout614/X                              10     19     -9 (VIOLATED)
input19/X                                10     19     -9 (VIOLATED)
_06502_/X                                10     17     -7 (VIOLATED)
clkbuf_0_clk/X                           10     17     -7 (VIOLATED)
clkbuf_leaf_43_clk/X                     10     17     -7 (VIOLATED)
clkbuf_leaf_57_clk/X                     10     17     -7 (VIOLATED)
fanout179/X                              10     17     -7 (VIOLATED)
fanout184/X                              10     17     -7 (VIOLATED)
fanout194/X                              10     17     -7 (VIOLATED)
fanout196/X                              10     17     -7 (VIOLATED)
fanout200/X                              10     17     -7 (VIOLATED)
fanout205/X                              10     17     -7 (VIOLATED)
fanout212/X                              10     17     -7 (VIOLATED)
fanout255/X                              10     17     -7 (VIOLATED)
fanout287/X                              10     17     -7 (VIOLATED)
fanout364/X                              10     17     -7 (VIOLATED)
fanout425/X                              10     17     -7 (VIOLATED)
fanout440/X                              10     17     -7 (VIOLATED)
fanout575/X                              10     17     -7 (VIOLATED)
fanout605/X                              10     17     -7 (VIOLATED)
clkbuf_leaf_50_clk/X                     10     16     -6 (VIOLATED)
clkbuf_leaf_7_clk/X                      10     16     -6 (VIOLATED)
clkbuf_leaf_46_clk/X                     10     15     -5 (VIOLATED)
fanout158/X                              10     15     -5 (VIOLATED)
fanout192/X                              10     15     -5 (VIOLATED)
fanout198/X                              10     15     -5 (VIOLATED)
fanout253/X                              10     15     -5 (VIOLATED)
fanout415/X                              10     15     -5 (VIOLATED)
fanout475/X                              10     15     -5 (VIOLATED)
fanout477/X                              10     15     -5 (VIOLATED)
fanout501/X                              10     15     -5 (VIOLATED)
fanout516/X                              10     15     -5 (VIOLATED)
fanout533/X                              10     15     -5 (VIOLATED)
fanout550/X                              10     15     -5 (VIOLATED)
fanout577/X                              10     15     -5 (VIOLATED)
fanout659/X                              10     15     -5 (VIOLATED)
fanout664/X                              10     15     -5 (VIOLATED)
fanout669/X                              10     15     -5 (VIOLATED)
fanout691/X                              10     15     -5 (VIOLATED)
fanout695/X                              10     15     -5 (VIOLATED)
clkbuf_leaf_18_clk/X                     10     14     -4 (VIOLATED)
clkbuf_leaf_23_clk/X                     10     14     -4 (VIOLATED)
clkbuf_leaf_25_clk/X                     10     14     -4 (VIOLATED)
clkbuf_leaf_73_clk/X                     10     14     -4 (VIOLATED)
clkbuf_leaf_49_clk/X                     10     13     -3 (VIOLATED)
fanout210/X                              10     13     -3 (VIOLATED)
fanout285/X                              10     13     -3 (VIOLATED)
fanout427/X                              10     13     -3 (VIOLATED)
fanout430/X                              10     13     -3 (VIOLATED)
fanout432/X                              10     13     -3 (VIOLATED)
fanout481/X                              10     13     -3 (VIOLATED)
fanout511/X                              10     13     -3 (VIOLATED)
fanout523/X                              10     13     -3 (VIOLATED)
fanout525/X                              10     13     -3 (VIOLATED)
fanout565/X                              10     13     -3 (VIOLATED)
fanout570/X                              10     13     -3 (VIOLATED)
fanout597/X                              10     13     -3 (VIOLATED)
fanout600/X                              10     13     -3 (VIOLATED)
fanout610/X                              10     13     -3 (VIOLATED)
fanout625/X                              10     13     -3 (VIOLATED)
fanout626/X                              10     13     -3 (VIOLATED)
fanout634/X                              10     13     -3 (VIOLATED)
fanout643/X                              10     13     -3 (VIOLATED)
fanout647/X                              10     13     -3 (VIOLATED)
fanout660/X                              10     13     -3 (VIOLATED)
fanout679/X                              10     13     -3 (VIOLATED)
fanout680/X                              10     13     -3 (VIOLATED)
fanout688/X                              10     13     -3 (VIOLATED)
clkbuf_leaf_68_clk/X                     10     12     -2 (VIOLATED)
clkbuf_leaf_6_clk/X                      10     12     -2 (VIOLATED)
clkbuf_leaf_78_clk/X                     10     12     -2 (VIOLATED)
_06486_/X                                10     11        (VIOLATED)
_06491_/X                                10     11        (VIOLATED)
_06501_/X                                10     11        (VIOLATED)
_12791_/Q                                10     11        (VIOLATED)
_12828_/Q                                10     11        (VIOLATED)
_12835_/Q                                10     11        (VIOLATED)
_12850_/Q                                10     11        (VIOLATED)
_12855_/Q                                10     11        (VIOLATED)
_12918_/Q                                10     11        (VIOLATED)
_12931_/Q                                10     11        (VIOLATED)
_12984_/Q                                10     11        (VIOLATED)
_13003_/Q                                10     11        (VIOLATED)
clkbuf_leaf_36_clk/X                     10     11        (VIOLATED)
clkbuf_leaf_56_clk/X                     10     11        (VIOLATED)
clkbuf_leaf_71_clk/X                     10     11        (VIOLATED)
clkbuf_leaf_75_clk/X                     10     11        (VIOLATED)
fanout188/X                              10     11        (VIOLATED)
fanout203/X                              10     11        (VIOLATED)
fanout208/X                              10     11        (VIOLATED)
fanout257/X                              10     11        (VIOLATED)
fanout263/X                              10     11        (VIOLATED)
fanout434/X                              10     11        (VIOLATED)
fanout518/X                              10     11        (VIOLATED)
fanout573/X                              10     11        (VIOLATED)
fanout596/X                              10     11        (VIOLATED)
fanout611/X                              10     11        (VIOLATED)
fanout616/X                              10     11        (VIOLATED)
fanout622/X                              10     11        (VIOLATED)
fanout637/X                              10     11        (VIOLATED)
fanout641/X                              10     11        (VIOLATED)
fanout694/X                              10     11        (VIOLATED)
input10/X                                10     11        (VIOLATED)
input11/X                                10     11        (VIOLATED)



===========================================================================
report_parasitic_annotation -report_unannotated
============================================================================
Found 131 unannotated drivers.
 MMU_696/HI
 MMU_697/HI
 MMU_698/HI
 MMU_699/HI
 MMU_700/HI
 MMU_701/HI
 MMU_702/HI
 MMU_703/HI
 MMU_704/HI
 MMU_705/HI
 MMU_706/HI
 MMU_707/HI
 MMU_708/HI
 MMU_709/HI
 MMU_710/HI
 MMU_711/HI
 MMU_712/HI
 MMU_713/HI
 MMU_714/HI
 MMU_715/HI
 MMU_716/HI
 MMU_717/HI
 MMU_718/HI
 MMU_719/HI
 MMU_720/HI
 MMU_721/HI
 MMU_722/HI
 MMU_723/HI
 MMU_724/HI
 MMU_725/HI
 MMU_726/HI
 MMU_727/HI
 MMU_728/HI
 MMU_729/HI
 MMU_730/HI
 MMU_731/HI
 MMU_732/HI
 MMU_733/HI
 MMU_734/HI
 MMU_735/HI
 MMU_736/HI
 MMU_737/HI
 MMU_738/HI
 MMU_739/HI
 MMU_740/HI
 MMU_741/HI
 MMU_742/HI
 MMU_743/HI
 MMU_744/HI
 MMU_745/HI
 MMU_746/HI
 MMU_747/HI
 clkload0/Y
 clkload1/Y
 clkload10/Y
 clkload11/Y
 clkload12/Y
 clkload13/Y
 clkload14/Y
 clkload15/X
 clkload16/Y
 clkload17/X
 clkload18/Y
 clkload19/Y
 clkload2/X
 clkload20/Y
 clkload21/Y
 clkload22/Y
 clkload23/Y
 clkload24/Y
 clkload25/Y
 clkload26/Y
 clkload27/Y
 clkload28/Y
 clkload29/Y
 clkload3/Y
 clkload30/X
 clkload31/Y
 clkload32/Y
 clkload33/Y
 clkload34/Y
 clkload35/Y
 clkload36/Y
 clkload37/Y
 clkload38/Y
 clkload39/Y
 clkload4/Y
 clkload40/Y
 clkload41/Y
 clkload42/Y
 clkload43/Y
 clkload44/Y
 clkload45/Y
 clkload46/Y
 clkload47/Y
 clkload48/Y
 clkload49/Y
 clkload5/Y
 clkload50/Y
 clkload51/Y
 clkload52/Y
 clkload53/Y
 clkload54/Y
 clkload55/Y
 clkload56/Y
 clkload57/Y
 clkload58/X
 clkload59/X
 clkload6/Y
 clkload60/Y
 clkload61/Y
 clkload62/Y
 clkload63/Y
 clkload64/Y
 clkload65/Y
 clkload66/Y
 clkload67/Y
 clkload68/Y
 clkload69/Y
 clkload7/Y
 clkload70/Y
 clkload71/Y
 clkload72/Y
 clkload73/Y
 clkload74/Y
 clkload75/Y
 clkload76/Y
 clkload77/X
 clkload78/Y
 clkload8/Y
 clkload9/Y
Found 0 partially unannotated drivers.

===========================================================================
max slew violation count 0
Writing metric design__max_slew_violation__count__corner:nom_tt_025C_1v80: 0
max fanout violation count 221
Writing metric design__max_fanout_violation__count__corner:nom_tt_025C_1v80: 221
max cap violation count 0
Writing metric design__max_cap_violation__count__corner:nom_tt_025C_1v80: 0
============================================================================

===========================================================================
check_setup -verbose -unconstrained_endpoints -multiple_clock -no_clock -no_input_delay -loops -generated_clocks
===========================================================================
Warning: There are 52 unconstrained endpoints.
  acc_out[115]
  acc_out[116]
  acc_out[117]
  acc_out[118]
  acc_out[119]
  acc_out[120]
  acc_out[121]
  acc_out[122]
  acc_out[123]
  acc_out[124]
  acc_out[125]
  acc_out[126]
  acc_out[127]
  acc_out[19]
  acc_out[20]
  acc_out[21]
  acc_out[22]
  acc_out[23]
  acc_out[24]
  acc_out[25]
  acc_out[26]
  acc_out[27]
  acc_out[28]
  acc_out[29]
  acc_out[30]
  acc_out[31]
  acc_out[51]
  acc_out[52]
  acc_out[53]
  acc_out[54]
  acc_out[55]
  acc_out[56]
  acc_out[57]
  acc_out[58]
  acc_out[59]
  acc_out[60]
  acc_out[61]
  acc_out[62]
  acc_out[63]
  acc_out[83]
  acc_out[84]
  acc_out[85]
  acc_out[86]
  acc_out[87]
  acc_out[88]
  acc_out[89]
  acc_out[90]
  acc_out[91]
  acc_out[92]
  acc_out[93]
  acc_out[94]
  acc_out[95]
