Clock: clk
Sources: clk 
Generated: no
Virtual: yes
Propagated: no
Period: 20.000000

===========================================================================
report_clock_properties
============================================================================
Clock                   Period          Waveform
----------------------------------------------------
clk                  20.000000    0.000000 10.000000

===========================================================================
report_clock_latency
============================================================================
Clock clk
rise -> rise
    min     max
0.000000 0.000000 source latency
0.621645         network latency _13118_/CLK
        0.825068 network latency _13069_/CLK
---------------
0.621645 0.825068 latency
        0.203423 skew

fall -> fall
    min     max
0.000000 0.000000 source latency
0.510588         network latency _13118_/CLK
        0.702562 network latency _13069_/CLK
---------------
0.510588 0.702562 latency
        0.191974 skew



===========================================================================
report_clock_min_period
============================================================================
clk period_min = 6.48 fmax = 154.24
