
===========================================================================
 report_power
============================================================================
======================= nom_tt_025C_1v80 Corner ===================================

Group                    Internal    Switching      Leakage        Total
                            Power        Power        Power        Power (Watts)
------------------------------------------------------------------------
Sequential           1.363554e-03 1.121114e-04 4.792239e-09 1.475670e-03  27.9%
Combinational        1.156049e-03 1.433006e-03 2.374012e-08 2.589079e-03  48.9%
Clock                6.304503e-04 5.968823e-04 2.072500e-09 1.227335e-03  23.2%
Macro                0.000000e+00 0.000000e+00 0.000000e+00 0.000000e+00   0.0%
Pad                  0.000000e+00 0.000000e+00 0.000000e+00 0.000000e+00   0.0%
------------------------------------------------------------------------
Total                3.150044e-03 2.141999e-03 3.060523e-08 5.292073e-03 100.0%
                            59.5%        40.5%         0.0%
Writing metric power__internal__total: 0.0031500435434281826
Writing metric power__switching__total: 0.0021419988479465246
Writing metric power__leakage__total: 3.060523212639055e-8
Writing metric power__total: 0.005292072892189026

