Clock: clk
Sources: clk 
Generated: no
Virtual: yes
Propagated: no
Period: 20.000000

===========================================================================
report_clock_properties
============================================================================
Clock                   Period          Waveform
----------------------------------------------------
clk                  20.000000    0.000000 10.000000

===========================================================================
report_clock_latency
============================================================================
Clock clk
rise -> rise
    min     max
0.000000 0.000000 source latency
0.512745         network latency _13118_/CLK
        0.654504 network latency _13069_/CLK
---------------
0.512745 0.654504 latency
        0.141759 skew

fall -> fall
    min     max
0.000000 0.000000 source latency
0.406688         network latency _13118_/CLK
        0.541848 network latency _13069_/CLK
---------------
0.406688 0.541848 latency
        0.135160 skew



===========================================================================
report_clock_min_period
============================================================================
clk period_min = 4.06 fmax = 246.51
