
===========================================================================
 report_power
============================================================================
======================= min_ff_n40C_1v95 Corner ===================================

Group                    Internal    Switching      Leakage        Total
                            Power        Power        Power        Power (Watts)
------------------------------------------------------------------------
Sequential           1.577595e-03 1.478472e-04 8.402464e-09 1.725451e-03  28.0%
Combinational        1.282759e-03 1.692667e-03 3.962211e-08 2.975466e-03  48.3%
Clock                7.192604e-04 7.402813e-04 7.437904e-08 1.459616e-03  23.7%
Macro                0.000000e+00 0.000000e+00 0.000000e+00 0.000000e+00   0.0%
Pad                  0.000000e+00 0.000000e+00 0.000000e+00 0.000000e+00   0.0%
------------------------------------------------------------------------
Total                3.579613e-03 2.580795e-03 1.224019e-07 6.160530e-03 100.0%
                            58.1%        41.9%         0.0%

