Clock: clk
Sources: clk 
Generated: no
Virtual: no
Propagated: no
Period: 20.000000

===========================================================================
report_clock_properties
============================================================================
Clock                   Period          Waveform
----------------------------------------------------
clk                  20.000000    0.000000 10.000000

===========================================================================
report_clock_latency
============================================================================
Clock clk
rise -> rise
    min     max
0.000000 0.000000 source latency
3.325680         network latency _12790_/CLK
        3.325680 network latency _12790_/CLK
---------------
3.325680 3.325680 latency
        0.000000 skew

fall -> fall
    min     max
0.000000 0.000000 source latency
1.598600         network latency _12790_/CLK
        1.598600 network latency _12790_/CLK
---------------
1.598600 1.598600 latency
        0.000000 skew



===========================================================================
report_clock_min_period
============================================================================
clk period_min = 6.30 fmax = 158.73
