
===========================================================================
 report_power
============================================================================
======================= nom_tt_025C_1v80 Corner ===================================

Group                    Internal    Switching      Leakage        Total
                            Power        Power        Power        Power (Watts)
------------------------------------------------------------------------
Sequential           1.408912e-03 3.326177e-04 4.965333e-09 1.741535e-03  38.8%
Combinational        1.585362e-03 1.162631e-03 2.460632e-08 2.748018e-03  61.2%
Clock                0.000000e+00 0.000000e+00 0.000000e+00 0.000000e+00   0.0%
Macro                0.000000e+00 0.000000e+00 0.000000e+00 0.000000e+00   0.0%
Pad                  0.000000e+00 0.000000e+00 0.000000e+00 0.000000e+00   0.0%
------------------------------------------------------------------------
Total                2.994275e-03 1.495250e-03 2.957171e-08 4.489555e-03 100.0%
                            66.7%        33.3%         0.0%

