Clock: clk
Sources: clk 
Generated: no
Virtual: yes
Propagated: no
Period: 20.000000

===========================================================================
report_clock_properties
============================================================================
Clock                   Period          Waveform
----------------------------------------------------
clk                  20.000000    0.000000 10.000000

===========================================================================
report_clock_latency
============================================================================
Clock clk
rise -> rise
    min     max
0.000000 0.000000 source latency
0.802890         network latency _13118_/CLK
        1.024176 network latency _13069_/CLK
---------------
0.802890 1.024176 latency
        0.221287 skew

fall -> fall
    min     max
0.000000 0.000000 source latency
0.630119         network latency _13118_/CLK
        0.835781 network latency _13069_/CLK
---------------
0.630119 0.835781 latency
        0.205662 skew



===========================================================================
report_clock_min_period
============================================================================
clk period_min = 6.59 fmax = 151.77
