
===========================================================================
 report_power
============================================================================
======================= max_tt_025C_1v80 Corner ===================================

Group                    Internal    Switching      Leakage        Total
                            Power        Power        Power        Power (Watts)
------------------------------------------------------------------------
Sequential           1.363029e-03 1.375475e-04 4.792239e-09 1.500581e-03  27.5%
Combinational        1.155095e-03 1.513244e-03 2.374012e-08 2.668364e-03  48.9%
Clock                6.291948e-04 6.630472e-04 5.995970e-08 1.292302e-03  23.7%
Macro                0.000000e+00 0.000000e+00 0.000000e+00 0.000000e+00   0.0%
Pad                  0.000000e+00 0.000000e+00 0.000000e+00 0.000000e+00   0.0%
------------------------------------------------------------------------
Total                3.147325e-03 2.313836e-03 8.849206e-08 5.461250e-03 100.0%
                            57.6%        42.4%         0.0%

