Reading OpenROAD database at '/foss/designs/196/systolic_array_4x4_test/librelane/runs/RUN_2026-09-02_05-27-52/15-odb-setpowerconnections/MMU.odb'…
Reading library file at '/foss/pdks/sky130A/libs.ref/sky130_fd_sc_hd/lib/sky130_fd_sc_hd__tt_025C_1v80.lib'…
Reading design constraints file at '/usr/local/lib/python3.12/dist-packages/librelane/scripts/base.sdc'…
[INFO] Using clock clk…
[INFO] Setting output delay to: 4
[INFO] Setting input delay to: 4
[INFO] Setting load to: 0.033442
[INFO] Setting clock uncertainty to: 0.25
[INFO] Setting clock transition to: 0.1499999999999999944488848768742172978818416595458984375
[INFO] Setting timing derate to: 5%
Setting global connections for newly added cells…
[INFO] Setting global connections...
Updating metrics…
Cell type report:                       Count       Area
  Inverter                                165     619.34
  Sequential cell                         580   12336.83
  Multi-Input combinational cell         6282   60550.57
  Total                                  7027   73506.75
Writing OpenROAD database to '/foss/designs/196/systolic_array_4x4_test/librelane/runs/RUN_2026-09-02_05-27-52/17-openroad-cutrows/MMU.odb'…
Writing layout to '/foss/designs/196/systolic_array_4x4_test/librelane/runs/RUN_2026-09-02_05-27-52/17-openroad-cutrows/MMU.def'…
