Clock: clk
Sources: clk 
Generated: no
Virtual: yes
Propagated: no
Period: 20.000000

===========================================================================
report_clock_properties
============================================================================
Clock                   Period          Waveform
----------------------------------------------------
clk                  20.000000    0.000000 10.000000

===========================================================================
report_clock_latency
============================================================================
Clock clk
rise -> rise
    min     max
0.000000 0.000000 source latency
0.743859         network latency _13118_/CLK
        0.950859 network latency _13069_/CLK
---------------
0.743859 0.950859 latency
        0.207000 skew

fall -> fall
    min     max
0.000000 0.000000 source latency
0.587009         network latency _13118_/CLK
        0.780442 network latency _13069_/CLK
---------------
0.587009 0.780442 latency
        0.193434 skew



===========================================================================
report_clock_min_period
============================================================================
clk period_min = 6.44 fmax = 155.25
