Reading timing models for corner nom_tt_025C_1v80…
Reading timing library for the 'nom_tt_025C_1v80' corner at '/foss/pdks/sky130A/libs.ref/sky130_fd_sc_hd/lib/sky130_fd_sc_hd__tt_025C_1v80.lib'…
Reading timing models for corner nom_ff_n40C_1v95…
Reading timing library for the 'nom_ff_n40C_1v95' corner at '/foss/pdks/sky130A/libs.ref/sky130_fd_sc_hd/lib/sky130_fd_sc_hd__ff_n40C_1v95.lib'…
Reading timing models for corner nom_ss_100C_1v60…
Reading timing library for the 'nom_ss_100C_1v60' corner at '/foss/pdks/sky130A/libs.ref/sky130_fd_sc_hd/lib/sky130_fd_sc_hd__ss_100C_1v60.lib'…
Reading OpenROAD database at '/foss/designs/196/systolic_array_4x4_test/librelane/runs/RUN_2026-09-02_05-27-52/27-openroad-globalplacement/MMU.odb'…
Reading design constraints file at '/usr/local/lib/python3.12/dist-packages/librelane/scripts/base.sdc'…
[INFO] Using clock clk…
[INFO] Setting output delay to: 4
[INFO] Setting input delay to: 4
[INFO] Setting load to: 0.033442
[INFO] Setting clock uncertainty to: 0.25
[INFO] Setting clock transition to: 0.1499999999999999944488848768742172978818416595458984375
[INFO] Setting timing derate to: 5%
[INFO] Setting RC values…
[INFO RSZ-0027] Inserted 65 input buffers.
[INFO RSZ-0028] Inserted 76 output buffers.
[INFO RSZ-0058] Using max wire length 6335um.
Iteration | Resized | Buffers | Nets repaired | Remaining
---------------------------------------------------------
        0 |       0 |       0 |             0 |      7286
      100 |      99 |       0 |            28 |      7186
      200 |     198 |       0 |            48 |      7086
      300 |     292 |       0 |            63 |      6986
      400 |     388 |       0 |            88 |      6886
      500 |     483 |       3 |           107 |      6786
      600 |     581 |       3 |           119 |      6686
      700 |     679 |       3 |           142 |      6586
      800 |     772 |       3 |           159 |      6486
      900 |     871 |       3 |           178 |      6386
     1000 |     963 |       3 |           197 |      6286
     1100 |    1058 |       4 |           212 |      6186
     1200 |    1152 |       6 |           223 |      6086
     1300 |    1247 |       6 |           232 |      5986
     1400 |    1342 |       6 |           239 |      5886
     1500 |    1427 |       6 |           243 |      5786
     1600 |    1519 |       6 |           251 |      5686
     1700 |    1615 |       6 |           256 |      5586
     1800 |    1710 |       6 |           262 |      5486
     1900 |    1806 |       6 |           267 |      5386
     2000 |    1902 |       6 |           272 |      5286
     2100 |    1997 |       6 |           277 |      5186
     2200 |    2092 |       6 |           284 |      5086
     2300 |    2190 |       6 |           285 |      4986
     2400 |    2284 |       6 |           292 |      4886
     2500 |    2381 |       6 |           298 |      4786
     2600 |    2480 |       6 |           302 |      4686
     2700 |    2572 |       6 |           302 |      4586
     2800 |    2664 |       6 |           302 |      4486
     2900 |    2761 |       6 |           302 |      4386
     3000 |    2857 |       6 |           309 |      4286
     3100 |    2952 |       6 |           313 |      4186
     3200 |    3047 |       6 |           318 |      4086
     3300 |    3141 |       6 |           318 |      3986
     3400 |    3241 |       6 |           321 |      3886
     3500 |    3339 |       6 |           327 |      3786
     3600 |    3438 |       6 |           336 |      3686
     3700 |    3531 |       6 |           339 |      3586
     3800 |    3628 |       6 |           341 |      3486
     3900 |    3724 |       6 |           341 |      3386
     4000 |    3824 |       6 |           341 |      3286
     4100 |    3924 |       6 |           341 |      3186
     4200 |    4022 |       6 |           341 |      3086
     4300 |    4115 |       6 |           343 |      2986
     4400 |    4209 |       6 |           345 |      2886
     4500 |    4306 |       6 |           345 |      2786
     4600 |    4404 |       6 |           345 |      2686
     4700 |    4496 |       6 |           348 |      2586
     4800 |    4589 |       6 |           350 |      2486
     4900 |    4684 |       7 |           353 |      2386
     5000 |    4779 |       9 |           359 |      2286
     5100 |    4878 |      10 |           362 |      2186
     5200 |    4973 |      12 |           368 |      2086
     5300 |    5071 |      12 |           368 |      1986
     5400 |    5169 |      12 |           368 |      1886
     5500 |    5269 |      12 |           368 |      1786
     5600 |    5368 |      12 |           368 |      1686
     5700 |    5467 |      12 |           368 |      1586
     5800 |    5566 |      12 |           368 |      1486
     5900 |    5664 |      12 |           368 |      1386
     6000 |    5762 |      12 |           368 |      1286
     6100 |    5858 |      12 |           370 |      1186
     6200 |    5890 |      12 |           438 |      1086
     6300 |    5939 |      22 |           503 |       986
     6400 |    5969 |      22 |           503 |       886
     6500 |    6069 |      22 |           503 |       786
     6600 |    6169 |      22 |           503 |       686
     6700 |    6269 |      22 |           503 |       586
     6800 |    6369 |      22 |           503 |       486
     6900 |    6624 |     197 |           601 |       386
     7000 |    6891 |     377 |           701 |       286
     7100 |    7078 |     485 |           745 |       186
     7200 |    7161 |     554 |           746 |        86
    final |    7161 |     554 |           746 |         0
---------------------------------------------------------
[INFO RSZ-0034] Found 497 slew violations.
[INFO RSZ-0035] Found 250 fanout violations.
[INFO RSZ-0038] Inserted 554 buffers in 746 nets.
[INFO RSZ-0039] Resized 7161 instances.
[INFO RSZ-0042] Inserted 52 tie sky130_fd_sc_hd__conb_1 instances.
Placement Analysis
---------------------------------
total displacement      17217.0 u
average displacement        1.7 u
max displacement           13.9 u
original HPWL          120949.2 u
legalized HPWL         136125.8 u
delta HPWL                   13 %

[INFO DPL-0020] Mirrored 2570 instances
[INFO DPL-0021] HPWL before          136125.8 u
[INFO DPL-0022] HPWL after           132894.0 u
[INFO DPL-0023] HPWL delta               -2.4 %
[INFO] Setting RC values…
Setting global connections for newly added cells…
[INFO] Setting global connections...
Updating metrics…
Cell type report:                       Count       Area
  Fill cell                               280    1051.01
  Tap cell                               2059    2576.22
  Timing Repair Buffer                    695    3883.72
  Inverter                                165     619.34
  Sequential cell                         580   11612.39
  Multi-Input combinational cell         6282   43351.58
  Total                                 10061   63094.26
Writing OpenROAD database to '/foss/designs/196/systolic_array_4x4_test/librelane/runs/RUN_2026-09-02_05-27-52/31-openroad-repairdesignpostgpl/MMU.odb'…
Writing netlist to '/foss/designs/196/systolic_array_4x4_test/librelane/runs/RUN_2026-09-02_05-27-52/31-openroad-repairdesignpostgpl/MMU.nl.v'…
Writing powered netlist to '/foss/designs/196/systolic_array_4x4_test/librelane/runs/RUN_2026-09-02_05-27-52/31-openroad-repairdesignpostgpl/MMU.pnl.v'…
Writing layout to '/foss/designs/196/systolic_array_4x4_test/librelane/runs/RUN_2026-09-02_05-27-52/31-openroad-repairdesignpostgpl/MMU.def'…
Writing timing constraints to '/foss/designs/196/systolic_array_4x4_test/librelane/runs/RUN_2026-09-02_05-27-52/31-openroad-repairdesignpostgpl/MMU.sdc'…
