
===========================================================================
report_checks -unconstrained
===========================================================================
======================= max_ff_n40C_1v95 Corner ===================================

Startpoint: control (input port clocked by clk)
Endpoint: _13107_ (rising edge-triggered flip-flop clocked by clk)
Path Group: clk
Path Type: max

Fanout         Cap        Slew       Delay        Time   Description
---------------------------------------------------------------------------------------------
                                  0.000000    0.000000   clock clk (rise edge)
                                  0.000000    0.000000   clock network delay (propagated)
                                  4.000000    4.000000 v input external delay
     2    0.003561    0.005824    0.002983    4.002983 v control (in)
                                                         control (net)
                      0.005831    0.000000    4.002983 v input1/A (sky130_fd_sc_hd__clkbuf_4)
     7    0.083789    0.118446    0.155005    4.157988 v input1/X (sky130_fd_sc_hd__clkbuf_4)
                                                         net1 (net)
                      0.118843    0.005793    4.163781 v fanout695/A (sky130_fd_sc_hd__buf_4)
    15    0.122482    0.112686    0.191989    4.355769 v fanout695/X (sky130_fd_sc_hd__buf_4)
                                                         net695 (net)
                      0.115721    0.014749    4.370518 v fanout694/A (sky130_fd_sc_hd__clkbuf_2)
    11    0.041811    0.110271    0.173514    4.544033 v fanout694/X (sky130_fd_sc_hd__clkbuf_2)
                                                         net694 (net)
                      0.110664    0.005136    4.549168 v fanout693/A (sky130_fd_sc_hd__clkbuf_4)
    10    0.042051    0.067506    0.161612    4.710780 v fanout693/X (sky130_fd_sc_hd__clkbuf_4)
                                                         net693 (net)
                      0.068162    0.005172    4.715952 v _06395_/A (sky130_fd_sc_hd__inv_2)
     1    0.004178    0.027332    0.043855    4.759807 ^ _06395_/Y (sky130_fd_sc_hd__inv_2)
                                                         _06393_ (net)
                      0.027335    0.000262    4.760069 ^ fanout626/A (sky130_fd_sc_hd__buf_4)
    13    0.115195    0.240286    0.198565    4.958633 ^ fanout626/X (sky130_fd_sc_hd__buf_4)
                                                         net626 (net)
                      0.240541    0.006774    4.965408 ^ fanout625/A (sky130_fd_sc_hd__clkbuf_2)
    13    0.041834    0.175923    0.198061    5.163469 ^ fanout625/X (sky130_fd_sc_hd__clkbuf_2)
                                                         net625 (net)
                      0.175978    0.002582    5.166051 ^ fanout624/A (sky130_fd_sc_hd__buf_2)
    21    0.058593    0.215038    0.222660    5.388711 ^ fanout624/X (sky130_fd_sc_hd__buf_2)
                                                         net624 (net)
                      0.215236    0.005391    5.394102 ^ fanout623/A (sky130_fd_sc_hd__clkbuf_4)
    21    0.068687    0.159535    0.213456    5.607559 ^ fanout623/X (sky130_fd_sc_hd__clkbuf_4)
                                                         net623 (net)
                      0.160026    0.007297    5.614856 ^ _06524_/A (sky130_fd_sc_hd__and2_1)
     7    0.030587    0.225768    0.226227    5.841083 ^ _06524_/X (sky130_fd_sc_hd__and2_1)
                                                         _00055_ (net)
                      0.225806    0.002430    5.843513 ^ fanout154/A (sky130_fd_sc_hd__buf_2)
    10    0.039678    0.147842    0.181611    6.025123 ^ fanout154/X (sky130_fd_sc_hd__buf_2)
                                                         net154 (net)
                      0.147851    0.000985    6.026108 ^ _06931_/B (sky130_fd_sc_hd__nand2_1)
     2    0.009602    0.069914    0.070691    6.096800 v _06931_/Y (sky130_fd_sc_hd__nand2_1)
                                                         _00805_ (net)
                      0.069917    0.000400    6.097199 v _06935_/A (sky130_fd_sc_hd__xnor2_1)
     2    0.008532    0.161129    0.172022    6.269221 ^ _06935_/Y (sky130_fd_sc_hd__xnor2_1)
                                                         _00809_ (net)
                      0.161132    0.000532    6.269753 ^ _06937_/B (sky130_fd_sc_hd__xor2_1)
     2    0.008160    0.148606    0.143983    6.413736 ^ _06937_/X (sky130_fd_sc_hd__xor2_1)
                                                         _00811_ (net)
                      0.148606    0.000569    6.414306 ^ _06938_/B (sky130_fd_sc_hd__xnor2_1)
     2    0.007283    0.143570    0.103098    6.517403 ^ _06938_/Y (sky130_fd_sc_hd__xnor2_1)
                                                         _00812_ (net)
                      0.143615    0.000424    6.517828 ^ _06940_/B (sky130_fd_sc_hd__xor2_1)
     2    0.008279    0.150142    0.145559    6.663386 ^ _06940_/X (sky130_fd_sc_hd__xor2_1)
                                                         _00814_ (net)
                      0.150146    0.000572    6.663959 ^ _06942_/B (sky130_fd_sc_hd__xnor2_1)
     2    0.007901    0.152265    0.106541    6.770499 ^ _06942_/Y (sky130_fd_sc_hd__xnor2_1)
                                                         _00816_ (net)
                      0.152268    0.000530    6.771029 ^ _06944_/B (sky130_fd_sc_hd__xor2_1)
     2    0.008734    0.156069    0.149714    6.920743 ^ _06944_/X (sky130_fd_sc_hd__xor2_1)
                                                         _00818_ (net)
                      0.156073    0.000626    6.921369 ^ _06946_/A (sky130_fd_sc_hd__xor2_1)
     4    0.011534    0.192958    0.178988    7.100358 ^ _06946_/X (sky130_fd_sc_hd__xor2_1)
                                                         _00820_ (net)
                      0.192964    0.000861    7.101219 ^ _06949_/B (sky130_fd_sc_hd__nand2_1)
     3    0.009653    0.072478    0.074192    7.175411 v _06949_/Y (sky130_fd_sc_hd__nand2_1)
                                                         _00823_ (net)
                      0.072485    0.000602    7.176013 v _06979_/B1_N (sky130_fd_sc_hd__a21bo_1)
     2    0.009538    0.066492    0.151484    7.327497 ^ _06979_/X (sky130_fd_sc_hd__a21bo_1)
                                                         _00852_ (net)
                      0.066493    0.000380    7.327877 ^ _06980_/B1 (sky130_fd_sc_hd__a31o_1)
     2    0.010798    0.083569    0.095779    7.423656 ^ _06980_/X (sky130_fd_sc_hd__a31o_1)
                                                         _00853_ (net)
                      0.083571    0.000552    7.424208 ^ _06983_/A (sky130_fd_sc_hd__xnor2_1)
     2    0.009735    0.178120    0.114583    7.538791 ^ _06983_/Y (sky130_fd_sc_hd__xnor2_1)
                                                         _00856_ (net)
                      0.178123    0.000616    7.539407 ^ _06984_/B (sky130_fd_sc_hd__xnor2_1)
     3    0.008114    0.062624    0.072515    7.611922 v _06984_/Y (sky130_fd_sc_hd__xnor2_1)
                                                         _00857_ (net)
                      0.062628    0.000414    7.612336 v _06989_/A2 (sky130_fd_sc_hd__o32a_1)
     4    0.013613    0.070801    0.236864    7.849200 v _06989_/X (sky130_fd_sc_hd__o32a_1)
                                                         _00861_ (net)
                      0.070807    0.000709    7.849908 v _07047_/A1 (sky130_fd_sc_hd__a211oi_2)
     3    0.011202    0.191048    0.192246    8.042154 ^ _07047_/Y (sky130_fd_sc_hd__a211oi_2)
                                                         _00918_ (net)
                      0.191048    0.000403    8.042558 ^ _07081_/A1 (sky130_fd_sc_hd__a211o_1)
     4    0.015676    0.108203    0.145094    8.187652 ^ _07081_/X (sky130_fd_sc_hd__a211o_1)
                                                         _00950_ (net)
                      0.108207    0.000841    8.188493 ^ _07087_/A2 (sky130_fd_sc_hd__o211ai_2)
     3    0.008097    0.053580    0.059278    8.247770 v _07087_/Y (sky130_fd_sc_hd__o211ai_2)
                                                         _00955_ (net)
                      0.053581    0.000266    8.248037 v _07091_/A2 (sky130_fd_sc_hd__a21oi_1)
     3    0.009946    0.172829    0.173966    8.422003 ^ _07091_/Y (sky130_fd_sc_hd__a21oi_1)
                                                         _00958_ (net)
                      0.172833    0.000669    8.422671 ^ _07095_/B (sky130_fd_sc_hd__and2_1)
     2    0.006570    0.058760    0.111505    8.534176 ^ _07095_/X (sky130_fd_sc_hd__and2_1)
                                                         _00242_ (net)
                      0.058760    0.000330    8.534506 ^ _07096_/C (sky130_fd_sc_hd__nor3_1)
     1    0.002691    0.041700    0.027969    8.562474 v _07096_/Y (sky130_fd_sc_hd__nor3_1)
                                                         _00241_ (net)
                      0.041700    0.000113    8.562588 v _13107_/D (sky130_fd_sc_hd__dfxtp_1)
                                              8.562588   data arrival time

                                 20.000000   20.000000   clock clk (rise edge)
                                  0.000000   20.000000   clock source latency
     2    0.063170    0.215269    0.152266   20.152266 ^ clk (in)
                                                         clk (net)
                      0.215687    0.000000   20.152266 ^ clkbuf_0_clk/A (sky130_fd_sc_hd__clkbuf_16)
    17    0.200511    0.165008    0.213660   20.365927 ^ clkbuf_0_clk/X (sky130_fd_sc_hd__clkbuf_16)
                                                         clknet_0_clk (net)
                      0.166518    0.012657   20.378582 ^ clkbuf_3_5__f_clk/A (sky130_fd_sc_hd__clkbuf_16)
    25    0.134930    0.115011    0.174985   20.553568 ^ clkbuf_3_5__f_clk/X (sky130_fd_sc_hd__clkbuf_16)
                                                         clknet_3_5__leaf_clk (net)
                      0.116838    0.011481   20.565048 ^ clkbuf_leaf_18_clk/A (sky130_fd_sc_hd__clkbuf_8)
    14    0.045028    0.068083    0.133531   20.698580 ^ clkbuf_leaf_18_clk/X (sky130_fd_sc_hd__clkbuf_8)
                                                         clknet_leaf_18_clk (net)
                      0.068221    0.002091   20.700670 ^ _13107_/CLK (sky130_fd_sc_hd__dfxtp_1)
                                 -0.250000   20.450670   clock uncertainty
                                  0.000000   20.450670   clock reconvergence pessimism
                                 -0.069977   20.380695   library setup time
                                             20.380695   data required time
---------------------------------------------------------------------------------------------
                                             20.380695   data required time
                                             -8.562588   data arrival time
---------------------------------------------------------------------------------------------
                                             11.818108   slack (MET)




===========================================================================
report_checks --slack_max -0.01
============================================================================
======================= max_ff_n40C_1v95 Corner ===================================

No paths found.


===========================================================================
 report_check_types -max_slew -max_cap -max_fanout -violators
============================================================================
======================= max_ff_n40C_1v95 Corner ===================================

max fanout

Pin                                   Limit Fanout  Slack
---------------------------------------------------------
clkbuf_3_2__f_clk/X                      10     25    -15 (VIOLATED)
clkbuf_3_3__f_clk/X                      10     25    -15 (VIOLATED)
clkbuf_3_4__f_clk/X                      10     25    -15 (VIOLATED)
clkbuf_3_5__f_clk/X                      10     25    -15 (VIOLATED)
clkbuf_3_6__f_clk/X                      10     25    -15 (VIOLATED)
_06520_/X                                10     21    -11 (VIOLATED)
clkbuf_3_1__f_clk/X                      10     21    -11 (VIOLATED)
clkbuf_3_7__f_clk/X                      10     21    -11 (VIOLATED)
fanout159/X                              10     21    -11 (VIOLATED)
fanout160/X                              10     21    -11 (VIOLATED)
fanout162/X                              10     21    -11 (VIOLATED)
fanout182/X                              10     21    -11 (VIOLATED)
fanout215/X                              10     21    -11 (VIOLATED)
fanout218/X                              10     21    -11 (VIOLATED)
fanout221/X                              10     21    -11 (VIOLATED)
fanout256/X                              10     21    -11 (VIOLATED)
fanout272/X                              10     21    -11 (VIOLATED)
fanout282/X                              10     21    -11 (VIOLATED)
fanout284/X                              10     21    -11 (VIOLATED)
fanout286/X                              10     21    -11 (VIOLATED)
fanout288/X                              10     21    -11 (VIOLATED)
fanout290/X                              10     21    -11 (VIOLATED)
fanout313/X                              10     21    -11 (VIOLATED)
fanout315/X                              10     21    -11 (VIOLATED)
fanout318/X                              10     21    -11 (VIOLATED)
fanout330/X                              10     21    -11 (VIOLATED)
fanout333/X                              10     21    -11 (VIOLATED)
fanout339/X                              10     21    -11 (VIOLATED)
fanout344/X                              10     21    -11 (VIOLATED)
fanout353/X                              10     21    -11 (VIOLATED)
fanout367/X                              10     21    -11 (VIOLATED)
fanout372/X                              10     21    -11 (VIOLATED)
fanout377/X                              10     21    -11 (VIOLATED)
fanout378/X                              10     21    -11 (VIOLATED)
fanout388/X                              10     21    -11 (VIOLATED)
fanout390/X                              10     21    -11 (VIOLATED)
fanout392/X                              10     21    -11 (VIOLATED)
fanout402/X                              10     21    -11 (VIOLATED)
fanout407/X                              10     21    -11 (VIOLATED)
fanout411/X                              10     21    -11 (VIOLATED)
fanout412/X                              10     21    -11 (VIOLATED)
fanout416/X                              10     21    -11 (VIOLATED)
fanout418/X                              10     21    -11 (VIOLATED)
fanout420/X                              10     21    -11 (VIOLATED)
fanout451/X                              10     21    -11 (VIOLATED)
fanout457/X                              10     21    -11 (VIOLATED)
fanout458/X                              10     21    -11 (VIOLATED)
fanout459/X                              10     21    -11 (VIOLATED)
fanout468/X                              10     21    -11 (VIOLATED)
fanout488/X                              10     21    -11 (VIOLATED)
fanout493/X                              10     21    -11 (VIOLATED)
fanout495/X                              10     21    -11 (VIOLATED)
fanout498/X                              10     21    -11 (VIOLATED)
fanout504/X                              10     21    -11 (VIOLATED)
fanout506/X                              10     21    -11 (VIOLATED)
fanout508/X                              10     21    -11 (VIOLATED)
fanout513/X                              10     21    -11 (VIOLATED)
fanout519/X                              10     21    -11 (VIOLATED)
fanout524/X                              10     21    -11 (VIOLATED)
fanout530/X                              10     21    -11 (VIOLATED)
fanout534/X                              10     21    -11 (VIOLATED)
fanout546/X                              10     21    -11 (VIOLATED)
fanout547/X                              10     21    -11 (VIOLATED)
fanout549/X                              10     21    -11 (VIOLATED)
fanout559/X                              10     21    -11 (VIOLATED)
fanout561/X                              10     21    -11 (VIOLATED)
fanout563/X                              10     21    -11 (VIOLATED)
fanout566/X                              10     21    -11 (VIOLATED)
fanout569/X                              10     21    -11 (VIOLATED)
fanout578/X                              10     21    -11 (VIOLATED)
fanout579/X                              10     21    -11 (VIOLATED)
fanout585/X                              10     21    -11 (VIOLATED)
fanout590/X                              10     21    -11 (VIOLATED)
fanout591/X                              10     21    -11 (VIOLATED)
fanout592/X                              10     21    -11 (VIOLATED)
fanout593/X                              10     21    -11 (VIOLATED)
fanout594/X                              10     21    -11 (VIOLATED)
fanout595/X                              10     21    -11 (VIOLATED)
fanout601/X                              10     21    -11 (VIOLATED)
fanout603/X                              10     21    -11 (VIOLATED)
fanout609/X                              10     21    -11 (VIOLATED)
fanout612/X                              10     21    -11 (VIOLATED)
fanout613/X                              10     21    -11 (VIOLATED)
fanout615/X                              10     21    -11 (VIOLATED)
fanout618/X                              10     21    -11 (VIOLATED)
fanout620/X                              10     21    -11 (VIOLATED)
fanout623/X                              10     21    -11 (VIOLATED)
fanout624/X                              10     21    -11 (VIOLATED)
fanout627/X                              10     21    -11 (VIOLATED)
fanout630/X                              10     21    -11 (VIOLATED)
fanout631/X                              10     21    -11 (VIOLATED)
fanout635/X                              10     21    -11 (VIOLATED)
fanout636/X                              10     21    -11 (VIOLATED)
fanout645/X                              10     21    -11 (VIOLATED)
fanout646/X                              10     21    -11 (VIOLATED)
fanout650/X                              10     21    -11 (VIOLATED)
fanout658/X                              10     21    -11 (VIOLATED)
fanout665/X                              10     21    -11 (VIOLATED)
fanout668/X                              10     21    -11 (VIOLATED)
fanout672/X                              10     21    -11 (VIOLATED)
fanout674/X                              10     21    -11 (VIOLATED)
fanout683/X                              10     21    -11 (VIOLATED)
fanout684/X                              10     21    -11 (VIOLATED)
input33/X                                10     21    -11 (VIOLATED)
_06487_/X                                10     19     -9 (VIOLATED)
_06488_/X                                10     19     -9 (VIOLATED)
clkbuf_3_0__f_clk/X                      10     19     -9 (VIOLATED)
fanout181/X                              10     19     -9 (VIOLATED)
fanout186/X                              10     19     -9 (VIOLATED)
fanout190/X                              10     19     -9 (VIOLATED)
fanout289/X                              10     19     -9 (VIOLATED)
fanout310/X                              10     19     -9 (VIOLATED)
fanout312/X                              10     19     -9 (VIOLATED)
fanout369/X                              10     19     -9 (VIOLATED)
fanout395/X                              10     19     -9 (VIOLATED)
fanout399/X                              10     19     -9 (VIOLATED)
fanout599/X                              10     19     -9 (VIOLATED)
fanout614/X                              10     19     -9 (VIOLATED)
input19/X                                10     19     -9 (VIOLATED)
_06502_/X                                10     17     -7 (VIOLATED)
clkbuf_0_clk/X                           10     17     -7 (VIOLATED)
clkbuf_leaf_43_clk/X                     10     17     -7 (VIOLATED)
clkbuf_leaf_57_clk/X                     10     17     -7 (VIOLATED)
fanout179/X                              10     17     -7 (VIOLATED)
fanout184/X                              10     17     -7 (VIOLATED)
fanout194/X                              10     17     -7 (VIOLATED)
fanout196/X                              10     17     -7 (VIOLATED)
fanout200/X                              10     17     -7 (VIOLATED)
fanout205/X                              10     17     -7 (VIOLATED)
fanout212/X                              10     17     -7 (VIOLATED)
fanout255/X                              10     17     -7 (VIOLATED)
fanout287/X                              10     17     -7 (VIOLATED)
fanout364/X                              10     17     -7 (VIOLATED)
fanout425/X                              10     17     -7 (VIOLATED)
fanout440/X                              10     17     -7 (VIOLATED)
fanout575/X                              10     17     -7 (VIOLATED)
fanout605/X                              10     17     -7 (VIOLATED)
clkbuf_leaf_50_clk/X                     10     16     -6 (VIOLATED)
clkbuf_leaf_7_clk/X                      10     16     -6 (VIOLATED)
clkbuf_leaf_46_clk/X                     10     15     -5 (VIOLATED)
fanout158/X                              10     15     -5 (VIOLATED)
fanout192/X                              10     15     -5 (VIOLATED)
fanout198/X                              10     15     -5 (VIOLATED)
fanout253/X                              10     15     -5 (VIOLATED)
fanout415/X                              10     15     -5 (VIOLATED)
fanout475/X                              10     15     -5 (VIOLATED)
fanout477/X                              10     15     -5 (VIOLATED)
fanout501/X                              10     15     -5 (VIOLATED)
fanout516/X                              10     15     -5 (VIOLATED)
fanout533/X                              10     15     -5 (VIOLATED)
fanout550/X                              10     15     -5 (VIOLATED)
fanout577/X                              10     15     -5 (VIOLATED)
fanout659/X                              10     15     -5 (VIOLATED)
fanout664/X                              10     15     -5 (VIOLATED)
fanout669/X                              10     15     -5 (VIOLATED)
fanout691/X                              10     15     -5 (VIOLATED)
fanout695/X                              10     15     -5 (VIOLATED)
clkbuf_leaf_18_clk/X                     10     14     -4 (VIOLATED)
clkbuf_leaf_23_clk/X                     10     14     -4 (VIOLATED)
clkbuf_leaf_25_clk/X                     10     14     -4 (VIOLATED)
clkbuf_leaf_73_clk/X                     10     14     -4 (VIOLATED)
clkbuf_leaf_49_clk/X                     10     13     -3 (VIOLATED)
fanout210/X                              10     13     -3 (VIOLATED)
fanout285/X                              10     13     -3 (VIOLATED)
fanout427/X                              10     13     -3 (VIOLATED)
fanout430/X                              10     13     -3 (VIOLATED)
fanout432/X                              10     13     -3 (VIOLATED)
fanout481/X                              10     13     -3 (VIOLATED)
fanout511/X                              10     13     -3 (VIOLATED)
fanout523/X                              10     13     -3 (VIOLATED)
fanout525/X                              10     13     -3 (VIOLATED)
fanout565/X                              10     13     -3 (VIOLATED)
fanout570/X                              10     13     -3 (VIOLATED)
fanout597/X                              10     13     -3 (VIOLATED)
fanout600/X                              10     13     -3 (VIOLATED)
fanout610/X                              10     13     -3 (VIOLATED)
fanout625/X                              10     13     -3 (VIOLATED)
fanout626/X                              10     13     -3 (VIOLATED)
fanout634/X                              10     13     -3 (VIOLATED)
fanout643/X                              10     13     -3 (VIOLATED)
fanout647/X                              10     13     -3 (VIOLATED)
fanout660/X                              10     13     -3 (VIOLATED)
fanout679/X                              10     13     -3 (VIOLATED)
fanout680/X                              10     13     -3 (VIOLATED)
fanout688/X                              10     13     -3 (VIOLATED)
clkbuf_leaf_68_clk/X                     10     12     -2 (VIOLATED)
clkbuf_leaf_6_clk/X                      10     12     -2 (VIOLATED)
clkbuf_leaf_78_clk/X                     10     12     -2 (VIOLATED)
_06486_/X                                10     11        (VIOLATED)
_06491_/X                                10     11        (VIOLATED)
_06501_/X                                10     11        (VIOLATED)
_12791_/Q                                10     11        (VIOLATED)
_12828_/Q                                10     11        (VIOLATED)
_12835_/Q                                10     11        (VIOLATED)
_12850_/Q                                10     11        (VIOLATED)
_12855_/Q                                10     11        (VIOLATED)
_12918_/Q                                10     11        (VIOLATED)
_12931_/Q                                10     11        (VIOLATED)
_12984_/Q                                10     11        (VIOLATED)
_13003_/Q                                10     11        (VIOLATED)
clkbuf_leaf_36_clk/X                     10     11        (VIOLATED)
clkbuf_leaf_56_clk/X                     10     11        (VIOLATED)
clkbuf_leaf_71_clk/X                     10     11        (VIOLATED)
clkbuf_leaf_75_clk/X                     10     11        (VIOLATED)
fanout188/X                              10     11        (VIOLATED)
fanout203/X                              10     11        (VIOLATED)
fanout208/X                              10     11        (VIOLATED)
fanout257/X                              10     11        (VIOLATED)
fanout263/X                              10     11        (VIOLATED)
fanout434/X                              10     11        (VIOLATED)
fanout518/X                              10     11        (VIOLATED)
fanout573/X                              10     11        (VIOLATED)
fanout596/X                              10     11        (VIOLATED)
fanout611/X                              10     11        (VIOLATED)
fanout616/X                              10     11        (VIOLATED)
fanout622/X                              10     11        (VIOLATED)
fanout637/X                              10     11        (VIOLATED)
fanout641/X                              10     11        (VIOLATED)
fanout694/X                              10     11        (VIOLATED)
input10/X                                10     11        (VIOLATED)
input11/X                                10     11        (VIOLATED)

max capacitance

Pin                                        Limit         Cap       Slack
------------------------------------------------------------------------
clkbuf_0_clk/X                          0.200000    0.200511   -0.000511 (VIOLATED)



===========================================================================
report_parasitic_annotation -report_unannotated
============================================================================
Found 131 unannotated drivers.
 MMU_696/HI
 MMU_697/HI
 MMU_698/HI
 MMU_699/HI
 MMU_700/HI
 MMU_701/HI
 MMU_702/HI
 MMU_703/HI
 MMU_704/HI
 MMU_705/HI
 MMU_706/HI
 MMU_707/HI
 MMU_708/HI
 MMU_709/HI
 MMU_710/HI
 MMU_711/HI
 MMU_712/HI
 MMU_713/HI
 MMU_714/HI
 MMU_715/HI
 MMU_716/HI
 MMU_717/HI
 MMU_718/HI
 MMU_719/HI
 MMU_720/HI
 MMU_721/HI
 MMU_722/HI
 MMU_723/HI
 MMU_724/HI
 MMU_725/HI
 MMU_726/HI
 MMU_727/HI
 MMU_728/HI
 MMU_729/HI
 MMU_730/HI
 MMU_731/HI
 MMU_732/HI
 MMU_733/HI
 MMU_734/HI
 MMU_735/HI
 MMU_736/HI
 MMU_737/HI
 MMU_738/HI
 MMU_739/HI
 MMU_740/HI
 MMU_741/HI
 MMU_742/HI
 MMU_743/HI
 MMU_744/HI
 MMU_745/HI
 MMU_746/HI
 MMU_747/HI
 clkload0/Y
 clkload1/Y
 clkload10/Y
 clkload11/Y
 clkload12/Y
 clkload13/Y
 clkload14/Y
 clkload15/X
 clkload16/Y
 clkload17/X
 clkload18/Y
 clkload19/Y
 clkload2/X
 clkload20/Y
 clkload21/Y
 clkload22/Y
 clkload23/Y
 clkload24/Y
 clkload25/Y
 clkload26/Y
 clkload27/Y
 clkload28/Y
 clkload29/Y
 clkload3/Y
 clkload30/X
 clkload31/Y
 clkload32/Y
 clkload33/Y
 clkload34/Y
 clkload35/Y
 clkload36/Y
 clkload37/Y
 clkload38/Y
 clkload39/Y
 clkload4/Y
 clkload40/Y
 clkload41/Y
 clkload42/Y
 clkload43/Y
 clkload44/Y
 clkload45/Y
 clkload46/Y
 clkload47/Y
 clkload48/Y
 clkload49/Y
 clkload5/Y
 clkload50/Y
 clkload51/Y
 clkload52/Y
 clkload53/Y
 clkload54/Y
 clkload55/Y
 clkload56/Y
 clkload57/Y
 clkload58/X
 clkload59/X
 clkload6/Y
 clkload60/Y
 clkload61/Y
 clkload62/Y
 clkload63/Y
 clkload64/Y
 clkload65/Y
 clkload66/Y
 clkload67/Y
 clkload68/Y
 clkload69/Y
 clkload7/Y
 clkload70/Y
 clkload71/Y
 clkload72/Y
 clkload73/Y
 clkload74/Y
 clkload75/Y
 clkload76/Y
 clkload77/X
 clkload78/Y
 clkload8/Y
 clkload9/Y
Found 0 partially unannotated drivers.

===========================================================================
max slew violation count 0
max fanout violation count 221
max cap violation count 1
============================================================================

===========================================================================
check_setup -verbose -unconstrained_endpoints -multiple_clock -no_clock -no_input_delay -loops -generated_clocks
===========================================================================
Warning: There are 52 unconstrained endpoints.
  acc_out[115]
  acc_out[116]
  acc_out[117]
  acc_out[118]
  acc_out[119]
  acc_out[120]
  acc_out[121]
  acc_out[122]
  acc_out[123]
  acc_out[124]
  acc_out[125]
  acc_out[126]
  acc_out[127]
  acc_out[19]
  acc_out[20]
  acc_out[21]
  acc_out[22]
  acc_out[23]
  acc_out[24]
  acc_out[25]
  acc_out[26]
  acc_out[27]
  acc_out[28]
  acc_out[29]
  acc_out[30]
  acc_out[31]
  acc_out[51]
  acc_out[52]
  acc_out[53]
  acc_out[54]
  acc_out[55]
  acc_out[56]
  acc_out[57]
  acc_out[58]
  acc_out[59]
  acc_out[60]
  acc_out[61]
  acc_out[62]
  acc_out[63]
  acc_out[83]
  acc_out[84]
  acc_out[85]
  acc_out[86]
  acc_out[87]
  acc_out[88]
  acc_out[89]
  acc_out[90]
  acc_out[91]
  acc_out[92]
  acc_out[93]
  acc_out[94]
  acc_out[95]
