Clock: clk
Sources: clk 
Generated: no
Virtual: yes
Propagated: no
Period: 20.000000

===========================================================================
report_clock_properties
============================================================================
Clock                   Period          Waveform
----------------------------------------------------
clk                  20.000000    0.000000 10.000000

===========================================================================
report_clock_latency
============================================================================
Clock clk
rise -> rise
    min     max
0.000000 0.000000 source latency
0.553888         network latency _13118_/CLK
        0.707603 network latency _13069_/CLK
---------------
0.553888 0.707603 latency
        0.153714 skew

fall -> fall
    min     max
0.000000 0.000000 source latency
0.438670         network latency _13118_/CLK
        0.583905 network latency _13069_/CLK
---------------
0.438670 0.583905 latency
        0.145235 skew



===========================================================================
report_clock_min_period
============================================================================
clk period_min = 4.17 fmax = 240.06
