Reading OpenROAD database at '/foss/designs/196/systolic_array_4x4_test/librelane/runs/RUN_2026-09-02_05-27-52/24-openroad-ioplacement/MMU.odb'…
Reading library file at '/foss/pdks/sky130A/libs.ref/sky130_fd_sc_hd/lib/sky130_fd_sc_hd__tt_025C_1v80.lib'…
Reading design constraints file at '/usr/local/lib/python3.12/dist-packages/librelane/scripts/base.sdc'…
[INFO] Using clock clk…
[INFO] Setting output delay to: 4
[INFO] Setting input delay to: 4
[INFO] Setting load to: 0.033442
[INFO] Setting clock uncertainty to: 0.25
[INFO] Setting clock transition to: 0.1499999999999999944488848768742172978818416595458984375
[INFO] Setting timing derate to: 5%
[INFO] Setting RC values…
[INFO] Setting signal min routing layer to: met1 and clock min routing layer to met1. 
[INFO] Setting signal max routing layer to: met5 and clock max routing layer to met5. 
+ global_placement -density 0.6214200000000001 -timing_driven -routability_driven -pad_right 0 -pad_left 0 -init_wirelength_coef 0.25
[INFO GPL-0002] DBU: 1000
[INFO GPL-0003] SiteSize: (  0.460  2.720 ) um
[INFO GPL-0004] CoreBBox: (  5.520 10.880 ) ( 388.700 391.680 ) um
[INFO GPL-0006] NumInstances:              9366
[INFO GPL-0007] NumPlaceInstances:         7027
[INFO GPL-0008] NumFixedInstances:         2339
[INFO GPL-0009] NumDummyInstances:            0
[INFO GPL-0010] NumNets:                   7093
[INFO GPL-0011] NumPins:                  25482
[INFO GPL-0012] DieBBox:  (  0.000  0.000 ) ( 394.465 405.185 ) um
[INFO GPL-0013] CoreBBox: (  5.520 10.880 ) ( 388.700 391.680 ) um
[INFO GPL-0016] CoreArea:            145914.944 um^2
[INFO GPL-0017] NonPlaceInstsArea:     3627.229 um^2
[INFO GPL-0018] PlaceInstsArea:       73506.749 um^2
[INFO GPL-0019] Util:                    51.661 %
[INFO GPL-0020] StdInstsArea:         73506.749 um^2
[INFO GPL-0021] MacroInstsArea:           0.000 um^2
[InitialPlace]  Iter: 1 CG residual: 0.00116336 HPWL: 151185523
[InitialPlace]  Iter: 2 CG residual: 0.00007981 HPWL: 96120227
[InitialPlace]  Iter: 3 CG residual: 0.00002654 HPWL: 96381753
[InitialPlace]  Iter: 4 CG residual: 0.00001705 HPWL: 96553775
[InitialPlace]  Iter: 5 CG residual: 0.00001291 HPWL: 96690118
[InitialPlace]  Iter: 6 CG residual: 0.00001175 HPWL: 96681052
[InitialPlace]  Iter: 7 CG residual: 0.00000879 HPWL: 96659666
[INFO GPL-0031] FillerInit:NumGCells:      8492
[INFO GPL-0032] FillerInit:NumGNets:       7093
[INFO GPL-0033] FillerInit:NumGPins:      25482
[INFO GPL-0023] TargetDensity:            0.621
[INFO GPL-0024] AvrgPlaceInstArea:       10.461 um^2
[INFO GPL-0025] IdealBinArea:            16.833 um^2
[INFO GPL-0026] IdealBinCnt:               8668
[INFO GPL-0027] TotalBinArea:        145914.944 um^2
[INFO GPL-0028] BinCnt:        64     64
[INFO GPL-0029] BinSize: (  5.988  5.950 )
[INFO GPL-0030] NumBins: 4096
[NesterovSolve] Iter:    1 overflow: 0.926 HPWL: 52464170
[NesterovSolve] Iter:   10 overflow: 0.844 HPWL: 60261516
[NesterovSolve] Iter:   20 overflow: 0.797 HPWL: 65672431
[INFO GPL-0100] Timing-driven: executing resizer for reweighting nets.
[INFO GPL-0101] Timing-driven: worst slack 1.03e-08
[INFO GPL-0103] Timing-driven: weighted 702 nets.
[NesterovSolve] Iter:   30 overflow: 0.762 HPWL: 68676440
[NesterovSolve] Iter:   40 overflow: 0.736 HPWL: 69549511
[NesterovSolve] Iter:   50 overflow: 0.726 HPWL: 69307975
[NesterovSolve] Iter:   60 overflow: 0.723 HPWL: 69130540
[NesterovSolve] Iter:   70 overflow: 0.721 HPWL: 69189697
[NesterovSolve] Iter:   80 overflow: 0.722 HPWL: 69237730
[NesterovSolve] Iter:   90 overflow: 0.723 HPWL: 69073221
[NesterovSolve] Iter:  100 overflow: 0.724 HPWL: 68707250
[NesterovSolve] Iter:  110 overflow: 0.725 HPWL: 68328579
[NesterovSolve] Iter:  120 overflow: 0.726 HPWL: 68100865
[NesterovSolve] Iter:  130 overflow: 0.726 HPWL: 67999041
[NesterovSolve] Iter:  140 overflow: 0.727 HPWL: 67956081
[NesterovSolve] Iter:  150 overflow: 0.726 HPWL: 67992749
[NesterovSolve] Iter:  160 overflow: 0.723 HPWL: 68182012
[NesterovSolve] Iter:  170 overflow: 0.718 HPWL: 68596534
[NesterovSolve] Iter:  180 overflow: 0.709 HPWL: 69276859
[NesterovSolve] Iter:  190 overflow: 0.700 HPWL: 70285597
[NesterovSolve] Iter:  200 overflow: 0.684 HPWL: 71654505
[NesterovSolve] Iter:  210 overflow: 0.663 HPWL: 73283912
[NesterovSolve] Iter:  220 overflow: 0.636 HPWL: 74958699
[INFO GPL-0100] Timing-driven: executing resizer for reweighting nets.
[INFO GPL-0101] Timing-driven: worst slack 1.01e-08
[INFO GPL-0103] Timing-driven: weighted 703 nets.
[NesterovSolve] Iter:  230 overflow: 0.608 HPWL: 77012185
[NesterovSolve] Snapshot saved at iter = 232
[NesterovSolve] Iter:  240 overflow: 0.574 HPWL: 79157736
[NesterovSolve] Iter:  250 overflow: 0.543 HPWL: 80815995
[NesterovSolve] Iter:  260 overflow: 0.507 HPWL: 83077211
[INFO GPL-0100] Timing-driven: executing resizer for reweighting nets.
[INFO GPL-0101] Timing-driven: worst slack 9.95e-09
[INFO GPL-0103] Timing-driven: weighted 702 nets.
[NesterovSolve] Iter:  270 overflow: 0.470 HPWL: 84729398
[NesterovSolve] Iter:  280 overflow: 0.430 HPWL: 86340425
[NesterovSolve] Iter:  290 overflow: 0.384 HPWL: 87695113
[NesterovSolve] Iter:  300 overflow: 0.335 HPWL: 88229602
[NesterovSolve] Iter:  310 overflow: 0.300 HPWL: 88399447
[INFO GPL-0075] Routability numCall: 1 inflationIterCnt: 1 bloatIterCnt: 0
[INFO GPL-0036] TileBBox: (    0    0 ) ( 6900 6900 ) DBU
[INFO GPL-0038] TileCnt:      57   58
[INFO GPL-0040] NumTiles: 3306
[INFO GPL-0081] TotalRouteOverflow: 0.0
[INFO GPL-0082] OverflowTileCnt: 0
[INFO GPL-0083] 0.5%RC: 0.8263455173548531
[INFO GPL-0084] 1.0%RC: 0.8059760770376991
[INFO GPL-0085] 2.0%RC: 0.7803694890506232
[INFO GPL-0086] 5.0%RC: 0.7442516540906515
[INFO GPL-0087] FinalRC: 0.8161608
[INFO GPL-0077] FinalRC lower than targetRC(1.01), routability not needed.
[INFO GPL-0100] Timing-driven: executing resizer for reweighting nets.
[INFO GPL-0101] Timing-driven: worst slack 9.81e-09
[INFO GPL-0103] Timing-driven: weighted 703 nets.
[NesterovSolve] Iter:  320 overflow: 0.270 HPWL: 88908914
[NesterovSolve] Iter:  330 overflow: 0.240 HPWL: 89714556
[NesterovSolve] Iter:  340 overflow: 0.213 HPWL: 90512194
[INFO GPL-0100] Timing-driven: executing resizer for reweighting nets.
[INFO GPL-0101] Timing-driven: worst slack 9.88e-09
[INFO GPL-0103] Timing-driven: weighted 702 nets.
[NesterovSolve] Iter:  350 overflow: 0.187 HPWL: 91159610
[NesterovSolve] Iter:  360 overflow: 0.165 HPWL: 91808214
[NesterovSolve] Iter:  370 overflow: 0.145 HPWL: 92339634
[INFO GPL-0100] Timing-driven: executing resizer for reweighting nets.
[INFO GPL-0101] Timing-driven: worst slack 9.86e-09
[INFO GPL-0103] Timing-driven: weighted 701 nets.
[NesterovSolve] Iter:  380 overflow: 0.129 HPWL: 92766072
[NesterovSolve] Iter:  390 overflow: 0.112 HPWL: 93143852
[NesterovSolve] Finished with Overflow: 0.098782
[INFO] Setting RC values…
Setting global connections for newly added cells…
[INFO] Setting global connections...
Updating metrics…
Cell type report:                       Count       Area
  Fill cell                               280    1051.01
  Tap cell                               2059    2576.22
  Inverter                                165     619.34
  Sequential cell                         580   12336.83
  Multi-Input combinational cell         6282   60550.57
  Total                                  9366   77133.98
Writing OpenROAD database to '/foss/designs/196/systolic_array_4x4_test/librelane/runs/RUN_2026-09-02_05-27-52/27-openroad-globalplacement/MMU.odb'…
Writing netlist to '/foss/designs/196/systolic_array_4x4_test/librelane/runs/RUN_2026-09-02_05-27-52/27-openroad-globalplacement/MMU.nl.v'…
Writing powered netlist to '/foss/designs/196/systolic_array_4x4_test/librelane/runs/RUN_2026-09-02_05-27-52/27-openroad-globalplacement/MMU.pnl.v'…
Writing layout to '/foss/designs/196/systolic_array_4x4_test/librelane/runs/RUN_2026-09-02_05-27-52/27-openroad-globalplacement/MMU.def'…
Writing timing constraints to '/foss/designs/196/systolic_array_4x4_test/librelane/runs/RUN_2026-09-02_05-27-52/27-openroad-globalplacement/MMU.sdc'…
