Reading OpenROAD database at '/foss/designs/196/systolic_array_4x4_test/librelane/runs/RUN_2026-09-02_05-27-52/48-odb-reportdisconnectedpins/MMU.odb'…
Reading library file at '/foss/pdks/sky130A/libs.ref/sky130_fd_sc_hd/lib/sky130_fd_sc_hd__tt_025C_1v80.lib'…
Reading design constraints file at '/usr/local/lib/python3.12/dist-packages/librelane/scripts/base.sdc'…
[INFO] Using clock clk…
[INFO] Setting output delay to: 4
[INFO] Setting input delay to: 4
[INFO] Setting load to: 0.033442
[INFO] Setting clock uncertainty to: 0.25
[INFO] Setting clock transition to: 0.1499999999999999944488848768742172978818416595458984375
[INFO] Setting timing derate to: 5%
sky130_fd_sc_hd__decap_3 sky130_fd_sc_hd__fill_2 sky130_fd_sc_hd__fill_1
[INFO DPL-0001] Placed 21896 filler instances.
Setting global connections for newly added cells…
[INFO] Setting global connections...
Updating metrics…
Cell type report:                       Count       Area
  Fill cell                             22176   75234.66
  Tap cell                               2059    2576.22
  Antenna cell                           2114    5290.07
  Clock buffer                             98    1425.12
  Timing Repair Buffer                    797    4904.70
  Inverter                                165     619.34
  Clock inverter                           72     900.86
  Sequential cell                         580   11612.39
  Multi-Input combinational cell         6282   43351.58
  Total                                 34343  145914.94
Writing OpenROAD database to '/foss/designs/196/systolic_array_4x4_test/librelane/runs/RUN_2026-09-02_05-27-52/52-openroad-fillinsertion/MMU.odb'…
Writing netlist to '/foss/designs/196/systolic_array_4x4_test/librelane/runs/RUN_2026-09-02_05-27-52/52-openroad-fillinsertion/MMU.nl.v'…
Writing powered netlist to '/foss/designs/196/systolic_array_4x4_test/librelane/runs/RUN_2026-09-02_05-27-52/52-openroad-fillinsertion/MMU.pnl.v'…
Writing layout to '/foss/designs/196/systolic_array_4x4_test/librelane/runs/RUN_2026-09-02_05-27-52/52-openroad-fillinsertion/MMU.def'…
Writing timing constraints to '/foss/designs/196/systolic_array_4x4_test/librelane/runs/RUN_2026-09-02_05-27-52/52-openroad-fillinsertion/MMU.sdc'…
