Clock: clk
Sources: clk 
Generated: no
Virtual: yes
Propagated: no
Period: 20.000000

===========================================================================
report_clock_properties
============================================================================
Clock                   Period          Waveform
----------------------------------------------------
clk                  20.000000    0.000000 10.000000

===========================================================================
report_clock_latency
============================================================================
Clock clk
rise -> rise
    min     max
0.000000 0.000000 source latency
0.583351         network latency _13118_/CLK
        0.764708 network latency _13142_/CLK
---------------
0.583351 0.764708 latency
        0.181356 skew

fall -> fall
    min     max
0.000000 0.000000 source latency
0.483634         network latency _13118_/CLK
        0.658257 network latency _13142_/CLK
---------------
0.483634 0.658257 latency
        0.174622 skew



===========================================================================
report_clock_min_period
============================================================================
clk period_min = 6.09 fmax = 164.18
