
===========================================================================
 report_power
============================================================================
======================= nom_tt_025C_1v80 Corner ===================================

Group                    Internal    Switching      Leakage        Total
                            Power        Power        Power        Power (Watts)
------------------------------------------------------------------------
Sequential           1.363354e-03 9.803859e-05 4.792239e-09 1.461398e-03  29.4%
Combinational        1.109617e-03 1.232083e-03 2.310471e-08 2.341723e-03  47.1%
Clock                6.300771e-04 5.336403e-04 2.060277e-09 1.163719e-03  23.4%
Macro                0.000000e+00 0.000000e+00 0.000000e+00 0.000000e+00   0.0%
Pad                  0.000000e+00 0.000000e+00 0.000000e+00 0.000000e+00   0.0%
------------------------------------------------------------------------
Total                3.103048e-03 1.863763e-03 2.995716e-08 4.966841e-03 100.0%
                            62.5%        37.5%         0.0%
Writing metric power__internal__total: 0.0031030483078211546
Writing metric power__switching__total: 0.0018637628527358174
Writing metric power__leakage__total: 2.9957163860672154e-8
Writing metric power__total: 0.0049668410792946815

