┏━━━━━━━━━━━━━━━━━━━━━━┳━━━━━━━━━━┳━━━━━━━━━━┳━━━━━━━━━━┳━━━━━━━━━━┳━━━━━━━━━━━┳━━━━━━━━━━┳━━━━━━━━━━━┳━━━━━━━━━━┳━━━━━━━━━━━┳━━━━━━━━━━┳━━━━━━━━━━━┳━━━━━━━━━━┓
┃                      ┃ Hold     ┃ Reg to   ┃          ┃          ┃ of which  ┃ Setup    ┃           ┃          ┃           ┃ of which ┃           ┃          ┃
┃                      ┃ Worst    ┃ Reg      ┃          ┃ Hold Vio ┃ reg to    ┃ Worst    ┃ Reg to    ┃ Setup    ┃ Setup Vio ┃ reg to   ┃ Max Cap   ┃ Max Slew ┃
┃ Corner/Group         ┃ Slack    ┃ Paths    ┃ Hold TNS ┃ Count    ┃ reg       ┃ Slack    ┃ Reg Paths ┃ TNS      ┃ Count     ┃ reg      ┃ Violatio… ┃ Violati… ┃
┡━━━━━━━━━━━━━━━━━━━━━━╇━━━━━━━━━━╇━━━━━━━━━━╇━━━━━━━━━━╇━━━━━━━━━━╇━━━━━━━━━━━╇━━━━━━━━━━╇━━━━━━━━━━━╇━━━━━━━━━━╇━━━━━━━━━━━╇━━━━━━━━━━╇━━━━━━━━━━━╇━━━━━━━━━━┩
│ Overall              │ -0.0245  │ -0.0245  │ -1.8618  │ 76       │ 76        │ -9.1280  │ 18.8883   │ -945.90… │ 299       │ 0        │ 2         │ 1169     │
│ nom_tt_025C_1v80     │ 0.0972   │ 0.0972   │ 0.0000   │ 0        │ 0         │ 1.1200   │ 19.3377   │ 0.0000   │ 0         │ 0        │ 2         │ 875      │
│ nom_ss_100C_1v60     │ 0.4318   │ 0.4318   │ 0.0000   │ 0        │ 0         │ -9.1280  │ 18.8883   │ -945.90… │ 299       │ 0        │ 2         │ 1169     │
│ nom_ff_n40C_1v95     │ -0.0245  │ -0.0245  │ -1.8618  │ 76       │ 76        │ 6.2055   │ 19.4806   │ 0.0000   │ 0         │ 0        │ 2         │ 776      │
└──────────────────────┴──────────┴──────────┴──────────┴──────────┴───────────┴──────────┴───────────┴──────────┴───────────┴──────────┴───────────┴──────────┘
