Clock: clk
Sources: clk 
Generated: no
Virtual: no
Propagated: no
Period: 20.000000

===========================================================================
report_clock_properties
============================================================================
Clock                   Period          Waveform
----------------------------------------------------
clk                  20.000000    0.000000 10.000000

===========================================================================
report_clock_latency
============================================================================
Clock clk
rise -> rise
    min     max
0.000000 0.000000 source latency
2.648609         network latency _12790_/CLK
        2.648609 network latency _12790_/CLK
---------------
2.648609 2.648609 latency
        0.000000 skew

fall -> fall
    min     max
0.000000 0.000000 source latency
1.121628         network latency _12790_/CLK
        1.121628 network latency _12790_/CLK
---------------
1.121628 1.121628 latency
        0.000000 skew



===========================================================================
report_clock_min_period
============================================================================
clk period_min = 3.94 fmax = 253.58
