
===========================================================================
 report_power
============================================================================
======================= nom_ff_n40C_1v95 Corner ===================================

Group                    Internal    Switching      Leakage        Total
                            Power        Power        Power        Power (Watts)
------------------------------------------------------------------------
Sequential           1.644037e-03 3.946555e-04 1.122297e-08 2.038704e-03  39.0%
Combinational        1.809343e-03 1.375450e-03 7.062840e-08 3.184863e-03  61.0%
Clock                0.000000e+00 0.000000e+00 0.000000e+00 0.000000e+00   0.0%
Macro                0.000000e+00 0.000000e+00 0.000000e+00 0.000000e+00   0.0%
Pad                  0.000000e+00 0.000000e+00 0.000000e+00 0.000000e+00   0.0%
------------------------------------------------------------------------
Total                3.453379e-03 1.770106e-03 8.185128e-08 5.223567e-03 100.0%
                            66.1%        33.9%         0.0%

