Clock: clk
Sources: clk 
Generated: no
Virtual: yes
Propagated: no
Period: 20.000000

===========================================================================
report_clock_properties
============================================================================
Clock                   Period          Waveform
----------------------------------------------------
clk                  20.000000    0.000000 10.000000

===========================================================================
report_clock_latency
============================================================================
Clock clk
rise -> rise
    min     max
0.000000 0.000000 source latency
0.773731         network latency _13118_/CLK
        0.986566 network latency _13069_/CLK
---------------
0.773731 0.986566 latency
        0.212834 skew

fall -> fall
    min     max
0.000000 0.000000 source latency
0.608430         network latency _13118_/CLK
        0.806109 network latency _13069_/CLK
---------------
0.608430 0.806109 latency
        0.197679 skew



===========================================================================
report_clock_min_period
============================================================================
clk period_min = 6.52 fmax = 153.43
