
===========================================================================
report_checks -unconstrained
===========================================================================
======================= nom_tt_025C_1v80 Corner ===================================

Startpoint: control (input port clocked by clk)
Endpoint: _13253_ (rising edge-triggered flip-flop clocked by clk)
Path Group: clk
Path Type: max

Fanout         Cap        Slew       Delay        Time   Description
---------------------------------------------------------------------------------------------
                                  0.000000    0.000000   clock clk (rise edge)
                                  0.000000    0.000000   clock network delay (propagated)
                                  4.000000    4.000000 ^ input external delay
     1    0.002755    0.020245    0.010138    4.010138 ^ control (in)
                                                         control (net)
                      0.020245    0.000000    4.010138 ^ input1/A (sky130_fd_sc_hd__clkbuf_4)
     3    0.042684    0.135627    0.192058    4.202196 ^ input1/X (sky130_fd_sc_hd__clkbuf_4)
                                                         net1 (net)
                      0.135628    0.000304    4.202500 ^ fanout695/A (sky130_fd_sc_hd__buf_4)
     7    0.064791    0.181496    0.244055    4.446555 ^ fanout695/X (sky130_fd_sc_hd__buf_4)
                                                         net695 (net)
                      0.181588    0.003375    4.449930 ^ fanout665/A (sky130_fd_sc_hd__clkbuf_4)
    10    0.036045    0.117960    0.237365    4.687295 ^ fanout665/X (sky130_fd_sc_hd__clkbuf_4)
                                                         net665 (net)
                      0.117960    0.000064    4.687359 ^ fanout664/A (sky130_fd_sc_hd__clkbuf_2)
     7    0.023842    0.134732    0.195827    4.883187 ^ fanout664/X (sky130_fd_sc_hd__clkbuf_2)
                                                         net664 (net)
                      0.134732    0.000349    4.883535 ^ fanout663/A (sky130_fd_sc_hd__clkbuf_2)
    10    0.022281    0.126700    0.195146    5.078681 ^ fanout663/X (sky130_fd_sc_hd__clkbuf_2)
                                                         net663 (net)
                      0.126700    0.000039    5.078721 ^ fanout662/A (sky130_fd_sc_hd__clkbuf_2)
    10    0.026019    0.146073    0.206638    5.285359 ^ fanout662/X (sky130_fd_sc_hd__clkbuf_2)
                                                         net662 (net)
                      0.146073    0.000091    5.285450 ^ _06485_/A_N (sky130_fd_sc_hd__and2b_1)
     4    0.018311    0.098733    0.259258    5.544708 v _06485_/X (sky130_fd_sc_hd__and2b_1)
                                                         _00016_ (net)
                      0.098733    0.000088    5.544796 v fanout585/A (sky130_fd_sc_hd__buf_2)
    10    0.032613    0.085753    0.201599    5.746396 v fanout585/X (sky130_fd_sc_hd__buf_2)
                                                         net585 (net)
                      0.085753    0.000212    5.746607 v _10026_/B2 (sky130_fd_sc_hd__a22o_1)
     2    0.007311    0.062384    0.232462    5.979070 v _10026_/X (sky130_fd_sc_hd__a22o_1)
                                                         _03757_ (net)
                      0.062384    0.000020    5.979089 v _10029_/B1 (sky130_fd_sc_hd__a22o_1)
     3    0.006933    0.060725    0.202740    6.181829 v _10029_/X (sky130_fd_sc_hd__a22o_1)
                                                         _03760_ (net)
                      0.060725    0.000011    6.181840 v _10030_/C (sky130_fd_sc_hd__and3_1)
     3    0.009175    0.063560    0.212137    6.393977 v _10030_/X (sky130_fd_sc_hd__and3_1)
                                                         _03761_ (net)
                      0.063560    0.000006    6.393983 v _10033_/B (sky130_fd_sc_hd__or3_1)
     3    0.007846    0.096029    0.384373    6.778356 v _10033_/X (sky130_fd_sc_hd__or3_1)
                                                         _03764_ (net)
                      0.096029    0.000006    6.778362 v _10036_/A1 (sky130_fd_sc_hd__a21bo_1)
     3    0.007585    0.056330    0.205062    6.983424 v _10036_/X (sky130_fd_sc_hd__a21bo_1)
                                                         _03767_ (net)
                      0.056330    0.000006    6.983430 v _10039_/A2 (sky130_fd_sc_hd__a21o_1)
     2    0.004523    0.041830    0.184457    7.167887 v _10039_/X (sky130_fd_sc_hd__a21o_1)
                                                         _03770_ (net)
                      0.041830    0.000009    7.167897 v _10040_/C (sky130_fd_sc_hd__and3_1)
     2    0.004723    0.046572    0.182351    7.350248 v _10040_/X (sky130_fd_sc_hd__and3_1)
                                                         _03771_ (net)
                      0.046572    0.000002    7.350250 v _10048_/B1 (sky130_fd_sc_hd__a31o_1)
     2    0.007961    0.060387    0.206408    7.556659 v _10048_/X (sky130_fd_sc_hd__a31o_1)
                                                         _03778_ (net)
                      0.060387    0.000056    7.556715 v _10083_/A1 (sky130_fd_sc_hd__a21bo_1)
     2    0.008175    0.058149    0.193493    7.750208 v _10083_/X (sky130_fd_sc_hd__a21bo_1)
                                                         _03812_ (net)
                      0.058149    0.000070    7.750278 v _10152_/A1 (sky130_fd_sc_hd__a21o_1)
     2    0.007578    0.053662    0.177799    7.928077 v _10152_/X (sky130_fd_sc_hd__a21o_1)
                                                         _03880_ (net)
                      0.053662    0.000030    7.928107 v _10158_/A2 (sky130_fd_sc_hd__a21o_1)
     4    0.016739    0.089750    0.233095    8.161202 v _10158_/X (sky130_fd_sc_hd__a21o_1)
                                                         _03885_ (net)
                      0.089750    0.000106    8.161308 v _10228_/A1 (sky130_fd_sc_hd__a211oi_1)
     2    0.006970    0.304463    0.298849    8.460157 ^ _10228_/Y (sky130_fd_sc_hd__a211oi_1)
                                                         _03954_ (net)
                      0.304463    0.000012    8.460169 ^ _10231_/C (sky130_fd_sc_hd__or4_1)
     2    0.008374    0.086952    0.198964    8.659133 ^ _10231_/X (sky130_fd_sc_hd__or4_1)
                                                         _03957_ (net)
                      0.086952    0.000043    8.659176 ^ _10268_/B1 (sky130_fd_sc_hd__o211ai_2)
     3    0.009491    0.095925    0.116597    8.775773 v _10268_/Y (sky130_fd_sc_hd__o211ai_2)
                                                         _03993_ (net)
                      0.095925    0.000082    8.775855 v _10272_/A3 (sky130_fd_sc_hd__a31o_1)
     3    0.007930    0.061164    0.257425    9.033280 v _10272_/X (sky130_fd_sc_hd__a31o_1)
                                                         _03996_ (net)
                      0.061164    0.000028    9.033309 v _10324_/A1 (sky130_fd_sc_hd__a21o_1)
     2    0.004451    0.041530    0.164806    9.198114 v _10324_/X (sky130_fd_sc_hd__a21o_1)
                                                         _04047_ (net)
                      0.041530    0.000008    9.198123 v _10325_/B (sky130_fd_sc_hd__and2_1)
     3    0.008045    0.056961    0.173187    9.371309 v _10325_/X (sky130_fd_sc_hd__and2_1)
                                                         _04048_ (net)
                      0.056961    0.000027    9.371336 v _10363_/A2 (sky130_fd_sc_hd__o31ai_1)
     2    0.005656    0.273307    0.283999    9.655334 ^ _10363_/Y (sky130_fd_sc_hd__o31ai_1)
                                                         _04084_ (net)
                      0.273307    0.000008    9.655342 ^ _10364_/B (sky130_fd_sc_hd__nor2_1)
     3    0.006484    0.080505    0.100645    9.755987 v _10364_/Y (sky130_fd_sc_hd__nor2_1)
                                                         _04085_ (net)
                      0.080505    0.000012    9.755999 v _10370_/B (sky130_fd_sc_hd__or3_1)
     1    0.002105    0.061452    0.342083   10.098082 v _10370_/X (sky130_fd_sc_hd__or3_1)
                                                         _04090_ (net)
                      0.061452    0.000007   10.098089 v _10372_/B (sky130_fd_sc_hd__and3_1)
     1    0.002440    0.034973    0.162967   10.261056 v _10372_/X (sky130_fd_sc_hd__and3_1)
                                                         _00387_ (net)
                      0.034973    0.000010   10.261066 v _13253_/D (sky130_fd_sc_hd__dfxtp_1)
                                             10.261066   data arrival time

                                 20.000000   20.000000   clock clk (rise edge)
                                  0.000000   20.000000   clock source latency
     1    0.038504    0.177269    0.125473   20.125473 ^ clk (in)
                                                         clk (net)
                      0.177390    0.000000   20.125473 ^ clkbuf_0_clk/A (sky130_fd_sc_hd__clkbuf_16)
     8    0.126201    0.139388    0.248845   20.374317 ^ clkbuf_0_clk/X (sky130_fd_sc_hd__clkbuf_16)
                                                         clknet_0_clk (net)
                      0.139544    0.002897   20.377214 ^ clkbuf_3_5__f_clk/A (sky130_fd_sc_hd__clkbuf_16)
    12    0.085460    0.102195    0.209212   20.586428 ^ clkbuf_3_5__f_clk/X (sky130_fd_sc_hd__clkbuf_16)
                                                         clknet_3_5__leaf_clk (net)
                      0.102201    0.000933   20.587360 ^ clkbuf_leaf_16_clk/A (sky130_fd_sc_hd__clkbuf_8)
     4    0.029268    0.065224    0.164929   20.752289 ^ clkbuf_leaf_16_clk/X (sky130_fd_sc_hd__clkbuf_8)
                                                         clknet_leaf_16_clk (net)
                      0.065224    0.000069   20.752359 ^ _13253_/CLK (sky130_fd_sc_hd__dfxtp_1)
                                 -0.250000   20.502359   clock uncertainty
                                  0.000000   20.502359   clock reconvergence pessimism
                                 -0.101408   20.400951   library setup time
                                             20.400951   data required time
---------------------------------------------------------------------------------------------
                                             20.400951   data required time
                                            -10.261066   data arrival time
---------------------------------------------------------------------------------------------
                                             10.139885   slack (MET)




===========================================================================
report_checks --slack_max -0.01
============================================================================
======================= nom_tt_025C_1v80 Corner ===================================

No paths found.


===========================================================================
 report_check_types -max_slew -max_cap -max_fanout -violators
============================================================================
======================= nom_tt_025C_1v80 Corner ===================================

max fanout

Pin                                   Limit Fanout  Slack
---------------------------------------------------------
clkbuf_leaf_43_clk/X                     10     17     -7 (VIOLATED)
clkbuf_leaf_57_clk/X                     10     17     -7 (VIOLATED)
clkbuf_leaf_50_clk/X                     10     16     -6 (VIOLATED)
clkbuf_leaf_7_clk/X                      10     16     -6 (VIOLATED)
clkbuf_leaf_46_clk/X                     10     15     -5 (VIOLATED)
clkbuf_leaf_18_clk/X                     10     14     -4 (VIOLATED)
clkbuf_leaf_23_clk/X                     10     14     -4 (VIOLATED)
clkbuf_leaf_25_clk/X                     10     14     -4 (VIOLATED)
clkbuf_leaf_73_clk/X                     10     14     -4 (VIOLATED)
clkbuf_leaf_49_clk/X                     10     13     -3 (VIOLATED)
clkbuf_3_2__f_clk/X                      10     12     -2 (VIOLATED)
clkbuf_3_3__f_clk/X                      10     12     -2 (VIOLATED)
clkbuf_3_4__f_clk/X                      10     12     -2 (VIOLATED)
clkbuf_3_5__f_clk/X                      10     12     -2 (VIOLATED)
clkbuf_3_6__f_clk/X                      10     12     -2 (VIOLATED)
clkbuf_leaf_68_clk/X                     10     12     -2 (VIOLATED)
clkbuf_leaf_6_clk/X                      10     12     -2 (VIOLATED)
clkbuf_leaf_78_clk/X                     10     12     -2 (VIOLATED)
clkbuf_leaf_36_clk/X                     10     11        (VIOLATED)
clkbuf_leaf_56_clk/X                     10     11        (VIOLATED)
clkbuf_leaf_71_clk/X                     10     11        (VIOLATED)
clkbuf_leaf_75_clk/X                     10     11        (VIOLATED)



===========================================================================
report_parasitic_annotation -report_unannotated
============================================================================
Found 131 unannotated drivers.
 MMU_696/HI
 MMU_697/HI
 MMU_698/HI
 MMU_699/HI
 MMU_700/HI
 MMU_701/HI
 MMU_702/HI
 MMU_703/HI
 MMU_704/HI
 MMU_705/HI
 MMU_706/HI
 MMU_707/HI
 MMU_708/HI
 MMU_709/HI
 MMU_710/HI
 MMU_711/HI
 MMU_712/HI
 MMU_713/HI
 MMU_714/HI
 MMU_715/HI
 MMU_716/HI
 MMU_717/HI
 MMU_718/HI
 MMU_719/HI
 MMU_720/HI
 MMU_721/HI
 MMU_722/HI
 MMU_723/HI
 MMU_724/HI
 MMU_725/HI
 MMU_726/HI
 MMU_727/HI
 MMU_728/HI
 MMU_729/HI
 MMU_730/HI
 MMU_731/HI
 MMU_732/HI
 MMU_733/HI
 MMU_734/HI
 MMU_735/HI
 MMU_736/HI
 MMU_737/HI
 MMU_738/HI
 MMU_739/HI
 MMU_740/HI
 MMU_741/HI
 MMU_742/HI
 MMU_743/HI
 MMU_744/HI
 MMU_745/HI
 MMU_746/HI
 MMU_747/HI
 clkload0/Y
 clkload1/Y
 clkload10/Y
 clkload11/Y
 clkload12/Y
 clkload13/Y
 clkload14/Y
 clkload15/X
 clkload16/Y
 clkload17/X
 clkload18/Y
 clkload19/Y
 clkload2/X
 clkload20/Y
 clkload21/Y
 clkload22/Y
 clkload23/Y
 clkload24/Y
 clkload25/Y
 clkload26/Y
 clkload27/Y
 clkload28/Y
 clkload29/Y
 clkload3/Y
 clkload30/X
 clkload31/Y
 clkload32/Y
 clkload33/Y
 clkload34/Y
 clkload35/Y
 clkload36/Y
 clkload37/Y
 clkload38/Y
 clkload39/Y
 clkload4/Y
 clkload40/Y
 clkload41/Y
 clkload42/Y
 clkload43/Y
 clkload44/Y
 clkload45/Y
 clkload46/Y
 clkload47/Y
 clkload48/Y
 clkload49/Y
 clkload5/Y
 clkload50/Y
 clkload51/Y
 clkload52/Y
 clkload53/Y
 clkload54/Y
 clkload55/Y
 clkload56/Y
 clkload57/Y
 clkload58/X
 clkload59/X
 clkload6/Y
 clkload60/Y
 clkload61/Y
 clkload62/Y
 clkload63/Y
 clkload64/Y
 clkload65/Y
 clkload66/Y
 clkload67/Y
 clkload68/Y
 clkload69/Y
 clkload7/Y
 clkload70/Y
 clkload71/Y
 clkload72/Y
 clkload73/Y
 clkload74/Y
 clkload75/Y
 clkload76/Y
 clkload77/X
 clkload78/Y
 clkload8/Y
 clkload9/Y
Found 0 partially unannotated drivers.

===========================================================================
max slew violation count 0
Writing metric design__max_slew_violation__count__corner:nom_tt_025C_1v80: 0
max fanout violation count 22
Writing metric design__max_fanout_violation__count__corner:nom_tt_025C_1v80: 22
max cap violation count 0
Writing metric design__max_cap_violation__count__corner:nom_tt_025C_1v80: 0
============================================================================

===========================================================================
check_setup -verbose -unconstrained_endpoints -multiple_clock -no_clock -no_input_delay -loops -generated_clocks
===========================================================================
Warning: There are 52 unconstrained endpoints.
  acc_out[115]
  acc_out[116]
  acc_out[117]
  acc_out[118]
  acc_out[119]
  acc_out[120]
  acc_out[121]
  acc_out[122]
  acc_out[123]
  acc_out[124]
  acc_out[125]
  acc_out[126]
  acc_out[127]
  acc_out[19]
  acc_out[20]
  acc_out[21]
  acc_out[22]
  acc_out[23]
  acc_out[24]
  acc_out[25]
  acc_out[26]
  acc_out[27]
  acc_out[28]
  acc_out[29]
  acc_out[30]
  acc_out[31]
  acc_out[51]
  acc_out[52]
  acc_out[53]
  acc_out[54]
  acc_out[55]
  acc_out[56]
  acc_out[57]
  acc_out[58]
  acc_out[59]
  acc_out[60]
  acc_out[61]
  acc_out[62]
  acc_out[63]
  acc_out[83]
  acc_out[84]
  acc_out[85]
  acc_out[86]
  acc_out[87]
  acc_out[88]
  acc_out[89]
  acc_out[90]
  acc_out[91]
  acc_out[92]
  acc_out[93]
  acc_out[94]
  acc_out[95]
