Reading OpenROAD database at '/foss/designs/196/systolic_array_4x4_test/librelane/runs/RUN_2026-09-02_05-27-52/42-openroad-repairantennas/1-diodeinsertion/MMU.odb'…
Reading library file at '/foss/pdks/sky130A/libs.ref/sky130_fd_sc_hd/lib/sky130_fd_sc_hd__tt_025C_1v80.lib'…
Reading design constraints file at '/usr/local/lib/python3.12/dist-packages/librelane/scripts/base.sdc'…
[INFO] Using clock clk…
[INFO] Setting output delay to: 4
[INFO] Setting input delay to: 4
[INFO] Setting load to: 0.033442
[INFO] Setting clock uncertainty to: 0.25
[INFO] Setting clock transition to: 0.1499999999999999944488848768742172978818416595458984375
[INFO] Setting timing derate to: 5%
[INFO ORD-0030] Using 8 thread(s).
[INFO DRT-0149] Reading tech and libs.
[WARNING DRT-0349] LEF58_ENCLOSURE with no CUTCLASS is not supported. Skipping for layer mcon
[WARNING DRT-0349] LEF58_ENCLOSURE with no CUTCLASS is not supported. Skipping for layer mcon
[WARNING DRT-0349] LEF58_ENCLOSURE with no CUTCLASS is not supported. Skipping for layer via
[WARNING DRT-0349] LEF58_ENCLOSURE with no CUTCLASS is not supported. Skipping for layer via
[WARNING DRT-0349] LEF58_ENCLOSURE with no CUTCLASS is not supported. Skipping for layer via2
[WARNING DRT-0349] LEF58_ENCLOSURE with no CUTCLASS is not supported. Skipping for layer via2
[WARNING DRT-0349] LEF58_ENCLOSURE with no CUTCLASS is not supported. Skipping for layer via3
[WARNING DRT-0349] LEF58_ENCLOSURE with no CUTCLASS is not supported. Skipping for layer via3
[WARNING DRT-0349] LEF58_ENCLOSURE with no CUTCLASS is not supported. Skipping for layer via4
[WARNING DRT-0349] LEF58_ENCLOSURE with no CUTCLASS is not supported. Skipping for layer via4

Units:                1000
Number of layers:     13
Number of macros:     445
Number of vias:       29
Number of viarulegen: 25

[INFO DRT-0150] Reading design.

Design:                   MMU
Die area:                 ( 0 0 ) ( 394465 405185 )
Number of track patterns: 12
Number of DEF vias:       0
Number of components:     12447
Number of terminals:      196
Number of snets:          2
Number of nets:           7981

[INFO DRT-0167] List of default vias:
  Layer via
    default via: M1M2_PR
  Layer via2
    default via: M2M3_PR
  Layer via3
    default via: M3M4_PR
  Layer via4
    default via: M4M5_PR
[INFO DRT-0162] Library cell analysis.
[INFO DRT-0163] Instance analysis.
[INFO DRT-0164] Number of unique instances = 331.
[INFO DRT-0168] Init region query.
[INFO DRT-0024]   Complete FR_MASTERSLICE.
[INFO DRT-0024]   Complete licon.
[INFO DRT-0024]   Complete li1.
[INFO DRT-0024]   Complete mcon.
[INFO DRT-0024]   Complete met1.
[INFO DRT-0024]   Complete via.
[INFO DRT-0024]   Complete met2.
[INFO DRT-0024]   Complete via2.
[INFO DRT-0024]   Complete met3.
[INFO DRT-0024]   Complete via3.
[INFO DRT-0024]   Complete met4.
[INFO DRT-0024]   Complete via4.
[INFO DRT-0024]   Complete met5.
[INFO DRT-0033] FR_MASTERSLICE shape region query size = 0.
[INFO DRT-0033] licon shape region query size = 0.
[INFO DRT-0033] li1 shape region query size = 255197.
[INFO DRT-0033] mcon shape region query size = 0.
[INFO DRT-0033] met1 shape region query size = 30207.
[INFO DRT-0033] via shape region query size = 2115.
[INFO DRT-0033] met2 shape region query size = 1336.
[INFO DRT-0033] via2 shape region query size = 1692.
[INFO DRT-0033] met3 shape region query size = 1396.
[INFO DRT-0033] via3 shape region query size = 1692.
[INFO DRT-0033] met4 shape region query size = 453.
[INFO DRT-0033] via4 shape region query size = 18.
[INFO DRT-0033] met5 shape region query size = 30.
[INFO DRT-0165] Start pin access.
[INFO DRT-0076]   Complete 1000 pins.
[INFO DRT-0078]   Complete 1231 pins.
[INFO DRT-0079]   Complete 100 unique inst patterns.
[INFO DRT-0079]   Complete 200 unique inst patterns.
[INFO DRT-0079]   Complete 300 unique inst patterns.
[INFO DRT-0081]   Complete 325 unique inst patterns.
[INFO DRT-0084]   Complete 4819 groups.
#scanned instances     = 12447
#unique  instances     = 331
#stdCellGenAp          = 9037
#stdCellValidPlanarAp  = 21
#stdCellValidViaAp     = 7137
#stdCellPinNoAp        = 0
#stdCellPinCnt         = 27143
#instTermValidViaApCnt = 0
#macroGenAp            = 0
#macroValidPlanarAp    = 0
#macroValidViaAp       = 0
#macroNoAp             = 0
[INFO DRT-0166] Complete pin access.
[INFO DRT-0267] cpu time = 00:03:44, elapsed time = 00:00:28, memory = 193.60 (MB), peak = 195.41 (MB)

[INFO DRT-0157] Number of guides:     50830

[INFO DRT-0169] Post process guides.
[INFO DRT-0176] GCELLGRID X 0 DO 57 STEP 6900 ;
[INFO DRT-0177] GCELLGRID Y 0 DO 58 STEP 6900 ;
[INFO DRT-0028]   Complete FR_MASTERSLICE.
[INFO DRT-0028]   Complete licon.
[INFO DRT-0028]   Complete li1.
[INFO DRT-0028]   Complete mcon.
[INFO DRT-0028]   Complete met1.
[INFO DRT-0028]   Complete via.
[INFO DRT-0028]   Complete met2.
[INFO DRT-0028]   Complete via2.
[INFO DRT-0028]   Complete met3.
[INFO DRT-0028]   Complete via3.
[INFO DRT-0028]   Complete met4.
[INFO DRT-0028]   Complete via4.
[INFO DRT-0028]   Complete met5.
[INFO DRT-0178] Init guide query.
[INFO DRT-0035]   Complete FR_MASTERSLICE (guide).
[INFO DRT-0035]   Complete licon (guide).
[INFO DRT-0035]   Complete li1 (guide).
[INFO DRT-0035]   Complete mcon (guide).
[INFO DRT-0035]   Complete met1 (guide).
[INFO DRT-0035]   Complete via (guide).
[INFO DRT-0035]   Complete met2 (guide).
[INFO DRT-0035]   Complete via2 (guide).
[INFO DRT-0035]   Complete met3 (guide).
[INFO DRT-0035]   Complete via3 (guide).
[INFO DRT-0035]   Complete met4 (guide).
[INFO DRT-0035]   Complete via4 (guide).
[INFO DRT-0035]   Complete met5 (guide).
[INFO DRT-0036] FR_MASTERSLICE guide region query size = 0.
[INFO DRT-0036] licon guide region query size = 0.
[INFO DRT-0036] li1 guide region query size = 19551.
[INFO DRT-0036] mcon guide region query size = 0.
[INFO DRT-0036] met1 guide region query size = 13600.
[INFO DRT-0036] via guide region query size = 0.
[INFO DRT-0036] met2 guide region query size = 6282.
[INFO DRT-0036] via2 guide region query size = 0.
[INFO DRT-0036] met3 guide region query size = 231.
[INFO DRT-0036] via3 guide region query size = 0.
[INFO DRT-0036] met4 guide region query size = 18.
[INFO DRT-0036] via4 guide region query size = 0.
[INFO DRT-0036] met5 guide region query size = 1.
[INFO DRT-0179] Init gr pin query.
[INFO DRT-0245] skipped writing guide updates to database.
[INFO DRT-0185] Post process initialize RPin region query.
[INFO DRT-0181] Start track assignment.
[INFO DRT-0184] Done with 25851 vertical wires in 2 frboxes and 13832 horizontal wires in 2 frboxes.
[INFO DRT-0186] Done with 1605 vertical wires in 2 frboxes and 4240 horizontal wires in 2 frboxes.
[INFO DRT-0182] Complete track assignment.
[INFO DRT-0267] cpu time = 00:00:03, elapsed time = 00:00:02, memory = 373.11 (MB), peak = 372.29 (MB)
[INFO DRT-0187] Start routing data preparation.
[INFO DRT-0267] cpu time = 00:00:00, elapsed time = 00:00:00, memory = 375.75 (MB), peak = 374.91 (MB)
[INFO DRT-0194] Start detail routing.
[INFO DRT-0195] Start 0th optimization iteration.
    Completing 10% with 0 violations.
    elapsed time = 00:00:04, memory = 570.36 (MB).
    Completing 20% with 0 violations.
    elapsed time = 00:00:06, memory = 581.95 (MB).
    Completing 30% with 0 violations.
    elapsed time = 00:00:10, memory = 491.37 (MB).
    Completing 40% with 621 violations.
    elapsed time = 00:00:16, memory = 753.91 (MB).
    Completing 50% with 621 violations.
    elapsed time = 00:00:18, memory = 694.08 (MB).
    Completing 60% with 1385 violations.
    elapsed time = 00:00:24, memory = 700.49 (MB).
    Completing 70% with 1385 violations.
    elapsed time = 00:00:28, memory = 779.45 (MB).
    Completing 80% with 1385 violations.
    elapsed time = 00:00:32, memory = 647.03 (MB).
    Completing 90% with 2086 violations.
    elapsed time = 00:00:41, memory = 855.27 (MB).
    Completing 100% with 2947 violations.
    elapsed time = 00:00:43, memory = 693.84 (MB).
[INFO DRT-0199]   Number of violations = 3294.
Viol/Layer         li1   mcon   met1   met2   met3
Cut Spacing          0      8      0      0      0
Metal Spacing      112      0    729     82     17
Min Hole             0      0      3      0      0
Recheck              1      0    275     71      0
Short                0      0   1912     84      0
[INFO DRT-0267] cpu time = 00:04:46, elapsed time = 00:00:44, memory = 991.74 (MB), peak = 990.88 (MB)
Total wire length = 162164 um.
Total wire length on LAYER li1 = 0 um.
Total wire length on LAYER met1 = 89088 um.
Total wire length on LAYER met2 = 68152 um.
Total wire length on LAYER met3 = 4154 um.
Total wire length on LAYER met4 = 718 um.
Total wire length on LAYER met5 = 50 um.
Total number of vias = 55581.
Up-via summary (total 55581):

------------------------
 FR_MASTERSLICE        0
            li1    29271
           met1    25916
           met2      360
           met3       32
           met4        2
------------------------
                   55581


[INFO DRT-0195] Start 1st optimization iteration.
    Completing 10% with 3294 violations.
    elapsed time = 00:00:04, memory = 1055.66 (MB).
    Completing 20% with 3294 violations.
    elapsed time = 00:00:06, memory = 1113.74 (MB).
    Completing 30% with 3294 violations.
    elapsed time = 00:00:08, memory = 991.74 (MB).
    Completing 40% with 2876 violations.
    elapsed time = 00:00:15, memory = 1025.88 (MB).
    Completing 50% with 2876 violations.
    elapsed time = 00:00:16, memory = 991.74 (MB).
    Completing 60% with 2587 violations.
    elapsed time = 00:00:20, memory = 1001.77 (MB).
    Completing 70% with 2587 violations.
    elapsed time = 00:00:23, memory = 1063.82 (MB).
    Completing 80% with 2587 violations.
    elapsed time = 00:00:25, memory = 1001.77 (MB).
    Completing 90% with 2045 violations.
    elapsed time = 00:00:35, memory = 1066.52 (MB).
    Completing 100% with 1606 violations.
    elapsed time = 00:00:38, memory = 1001.77 (MB).
[INFO DRT-0199]   Number of violations = 1606.
Viol/Layer        mcon   met1   met2
Cut Spacing          7      0      0
Metal Spacing        0    323     35
Short                0   1219     22
[INFO DRT-0267] cpu time = 00:04:13, elapsed time = 00:00:38, memory = 1002.77 (MB), peak = 1112.83 (MB)
Total wire length = 160741 um.
Total wire length on LAYER li1 = 0 um.
Total wire length on LAYER met1 = 88417 um.
Total wire length on LAYER met2 = 67383 um.
Total wire length on LAYER met3 = 4175 um.
Total wire length on LAYER met4 = 723 um.
Total wire length on LAYER met5 = 41 um.
Total number of vias = 55340.
Up-via summary (total 55340):

------------------------
 FR_MASTERSLICE        0
            li1    29249
           met1    25690
           met2      367
           met3       32
           met4        2
------------------------
                   55340


[INFO DRT-0195] Start 2nd optimization iteration.
    Completing 10% with 1606 violations.
    elapsed time = 00:00:01, memory = 1064.98 (MB).
    Completing 20% with 1606 violations.
    elapsed time = 00:00:06, memory = 1132.31 (MB).
    Completing 30% with 1606 violations.
    elapsed time = 00:00:08, memory = 1002.77 (MB).
    Completing 40% with 1655 violations.
    elapsed time = 00:00:12, memory = 1063.50 (MB).
    Completing 50% with 1655 violations.
    elapsed time = 00:00:15, memory = 1063.50 (MB).
    Completing 60% with 1569 violations.
    elapsed time = 00:00:17, memory = 1003.23 (MB).
    Completing 70% with 1569 violations.
    elapsed time = 00:00:23, memory = 1065.84 (MB).
    Completing 80% with 1569 violations.
    elapsed time = 00:00:26, memory = 1003.23 (MB).
    Completing 90% with 1558 violations.
    elapsed time = 00:00:32, memory = 1063.46 (MB).
    Completing 100% with 1510 violations.
    elapsed time = 00:00:36, memory = 1003.23 (MB).
[INFO DRT-0199]   Number of violations = 1510.
Viol/Layer        mcon   met1   met2
Cut Spacing          6      0      0
Metal Spacing        0    349     34
Short                0   1107     14
[INFO DRT-0267] cpu time = 00:03:55, elapsed time = 00:00:36, memory = 1006.21 (MB), peak = 1133.64 (MB)
Total wire length = 160526 um.
Total wire length on LAYER li1 = 0 um.
Total wire length on LAYER met1 = 88158 um.
Total wire length on LAYER met2 = 67448 um.
Total wire length on LAYER met3 = 4172 um.
Total wire length on LAYER met4 = 696 um.
Total wire length on LAYER met5 = 51 um.
Total number of vias = 55314.
Up-via summary (total 55314):

------------------------
 FR_MASTERSLICE        0
            li1    29249
           met1    25651
           met2      382
           met3       30
           met4        2
------------------------
                   55314


[INFO DRT-0195] Start 3rd optimization iteration.
    Completing 10% with 1510 violations.
    elapsed time = 00:00:02, memory = 1006.21 (MB).
    Completing 20% with 1510 violations.
    elapsed time = 00:00:03, memory = 1012.22 (MB).
    Completing 30% with 1510 violations.
    elapsed time = 00:00:06, memory = 1006.21 (MB).
    Completing 40% with 1139 violations.
    elapsed time = 00:00:10, memory = 1039.47 (MB).
    Completing 50% with 1139 violations.
    elapsed time = 00:00:11, memory = 1039.47 (MB).
    Completing 60% with 716 violations.
    elapsed time = 00:00:14, memory = 1041.10 (MB).
    Completing 70% with 716 violations.
    elapsed time = 00:00:15, memory = 1072.09 (MB).
    Completing 80% with 716 violations.
    elapsed time = 00:00:19, memory = 1006.78 (MB).
    Completing 90% with 421 violations.
    elapsed time = 00:00:23, memory = 1089.50 (MB).
    Completing 100% with 102 violations.
    elapsed time = 00:00:25, memory = 1024.54 (MB).
[INFO DRT-0199]   Number of violations = 102.
Viol/Layer        mcon   met1   met2
Cut Spacing          1      0      0
Metal Spacing        0     48      2
Short                0     46      5
[INFO DRT-0267] cpu time = 00:02:29, elapsed time = 00:00:25, memory = 1024.54 (MB), peak = 1133.64 (MB)
Total wire length = 160276 um.
Total wire length on LAYER li1 = 0 um.
Total wire length on LAYER met1 = 85076 um.
Total wire length on LAYER met2 = 67630 um.
Total wire length on LAYER met3 = 6905 um.
Total wire length on LAYER met4 = 644 um.
Total wire length on LAYER met5 = 19 um.
Total number of vias = 56096.
Up-via summary (total 56096):

------------------------
 FR_MASTERSLICE        0
            li1    29249
           met1    25932
           met2      887
           met3       26
           met4        2
------------------------
                   56096


[INFO DRT-0195] Start 4th optimization iteration.
    Completing 10% with 102 violations.
    elapsed time = 00:00:00, memory = 1024.54 (MB).
    Completing 20% with 102 violations.
    elapsed time = 00:00:00, memory = 1024.54 (MB).
    Completing 30% with 102 violations.
    elapsed time = 00:00:00, memory = 1024.54 (MB).
    Completing 40% with 96 violations.
    elapsed time = 00:00:00, memory = 1024.54 (MB).
    Completing 50% with 96 violations.
    elapsed time = 00:00:00, memory = 1024.54 (MB).
    Completing 60% with 69 violations.
    elapsed time = 00:00:01, memory = 1024.54 (MB).
    Completing 70% with 69 violations.
    elapsed time = 00:00:01, memory = 1024.54 (MB).
    Completing 80% with 69 violations.
    elapsed time = 00:00:02, memory = 1024.54 (MB).
    Completing 90% with 47 violations.
    elapsed time = 00:00:02, memory = 1024.54 (MB).
    Completing 100% with 0 violations.
    elapsed time = 00:00:03, memory = 1024.54 (MB).
[INFO DRT-0199]   Number of violations = 0.
[INFO DRT-0267] cpu time = 00:00:12, elapsed time = 00:00:03, memory = 1024.54 (MB), peak = 1133.64 (MB)
Total wire length = 160253 um.
Total wire length on LAYER li1 = 0 um.
Total wire length on LAYER met1 = 85055 um.
Total wire length on LAYER met2 = 67610 um.
Total wire length on LAYER met3 = 6923 um.
Total wire length on LAYER met4 = 644 um.
Total wire length on LAYER met5 = 19 um.
Total number of vias = 56088.
Up-via summary (total 56088):

------------------------
 FR_MASTERSLICE        0
            li1    29249
           met1    25924
           met2      887
           met3       26
           met4        2
------------------------
                   56088


[INFO DRT-0198] Complete detail routing.
Total wire length = 160253 um.
Total wire length on LAYER li1 = 0 um.
Total wire length on LAYER met1 = 85055 um.
Total wire length on LAYER met2 = 67610 um.
Total wire length on LAYER met3 = 6923 um.
Total wire length on LAYER met4 = 644 um.
Total wire length on LAYER met5 = 19 um.
Total number of vias = 56088.
Up-via summary (total 56088):

------------------------
 FR_MASTERSLICE        0
            li1    29249
           met1    25924
           met2      887
           met3       26
           met4        2
------------------------
                   56088


[INFO DRT-0267] cpu time = 00:15:38, elapsed time = 00:02:29, memory = 1024.55 (MB), peak = 1133.64 (MB)

[INFO DRT-0180] Post processing.
Setting global connections for newly added cells…
[INFO] Setting global connections...
Updating metrics…
Cell type report:                       Count       Area
  Fill cell                               280    1051.01
  Tap cell                               2059    2576.22
  Antenna cell                           2114    5290.07
  Clock buffer                             98    1425.12
  Timing Repair Buffer                    797    4904.70
  Inverter                                165     619.34
  Clock inverter                           72     900.86
  Sequential cell                         580   11612.39
  Multi-Input combinational cell         6282   43351.58
  Total                                 12447   71731.30
Writing OpenROAD database to '/foss/designs/196/systolic_array_4x4_test/librelane/runs/RUN_2026-09-02_05-27-52/44-openroad-detailedrouting/MMU.odb'…
Writing netlist to '/foss/designs/196/systolic_array_4x4_test/librelane/runs/RUN_2026-09-02_05-27-52/44-openroad-detailedrouting/MMU.nl.v'…
Writing powered netlist to '/foss/designs/196/systolic_array_4x4_test/librelane/runs/RUN_2026-09-02_05-27-52/44-openroad-detailedrouting/MMU.pnl.v'…
Writing layout to '/foss/designs/196/systolic_array_4x4_test/librelane/runs/RUN_2026-09-02_05-27-52/44-openroad-detailedrouting/MMU.def'…
Writing timing constraints to '/foss/designs/196/systolic_array_4x4_test/librelane/runs/RUN_2026-09-02_05-27-52/44-openroad-detailedrouting/MMU.sdc'…
