Clock: clk
Sources: clk 
Generated: no
Virtual: yes
Propagated: no
Period: 20.000000

===========================================================================
report_clock_properties
============================================================================
Clock                   Period          Waveform
----------------------------------------------------
clk                  20.000000    0.000000 10.000000

===========================================================================
report_clock_latency
============================================================================
Clock clk
rise -> rise
    min     max
0.000000 0.000000 source latency
0.533139         network latency _13118_/CLK
        0.679437 network latency _13069_/CLK
---------------
0.533139 0.679437 latency
        0.146298 skew

fall -> fall
    min     max
0.000000 0.000000 source latency
0.422091         network latency _13118_/CLK
        0.560053 network latency _13069_/CLK
---------------
0.422091 0.560053 latency
        0.137963 skew



===========================================================================
report_clock_min_period
============================================================================
clk period_min = 4.11 fmax = 243.51
