Netgen 1.5.316 compiled on Sat Feb 14 01:07:44 AM CET 2026
Warning: netgen command 'format' use fully-qualified name '::netgen::format'
Warning: netgen command 'global' use fully-qualified name '::netgen::global'
Warning:  A case-insensitive file has been read and so the	verilog file must be treated case-insensitive to match.
Reading SPICE netlist file '/foss/pdks/sky130A/libs.ref/sky130_fd_sc_hd/spice/sky130_ef_sc_hd__decap_12.spice'...
Call to undefined subcircuit sky130_fd_pr__pfet_01v8_hvt
Creating placeholder cell definition.
Call to undefined subcircuit sky130_fd_pr__nfet_01v8
Creating placeholder cell definition.
Reading SPICE netlist file '/foss/pdks/sky130A/libs.ref/sky130_fd_sc_hd/spice/sky130_ef_sc_hd__decap_20_12.spice'...
Reading SPICE netlist file '/foss/pdks/sky130A/libs.ref/sky130_fd_sc_hd/spice/sky130_ef_sc_hd__decap_40_12.spice'...
Reading SPICE netlist file '/foss/pdks/sky130A/libs.ref/sky130_fd_sc_hd/spice/sky130_ef_sc_hd__decap_60_12.spice'...
Reading SPICE netlist file '/foss/pdks/sky130A/libs.ref/sky130_fd_sc_hd/spice/sky130_ef_sc_hd__decap_80_12.spice'...
Reading SPICE netlist file '/foss/pdks/sky130A/libs.ref/sky130_fd_sc_hd/spice/sky130_ef_sc_hd__fill_12.spice'...
Reading SPICE netlist file '/foss/pdks/sky130A/libs.ref/sky130_fd_sc_hd/spice/sky130_ef_sc_hd__fill_2.spice'...
Reading SPICE netlist file '/foss/pdks/sky130A/libs.ref/sky130_fd_sc_hd/spice/sky130_ef_sc_hd__fill_4.spice'...
Reading SPICE netlist file '/foss/pdks/sky130A/libs.ref/sky130_fd_sc_hd/spice/sky130_ef_sc_hd__fill_8.spice'...
Reading SPICE netlist file '/foss/pdks/sky130A/libs.ref/sky130_fd_sc_hd/spice/sky130_fd_sc_hd.spice'...
Call to undefined subcircuit sky130_fd_pr__res_generic_po
Creating placeholder cell definition.
Call to undefined subcircuit sky130_fd_pr__special_nfet_01v8
Creating placeholder cell definition.
Call to undefined subcircuit sky130_fd_pr__diode_pw2nd_05v5
Creating placeholder cell definition.
Call to undefined subcircuit sky130_fd_pr__special_pfet_01v8_hvt
Creating placeholder cell definition.
Call to undefined subcircuit sky130_fd_sc_hd__nand2_2
Creating placeholder cell definition.
Call to undefined subcircuit sky130_fd_sc_hd__nor2_2
Creating placeholder cell definition.
Warning:  A case-insensitive file has been read and so the	verilog file must be treated case-insensitive to match.
Note:  Implicit pin HI in instance MMU_697 of sky130_fd_sc_hd__conb_1 in cell MMU
Note:  Implicit pin HI in instance MMU_698 of sky130_fd_sc_hd__conb_1 in cell MMU
Note:  Implicit pin HI in instance MMU_699 of sky130_fd_sc_hd__conb_1 in cell MMU
Note:  Implicit pin HI in instance MMU_700 of sky130_fd_sc_hd__conb_1 in cell MMU
Note:  Implicit pin HI in instance MMU_701 of sky130_fd_sc_hd__conb_1 in cell MMU
Note:  Implicit pin HI in instance MMU_702 of sky130_fd_sc_hd__conb_1 in cell MMU
Note:  Implicit pin HI in instance MMU_703 of sky130_fd_sc_hd__conb_1 in cell MMU
Note:  Implicit pin HI in instance MMU_704 of sky130_fd_sc_hd__conb_1 in cell MMU
Note:  Implicit pin HI in instance MMU_705 of sky130_fd_sc_hd__conb_1 in cell MMU
Note:  Implicit pin HI in instance MMU_706 of sky130_fd_sc_hd__conb_1 in cell MMU
Note:  Implicit pin HI in instance MMU_707 of sky130_fd_sc_hd__conb_1 in cell MMU
Note:  Implicit pin HI in instance MMU_708 of sky130_fd_sc_hd__conb_1 in cell MMU
Note:  Implicit pin HI in instance MMU_709 of sky130_fd_sc_hd__conb_1 in cell MMU
Note:  Implicit pin HI in instance MMU_710 of sky130_fd_sc_hd__conb_1 in cell MMU
Note:  Implicit pin HI in instance MMU_711 of sky130_fd_sc_hd__conb_1 in cell MMU
Note:  Implicit pin HI in instance MMU_712 of sky130_fd_sc_hd__conb_1 in cell MMU
Note:  Implicit pin HI in instance MMU_713 of sky130_fd_sc_hd__conb_1 in cell MMU
Note:  Implicit pin HI in instance MMU_714 of sky130_fd_sc_hd__conb_1 in cell MMU
Note:  Implicit pin HI in instance MMU_715 of sky130_fd_sc_hd__conb_1 in cell MMU
Note:  Implicit pin HI in instance MMU_716 of sky130_fd_sc_hd__conb_1 in cell MMU
Note:  Implicit pin HI in instance MMU_717 of sky130_fd_sc_hd__conb_1 in cell MMU
Note:  Implicit pin HI in instance MMU_718 of sky130_fd_sc_hd__conb_1 in cell MMU
Note:  Implicit pin HI in instance MMU_719 of sky130_fd_sc_hd__conb_1 in cell MMU
Note:  Implicit pin HI in instance MMU_720 of sky130_fd_sc_hd__conb_1 in cell MMU
Note:  Implicit pin HI in instance MMU_721 of sky130_fd_sc_hd__conb_1 in cell MMU
Note:  Implicit pin HI in instance MMU_722 of sky130_fd_sc_hd__conb_1 in cell MMU
Note:  Implicit pin HI in instance MMU_723 of sky130_fd_sc_hd__conb_1 in cell MMU
Note:  Implicit pin HI in instance MMU_724 of sky130_fd_sc_hd__conb_1 in cell MMU
Note:  Implicit pin HI in instance MMU_725 of sky130_fd_sc_hd__conb_1 in cell MMU
Note:  Implicit pin HI in instance MMU_726 of sky130_fd_sc_hd__conb_1 in cell MMU
Note:  Implicit pin HI in instance MMU_727 of sky130_fd_sc_hd__conb_1 in cell MMU
Note:  Implicit pin HI in instance MMU_728 of sky130_fd_sc_hd__conb_1 in cell MMU
Note:  Implicit pin HI in instance MMU_729 of sky130_fd_sc_hd__conb_1 in cell MMU
Note:  Implicit pin HI in instance MMU_730 of sky130_fd_sc_hd__conb_1 in cell MMU
Note:  Implicit pin HI in instance MMU_731 of sky130_fd_sc_hd__conb_1 in cell MMU
Note:  Implicit pin HI in instance MMU_732 of sky130_fd_sc_hd__conb_1 in cell MMU
Note:  Implicit pin HI in instance MMU_733 of sky130_fd_sc_hd__conb_1 in cell MMU
Note:  Implicit pin HI in instance MMU_734 of sky130_fd_sc_hd__conb_1 in cell MMU
Note:  Implicit pin HI in instance MMU_735 of sky130_fd_sc_hd__conb_1 in cell MMU
Note:  Implicit pin HI in instance MMU_736 of sky130_fd_sc_hd__conb_1 in cell MMU
Note:  Implicit pin HI in instance MMU_737 of sky130_fd_sc_hd__conb_1 in cell MMU
Note:  Implicit pin HI in instance MMU_738 of sky130_fd_sc_hd__conb_1 in cell MMU
Note:  Implicit pin HI in instance MMU_739 of sky130_fd_sc_hd__conb_1 in cell MMU
Note:  Implicit pin HI in instance MMU_740 of sky130_fd_sc_hd__conb_1 in cell MMU
Note:  Implicit pin HI in instance MMU_741 of sky130_fd_sc_hd__conb_1 in cell MMU
Note:  Implicit pin HI in instance MMU_742 of sky130_fd_sc_hd__conb_1 in cell MMU
Note:  Implicit pin HI in instance MMU_743 of sky130_fd_sc_hd__conb_1 in cell MMU
Note:  Implicit pin HI in instance MMU_744 of sky130_fd_sc_hd__conb_1 in cell MMU
Note:  Implicit pin HI in instance MMU_745 of sky130_fd_sc_hd__conb_1 in cell MMU
Note:  Implicit pin HI in instance MMU_746 of sky130_fd_sc_hd__conb_1 in cell MMU
Note:  Implicit pin HI in instance MMU_747 of sky130_fd_sc_hd__conb_1 in cell MMU
Note:  Implicit pin HI in instance MMU_696 of sky130_fd_sc_hd__conb_1 in cell MMU
Note:  Implicit pin Y in instance clkload0 of sky130_fd_sc_hd__inv_8 in cell MMU
Note:  Implicit pin Y in instance clkload1 of sky130_fd_sc_hd__inv_6 in cell MMU
Note:  Implicit pin X in instance clkload2 of sky130_fd_sc_hd__clkbuf_8 in cell MMU
Note:  Implicit pin Y in instance clkload3 of sky130_fd_sc_hd__bufinv_16 in cell MMU
Note:  Implicit pin Y in instance clkload4 of sky130_fd_sc_hd__inv_6 in cell MMU
Note:  Implicit pin Y in instance clkload5 of sky130_fd_sc_hd__bufinv_16 in cell MMU
Note:  Implicit pin Y in instance clkload6 of sky130_fd_sc_hd__clkinv_8 in cell MMU
Note:  Implicit pin Y in instance clkload7 of sky130_fd_sc_hd__clkinv_8 in cell MMU
Note:  Implicit pin Y in instance clkload8 of sky130_fd_sc_hd__clkinv_2 in cell MMU
Note:  Implicit pin Y in instance clkload9 of sky130_fd_sc_hd__inv_6 in cell MMU
Note:  Implicit pin Y in instance clkload10 of sky130_fd_sc_hd__inv_6 in cell MMU
Note:  Implicit pin Y in instance clkload11 of sky130_fd_sc_hd__clkinv_8 in cell MMU
Note:  Implicit pin Y in instance clkload12 of sky130_fd_sc_hd__clkinvlp_4 in cell MMU
Note:  Implicit pin Y in instance clkload13 of sky130_fd_sc_hd__bufinv_16 in cell MMU
Note:  Implicit pin Y in instance clkload14 of sky130_fd_sc_hd__clkinv_2 in cell MMU
Note:  Implicit pin X in instance clkload15 of sky130_fd_sc_hd__clkbuf_4 in cell MMU
Note:  Implicit pin Y in instance clkload16 of sky130_fd_sc_hd__bufinv_16 in cell MMU
Note:  Implicit pin X in instance clkload17 of sky130_fd_sc_hd__clkbuf_4 in cell MMU
Note:  Implicit pin Y in instance clkload18 of sky130_fd_sc_hd__bufinv_16 in cell MMU
Note:  Implicit pin Y in instance clkload19 of sky130_fd_sc_hd__clkinvlp_4 in cell MMU
Note:  Implicit pin Y in instance clkload20 of sky130_fd_sc_hd__clkinvlp_4 in cell MMU
Note:  Implicit pin Y in instance clkload21 of sky130_fd_sc_hd__clkinv_4 in cell MMU
Note:  Implicit pin Y in instance clkload22 of sky130_fd_sc_hd__clkinv_2 in cell MMU
Note:  Implicit pin Y in instance clkload23 of sky130_fd_sc_hd__clkinvlp_4 in cell MMU
Note:  Implicit pin Y in instance clkload24 of sky130_fd_sc_hd__clkinv_4 in cell MMU
Note:  Implicit pin Y in instance clkload25 of sky130_fd_sc_hd__inv_8 in cell MMU
Note:  Implicit pin Y in instance clkload26 of sky130_fd_sc_hd__clkinv_4 in cell MMU
Note:  Implicit pin Y in instance clkload27 of sky130_fd_sc_hd__inv_6 in cell MMU
Note:  Implicit pin Y in instance clkload28 of sky130_fd_sc_hd__clkinvlp_4 in cell MMU
Note:  Implicit pin Y in instance clkload29 of sky130_fd_sc_hd__bufinv_16 in cell MMU
Note:  Implicit pin X in instance clkload30 of sky130_fd_sc_hd__clkbuf_8 in cell MMU
Note:  Implicit pin Y in instance clkload31 of sky130_fd_sc_hd__clkinv_8 in cell MMU
Note:  Implicit pin Y in instance clkload32 of sky130_fd_sc_hd__inv_8 in cell MMU
Note:  Implicit pin Y in instance clkload33 of sky130_fd_sc_hd__inv_8 in cell MMU
Note:  Implicit pin Y in instance clkload34 of sky130_fd_sc_hd__inv_12 in cell MMU
Note:  Implicit pin Y in instance clkload35 of sky130_fd_sc_hd__inv_6 in cell MMU
Note:  Implicit pin Y in instance clkload36 of sky130_fd_sc_hd__inv_6 in cell MMU
Note:  Implicit pin Y in instance clkload37 of sky130_fd_sc_hd__inv_8 in cell MMU
Note:  Implicit pin Y in instance clkload38 of sky130_fd_sc_hd__inv_12 in cell MMU
Note:  Implicit pin Y in instance clkload39 of sky130_fd_sc_hd__inv_6 in cell MMU
Note:  Implicit pin Y in instance clkload40 of sky130_fd_sc_hd__clkinv_8 in cell MMU
Note:  Implicit pin Y in instance clkload41 of sky130_fd_sc_hd__clkinvlp_4 in cell MMU
Note:  Implicit pin Y in instance clkload42 of sky130_fd_sc_hd__inv_8 in cell MMU
Note:  Implicit pin Y in instance clkload43 of sky130_fd_sc_hd__inv_8 in cell MMU
Note:  Implicit pin Y in instance clkload44 of sky130_fd_sc_hd__inv_8 in cell MMU
Note:  Implicit pin Y in instance clkload45 of sky130_fd_sc_hd__clkinv_8 in cell MMU
Note:  Implicit pin Y in instance clkload46 of sky130_fd_sc_hd__inv_8 in cell MMU
Note:  Implicit pin Y in instance clkload47 of sky130_fd_sc_hd__inv_6 in cell MMU
Note:  Implicit pin Y in instance clkload48 of sky130_fd_sc_hd__inv_6 in cell MMU
Note:  Implicit pin Y in instance clkload49 of sky130_fd_sc_hd__clkinv_8 in cell MMU
Note:  Implicit pin Y in instance clkload50 of sky130_fd_sc_hd__inv_8 in cell MMU
Note:  Implicit pin Y in instance clkload51 of sky130_fd_sc_hd__inv_8 in cell MMU
Note:  Implicit pin Y in instance clkload52 of sky130_fd_sc_hd__clkinv_8 in cell MMU
Note:  Implicit pin Y in instance clkload53 of sky130_fd_sc_hd__clkinv_8 in cell MMU
Note:  Implicit pin Y in instance clkload54 of sky130_fd_sc_hd__clkinvlp_4 in cell MMU
Note:  Implicit pin Y in instance clkload55 of sky130_fd_sc_hd__inv_6 in cell MMU
Note:  Implicit pin Y in instance clkload56 of sky130_fd_sc_hd__inv_8 in cell MMU
Note:  Implicit pin Y in instance clkload57 of sky130_fd_sc_hd__clkinv_4 in cell MMU
Note:  Implicit pin X in instance clkload58 of sky130_fd_sc_hd__clkbuf_4 in cell MMU
Note:  Implicit pin X in instance clkload59 of sky130_fd_sc_hd__clkbuf_4 in cell MMU
Note:  Implicit pin Y in instance clkload60 of sky130_fd_sc_hd__clkinv_8 in cell MMU
Note:  Implicit pin Y in instance clkload61 of sky130_fd_sc_hd__clkinv_8 in cell MMU
Note:  Implicit pin Y in instance clkload62 of sky130_fd_sc_hd__inv_12 in cell MMU
Note:  Implicit pin Y in instance clkload63 of sky130_fd_sc_hd__inv_8 in cell MMU
Note:  Implicit pin Y in instance clkload64 of sky130_fd_sc_hd__inv_12 in cell MMU
Note:  Implicit pin Y in instance clkload65 of sky130_fd_sc_hd__inv_12 in cell MMU
Note:  Implicit pin Y in instance clkload66 of sky130_fd_sc_hd__inv_8 in cell MMU
Note:  Implicit pin Y in instance clkload67 of sky130_fd_sc_hd__inv_12 in cell MMU
Note:  Implicit pin Y in instance clkload68 of sky130_fd_sc_hd__clkinv_2 in cell MMU
Note:  Implicit pin Y in instance clkload69 of sky130_fd_sc_hd__inv_8 in cell MMU
Note:  Implicit pin Y in instance clkload70 of sky130_fd_sc_hd__inv_12 in cell MMU
Note:  Implicit pin Y in instance clkload71 of sky130_fd_sc_hd__clkinvlp_4 in cell MMU
Note:  Implicit pin Y in instance clkload72 of sky130_fd_sc_hd__inv_8 in cell MMU
Note:  Implicit pin Y in instance clkload73 of sky130_fd_sc_hd__inv_6 in cell MMU
Note:  Implicit pin Y in instance clkload74 of sky130_fd_sc_hd__clkinv_4 in cell MMU
Note:  Implicit pin Y in instance clkload75 of sky130_fd_sc_hd__inv_6 in cell MMU
Note:  Implicit pin Y in instance clkload76 of sky130_fd_sc_hd__clkinv_2 in cell MMU
Note:  Implicit pin X in instance clkload77 of sky130_fd_sc_hd__clkbuf_8 in cell MMU
Note:  Implicit pin Y in instance clkload78 of sky130_fd_sc_hd__clkinv_2 in cell MMU
Treating empty subcircuits as black-box cells
Generating JSON file result

Reading setup file /usr/local/lib/python3.12/dist-packages/librelane/scripts/netgen/setup.tcl

Model sky130_fd_pr__res_generic_po pin 1 == 2
No property value found for device sky130_fd_pr__res_generic_po
No property mult found for device sky130_fd_pr__res_generic_po
Model sky130_fd_pr__nfet_01v8 pin 1 == 3
No property mult found for device sky130_fd_pr__nfet_01v8
No property sa found for device sky130_fd_pr__nfet_01v8
No property sb found for device sky130_fd_pr__nfet_01v8
No property sd found for device sky130_fd_pr__nfet_01v8
No property nf found for device sky130_fd_pr__nfet_01v8
No property nrd found for device sky130_fd_pr__nfet_01v8
No property nrs found for device sky130_fd_pr__nfet_01v8
No property area found for device sky130_fd_pr__nfet_01v8
No property perim found for device sky130_fd_pr__nfet_01v8
No property topography found for device sky130_fd_pr__nfet_01v8
Model sky130_fd_pr__pfet_01v8_hvt pin 1 == 3
No property mult found for device sky130_fd_pr__pfet_01v8_hvt
No property sa found for device sky130_fd_pr__pfet_01v8_hvt
No property sb found for device sky130_fd_pr__pfet_01v8_hvt
No property sd found for device sky130_fd_pr__pfet_01v8_hvt
No property nf found for device sky130_fd_pr__pfet_01v8_hvt
No property nrd found for device sky130_fd_pr__pfet_01v8_hvt
No property nrs found for device sky130_fd_pr__pfet_01v8_hvt
No property area found for device sky130_fd_pr__pfet_01v8_hvt
No property perim found for device sky130_fd_pr__pfet_01v8_hvt
No property topography found for device sky130_fd_pr__pfet_01v8_hvt
Model sky130_fd_pr__special_nfet_01v8 pin 1 == 3
No property as found for device sky130_fd_pr__special_nfet_01v8
No property ad found for device sky130_fd_pr__special_nfet_01v8
No property ps found for device sky130_fd_pr__special_nfet_01v8
No property pd found for device sky130_fd_pr__special_nfet_01v8
No property mult found for device sky130_fd_pr__special_nfet_01v8
No property sa found for device sky130_fd_pr__special_nfet_01v8
No property sb found for device sky130_fd_pr__special_nfet_01v8
No property sd found for device sky130_fd_pr__special_nfet_01v8
No property nf found for device sky130_fd_pr__special_nfet_01v8
No property nrd found for device sky130_fd_pr__special_nfet_01v8
No property nrs found for device sky130_fd_pr__special_nfet_01v8
No property area found for device sky130_fd_pr__special_nfet_01v8
No property perim found for device sky130_fd_pr__special_nfet_01v8
No property topography found for device sky130_fd_pr__special_nfet_01v8
Model sky130_fd_pr__special_pfet_01v8_hvt pin 1 == 3
No property as found for device sky130_fd_pr__special_pfet_01v8_hvt
No property ad found for device sky130_fd_pr__special_pfet_01v8_hvt
No property ps found for device sky130_fd_pr__special_pfet_01v8_hvt
No property pd found for device sky130_fd_pr__special_pfet_01v8_hvt
No property mult found for device sky130_fd_pr__special_pfet_01v8_hvt
No property sa found for device sky130_fd_pr__special_pfet_01v8_hvt
No property sb found for device sky130_fd_pr__special_pfet_01v8_hvt
No property sd found for device sky130_fd_pr__special_pfet_01v8_hvt
No property nf found for device sky130_fd_pr__special_pfet_01v8_hvt
No property nrd found for device sky130_fd_pr__special_pfet_01v8_hvt
No property nrs found for device sky130_fd_pr__special_pfet_01v8_hvt
No property area found for device sky130_fd_pr__special_pfet_01v8_hvt
No property perim found for device sky130_fd_pr__special_pfet_01v8_hvt
No property topography found for device sky130_fd_pr__special_pfet_01v8_hvt
No property value found for device sky130_fd_pr__diode_pw2nd_05v5
No property mult found for device sky130_fd_pr__diode_pw2nd_05v5
Comparison output logged to file /foss/designs/196/systolic_array_4x4_test/librelane/runs/RUN_2026-09-02_05-27-52/69-netgen-lvs/reports/lvs.netgen.rpt
Logging to file "/foss/designs/196/systolic_array_4x4_test/librelane/runs/RUN_2026-09-02_05-27-52/69-netgen-lvs/reports/lvs.netgen.rpt" enabled

Contents of circuit 1:  Circuit: 'sky130_fd_sc_hd__decap_3'
Circuit sky130_fd_sc_hd__decap_3 contains 0 device instances.
Circuit contains 0 nets, and 4 disconnected pins.
Contents of circuit 2:  Circuit: 'sky130_fd_sc_hd__decap_3'
Circuit sky130_fd_sc_hd__decap_3 contains 2 device instances.
  Class: sky130_fd_pr__nfet_01v8 instances:   1
  Class: sky130_fd_pr__pfet_01v8_hvt instances:   1
Circuit contains 4 nets.

Circuit sky130_fd_sc_hd__decap_3 contains no devices.

Contents of circuit 1:  Circuit: 'sky130_fd_sc_hd__fill_1'
Circuit sky130_fd_sc_hd__fill_1 contains 0 device instances.
Circuit contains 0 nets, and 4 disconnected pins.
Contents of circuit 2:  Circuit: 'sky130_fd_sc_hd__fill_1'
Circuit sky130_fd_sc_hd__fill_1 contains 0 device instances.
Circuit contains 0 nets, and 4 disconnected pins.

Circuit sky130_fd_sc_hd__fill_1 contains no devices.

Contents of circuit 1:  Circuit: 'sky130_fd_sc_hd__fill_2'
Circuit sky130_fd_sc_hd__fill_2 contains 0 device instances.
Circuit contains 0 nets, and 4 disconnected pins.
Contents of circuit 2:  Circuit: 'sky130_fd_sc_hd__fill_2'
Circuit sky130_fd_sc_hd__fill_2 contains 0 device instances.
Circuit contains 0 nets, and 4 disconnected pins.

Circuit sky130_fd_sc_hd__fill_2 contains no devices.

Contents of circuit 1:  Circuit: 'sky130_fd_sc_hd__nand2_1'
Circuit sky130_fd_sc_hd__nand2_1 contains 0 device instances.
Circuit contains 0 nets, and 7 disconnected pins.
Contents of circuit 2:  Circuit: 'sky130_fd_sc_hd__nand2_1'
Circuit sky130_fd_sc_hd__nand2_1 contains 4 device instances.
  Class: sky130_fd_pr__nfet_01v8 instances:   2
  Class: sky130_fd_pr__pfet_01v8_hvt instances:   2
Circuit contains 8 nets.

Circuit sky130_fd_sc_hd__nand2_1 contains no devices.

Contents of circuit 1:  Circuit: 'sky130_fd_sc_hd__a21oi_1'
Circuit sky130_fd_sc_hd__a21oi_1 contains 0 device instances.
Circuit contains 0 nets, and 8 disconnected pins.
Contents of circuit 2:  Circuit: 'sky130_fd_sc_hd__a21oi_1'
Circuit sky130_fd_sc_hd__a21oi_1 contains 6 device instances.
  Class: sky130_fd_pr__nfet_01v8 instances:   3
  Class: sky130_fd_pr__pfet_01v8_hvt instances:   3
Circuit contains 10 nets.

Circuit sky130_fd_sc_hd__a21oi_1 contains no devices.

Contents of circuit 1:  Circuit: 'sky130_fd_sc_hd__and2b_1'
Circuit sky130_fd_sc_hd__and2b_1 contains 0 device instances.
Circuit contains 0 nets, and 7 disconnected pins.
Contents of circuit 2:  Circuit: 'sky130_fd_sc_hd__and2b_1'
Circuit sky130_fd_sc_hd__and2b_1 contains 8 device instances.
  Class: sky130_fd_pr__nfet_01v8 instances:   4
  Class: sky130_fd_pr__pfet_01v8_hvt instances:   4
Circuit contains 10 nets.

Circuit sky130_fd_sc_hd__and2b_1 contains no devices.

Contents of circuit 1:  Circuit: 'sky130_fd_sc_hd__nor2_1'
Circuit sky130_fd_sc_hd__nor2_1 contains 0 device instances.
Circuit contains 0 nets, and 7 disconnected pins.
Contents of circuit 2:  Circuit: 'sky130_fd_sc_hd__nor2_1'
Circuit sky130_fd_sc_hd__nor2_1 contains 4 device instances.
  Class: sky130_fd_pr__nfet_01v8 instances:   2
  Class: sky130_fd_pr__pfet_01v8_hvt instances:   2
Circuit contains 8 nets.

Circuit sky130_fd_sc_hd__nor2_1 contains no devices.

Contents of circuit 1:  Circuit: 'sky130_fd_sc_hd__diode_2'
Circuit sky130_fd_sc_hd__diode_2 contains 0 device instances.
Circuit contains 0 nets, and 5 disconnected pins.
Contents of circuit 2:  Circuit: 'sky130_fd_sc_hd__diode_2'
Circuit sky130_fd_sc_hd__diode_2 contains 1 device instances.
  Class: sky130_fd_pr__diode_pw2nd_05v5 instances:   1
Circuit contains 2 nets, and 3 disconnected pins.

Circuit sky130_fd_sc_hd__diode_2 contains no devices.

Contents of circuit 1:  Circuit: 'sky130_fd_sc_hd__o21ai_1'
Circuit sky130_fd_sc_hd__o21ai_1 contains 0 device instances.
Circuit contains 0 nets, and 8 disconnected pins.
Contents of circuit 2:  Circuit: 'sky130_fd_sc_hd__o21ai_1'
Circuit sky130_fd_sc_hd__o21ai_1 contains 6 device instances.
  Class: sky130_fd_pr__nfet_01v8 instances:   3
  Class: sky130_fd_pr__pfet_01v8_hvt instances:   3
Circuit contains 10 nets.

Circuit sky130_fd_sc_hd__o21ai_1 contains no devices.

Contents of circuit 1:  Circuit: 'sky130_fd_sc_hd__a31oi_1'
Circuit sky130_fd_sc_hd__a31oi_1 contains 0 device instances.
Circuit contains 0 nets, and 9 disconnected pins.
Contents of circuit 2:  Circuit: 'sky130_fd_sc_hd__a31oi_1'
Circuit sky130_fd_sc_hd__a31oi_1 contains 8 device instances.
  Class: sky130_fd_pr__nfet_01v8 instances:   4
  Class: sky130_fd_pr__pfet_01v8_hvt instances:   4
Circuit contains 12 nets.

Circuit sky130_fd_sc_hd__a31oi_1 contains no devices.

Contents of circuit 1:  Circuit: 'sky130_fd_sc_hd__and3_1'
Circuit sky130_fd_sc_hd__and3_1 contains 0 device instances.
Circuit contains 0 nets, and 8 disconnected pins.
Contents of circuit 2:  Circuit: 'sky130_fd_sc_hd__and3_1'
Circuit sky130_fd_sc_hd__and3_1 contains 8 device instances.
  Class: sky130_fd_pr__nfet_01v8 instances:   4
  Class: sky130_fd_pr__pfet_01v8_hvt instances:   4
Circuit contains 11 nets.

Circuit sky130_fd_sc_hd__and3_1 contains no devices.

Contents of circuit 1:  Circuit: 'sky130_fd_sc_hd__tapvpwrvgnd_1'
Circuit sky130_fd_sc_hd__tapvpwrvgnd_1 contains 0 device instances.
Circuit contains 0 nets, and 2 disconnected pins.
Contents of circuit 2:  Circuit: 'sky130_fd_sc_hd__tapvpwrvgnd_1'
Circuit sky130_fd_sc_hd__tapvpwrvgnd_1 contains 0 device instances.
Circuit contains 0 nets, and 2 disconnected pins.

Circuit sky130_fd_sc_hd__tapvpwrvgnd_1 contains no devices.

Contents of circuit 1:  Circuit: 'sky130_fd_sc_hd__nand4_2'
Circuit sky130_fd_sc_hd__nand4_2 contains 0 device instances.
Circuit contains 0 nets, and 9 disconnected pins.
Contents of circuit 2:  Circuit: 'sky130_fd_sc_hd__nand4_2'
Circuit sky130_fd_sc_hd__nand4_2 contains 16 device instances.
  Class: sky130_fd_pr__nfet_01v8 instances:   8
  Class: sky130_fd_pr__pfet_01v8_hvt instances:   8
Circuit contains 12 nets.

Circuit sky130_fd_sc_hd__nand4_2 contains no devices.

Contents of circuit 1:  Circuit: 'sky130_fd_sc_hd__a31o_1'
Circuit sky130_fd_sc_hd__a31o_1 contains 0 device instances.
Circuit contains 0 nets, and 9 disconnected pins.
Contents of circuit 2:  Circuit: 'sky130_fd_sc_hd__a31o_1'
Circuit sky130_fd_sc_hd__a31o_1 contains 10 device instances.
  Class: sky130_fd_pr__nfet_01v8 instances:   5
  Class: sky130_fd_pr__pfet_01v8_hvt instances:   5
Circuit contains 13 nets.

Circuit sky130_fd_sc_hd__a31o_1 contains no devices.

Contents of circuit 1:  Circuit: 'sky130_fd_sc_hd__and4_1'
Circuit sky130_fd_sc_hd__and4_1 contains 0 device instances.
Circuit contains 0 nets, and 9 disconnected pins.
Contents of circuit 2:  Circuit: 'sky130_fd_sc_hd__and4_1'
Circuit sky130_fd_sc_hd__and4_1 contains 10 device instances.
  Class: sky130_fd_pr__nfet_01v8 instances:   5
  Class: sky130_fd_pr__pfet_01v8_hvt instances:   5
Circuit contains 13 nets.

Circuit sky130_fd_sc_hd__and4_1 contains no devices.

Contents of circuit 1:  Circuit: 'sky130_fd_sc_hd__xnor2_1'
Circuit sky130_fd_sc_hd__xnor2_1 contains 0 device instances.
Circuit contains 0 nets, and 7 disconnected pins.
Contents of circuit 2:  Circuit: 'sky130_fd_sc_hd__xnor2_1'
Circuit sky130_fd_sc_hd__xnor2_1 contains 10 device instances.
  Class: sky130_fd_pr__nfet_01v8 instances:   5
  Class: sky130_fd_pr__pfet_01v8_hvt instances:   5
Circuit contains 11 nets.

Circuit sky130_fd_sc_hd__xnor2_1 contains no devices.

Contents of circuit 1:  Circuit: 'sky130_fd_sc_hd__dfxtp_1'
Circuit sky130_fd_sc_hd__dfxtp_1 contains 0 device instances.
Circuit contains 0 nets, and 7 disconnected pins.
Contents of circuit 2:  Circuit: 'sky130_fd_sc_hd__dfxtp_1'
Circuit sky130_fd_sc_hd__dfxtp_1 contains 24 device instances.
  Class: sky130_fd_pr__nfet_01v8 instances:   8
  Class: sky130_fd_pr__pfet_01v8_hvt instances:  12
  Class: sky130_fd_pr__special_nfet_01v8 instances:   4
Circuit contains 18 nets.

Circuit sky130_fd_sc_hd__dfxtp_1 contains no devices.

Contents of circuit 1:  Circuit: 'sky130_fd_sc_hd__nand2b_1'
Circuit sky130_fd_sc_hd__nand2b_1 contains 0 device instances.
Circuit contains 0 nets, and 7 disconnected pins.
Contents of circuit 2:  Circuit: 'sky130_fd_sc_hd__nand2b_1'
Circuit sky130_fd_sc_hd__nand2b_1 contains 6 device instances.
  Class: sky130_fd_pr__nfet_01v8 instances:   3
  Class: sky130_fd_pr__pfet_01v8_hvt instances:   3
Circuit contains 9 nets.

Circuit sky130_fd_sc_hd__nand2b_1 contains no devices.

Contents of circuit 1:  Circuit: 'sky130_fd_sc_hd__and2_1'
Circuit sky130_fd_sc_hd__and2_1 contains 0 device instances.
Circuit contains 0 nets, and 7 disconnected pins.
Contents of circuit 2:  Circuit: 'sky130_fd_sc_hd__and2_1'
Circuit sky130_fd_sc_hd__and2_1 contains 6 device instances.
  Class: sky130_fd_pr__nfet_01v8 instances:   3
  Class: sky130_fd_pr__pfet_01v8_hvt instances:   3
Circuit contains 9 nets.

Circuit sky130_fd_sc_hd__and2_1 contains no devices.

Contents of circuit 1:  Circuit: 'sky130_fd_sc_hd__nand3_1'
Circuit sky130_fd_sc_hd__nand3_1 contains 0 device instances.
Circuit contains 0 nets, and 8 disconnected pins.
Contents of circuit 2:  Circuit: 'sky130_fd_sc_hd__nand3_1'
Circuit sky130_fd_sc_hd__nand3_1 contains 6 device instances.
  Class: sky130_fd_pr__nfet_01v8 instances:   3
  Class: sky130_fd_pr__pfet_01v8_hvt instances:   3
Circuit contains 10 nets.

Circuit sky130_fd_sc_hd__nand3_1 contains no devices.

Contents of circuit 1:  Circuit: 'sky130_fd_sc_hd__nor3_1'
Circuit sky130_fd_sc_hd__nor3_1 contains 0 device instances.
Circuit contains 0 nets, and 8 disconnected pins.
Contents of circuit 2:  Circuit: 'sky130_fd_sc_hd__nor3_1'
Circuit sky130_fd_sc_hd__nor3_1 contains 6 device instances.
  Class: sky130_fd_pr__nfet_01v8 instances:   3
  Class: sky130_fd_pr__pfet_01v8_hvt instances:   3
Circuit contains 10 nets.

Circuit sky130_fd_sc_hd__nor3_1 contains no devices.

Contents of circuit 1:  Circuit: 'sky130_fd_sc_hd__a22o_1'
Circuit sky130_fd_sc_hd__a22o_1 contains 0 device instances.
Circuit contains 0 nets, and 9 disconnected pins.
Contents of circuit 2:  Circuit: 'sky130_fd_sc_hd__a22o_1'
Circuit sky130_fd_sc_hd__a22o_1 contains 10 device instances.
  Class: sky130_fd_pr__nfet_01v8 instances:   5
  Class: sky130_fd_pr__pfet_01v8_hvt instances:   5
Circuit contains 13 nets.

Circuit sky130_fd_sc_hd__a22o_1 contains no devices.

Contents of circuit 1:  Circuit: 'sky130_fd_sc_hd__xor2_1'
Circuit sky130_fd_sc_hd__xor2_1 contains 0 device instances.
Circuit contains 0 nets, and 7 disconnected pins.
Contents of circuit 2:  Circuit: 'sky130_fd_sc_hd__xor2_1'
Circuit sky130_fd_sc_hd__xor2_1 contains 10 device instances.
  Class: sky130_fd_pr__nfet_01v8 instances:   5
  Class: sky130_fd_pr__pfet_01v8_hvt instances:   5
Circuit contains 11 nets.

Circuit sky130_fd_sc_hd__xor2_1 contains no devices.

Contents of circuit 1:  Circuit: 'sky130_fd_sc_hd__nand4_1'
Circuit sky130_fd_sc_hd__nand4_1 contains 0 device instances.
Circuit contains 0 nets, and 9 disconnected pins.
Contents of circuit 2:  Circuit: 'sky130_fd_sc_hd__nand4_1'
Circuit sky130_fd_sc_hd__nand4_1 contains 8 device instances.
  Class: sky130_fd_pr__nfet_01v8 instances:   4
  Class: sky130_fd_pr__pfet_01v8_hvt instances:   4
Circuit contains 12 nets.

Circuit sky130_fd_sc_hd__nand4_1 contains no devices.

Contents of circuit 1:  Circuit: 'sky130_fd_sc_hd__nand3_2'
Circuit sky130_fd_sc_hd__nand3_2 contains 0 device instances.
Circuit contains 0 nets, and 8 disconnected pins.
Contents of circuit 2:  Circuit: 'sky130_fd_sc_hd__nand3_2'
Circuit sky130_fd_sc_hd__nand3_2 contains 12 device instances.
  Class: sky130_fd_pr__nfet_01v8 instances:   6
  Class: sky130_fd_pr__pfet_01v8_hvt instances:   6
Circuit contains 10 nets.

Circuit sky130_fd_sc_hd__nand3_2 contains no devices.

Contents of circuit 1:  Circuit: 'sky130_fd_sc_hd__inv_2'
Circuit sky130_fd_sc_hd__inv_2 contains 0 device instances.
Circuit contains 0 nets, and 6 disconnected pins.
Contents of circuit 2:  Circuit: 'sky130_fd_sc_hd__inv_2'
Circuit sky130_fd_sc_hd__inv_2 contains 4 device instances.
  Class: sky130_fd_pr__nfet_01v8 instances:   2
  Class: sky130_fd_pr__pfet_01v8_hvt instances:   2
Circuit contains 6 nets.

Circuit sky130_fd_sc_hd__inv_2 contains no devices.

Contents of circuit 1:  Circuit: 'sky130_fd_sc_hd__buf_2'
Circuit sky130_fd_sc_hd__buf_2 contains 0 device instances.
Circuit contains 0 nets, and 6 disconnected pins.
Contents of circuit 2:  Circuit: 'sky130_fd_sc_hd__buf_2'
Circuit sky130_fd_sc_hd__buf_2 contains 6 device instances.
  Class: sky130_fd_pr__nfet_01v8 instances:   3
  Class: sky130_fd_pr__pfet_01v8_hvt instances:   3
Circuit contains 7 nets.

Circuit sky130_fd_sc_hd__buf_2 contains no devices.

Contents of circuit 1:  Circuit: 'sky130_fd_sc_hd__clkbuf_4'
Circuit sky130_fd_sc_hd__clkbuf_4 contains 0 device instances.
Circuit contains 0 nets, and 6 disconnected pins.
Contents of circuit 2:  Circuit: 'sky130_fd_sc_hd__clkbuf_4'
Circuit sky130_fd_sc_hd__clkbuf_4 contains 10 device instances.
  Class: sky130_fd_pr__nfet_01v8 instances:   5
  Class: sky130_fd_pr__pfet_01v8_hvt instances:   5
Circuit contains 7 nets.

Circuit sky130_fd_sc_hd__clkbuf_4 contains no devices.

Contents of circuit 1:  Circuit: 'sky130_fd_sc_hd__clkbuf_2'
Circuit sky130_fd_sc_hd__clkbuf_2 contains 0 device instances.
Circuit contains 0 nets, and 6 disconnected pins.
Contents of circuit 2:  Circuit: 'sky130_fd_sc_hd__clkbuf_2'
Circuit sky130_fd_sc_hd__clkbuf_2 contains 6 device instances.
  Class: sky130_fd_pr__nfet_01v8 instances:   3
  Class: sky130_fd_pr__pfet_01v8_hvt instances:   3
Circuit contains 7 nets.

Circuit sky130_fd_sc_hd__clkbuf_2 contains no devices.

Contents of circuit 1:  Circuit: 'sky130_fd_sc_hd__o31ai_2'
Circuit sky130_fd_sc_hd__o31ai_2 contains 0 device instances.
Circuit contains 0 nets, and 9 disconnected pins.
Contents of circuit 2:  Circuit: 'sky130_fd_sc_hd__o31ai_2'
Circuit sky130_fd_sc_hd__o31ai_2 contains 16 device instances.
  Class: sky130_fd_pr__nfet_01v8 instances:   8
  Class: sky130_fd_pr__pfet_01v8_hvt instances:   8
Circuit contains 12 nets.

Circuit sky130_fd_sc_hd__o31ai_2 contains no devices.

Contents of circuit 1:  Circuit: 'sky130_fd_sc_hd__o31a_1'
Circuit sky130_fd_sc_hd__o31a_1 contains 0 device instances.
Circuit contains 0 nets, and 9 disconnected pins.
Contents of circuit 2:  Circuit: 'sky130_fd_sc_hd__o31a_1'
Circuit sky130_fd_sc_hd__o31a_1 contains 10 device instances.
  Class: sky130_fd_pr__nfet_01v8 instances:   5
  Class: sky130_fd_pr__pfet_01v8_hvt instances:   5
Circuit contains 13 nets.

Circuit sky130_fd_sc_hd__o31a_1 contains no devices.

Contents of circuit 1:  Circuit: 'sky130_fd_sc_hd__a21o_1'
Circuit sky130_fd_sc_hd__a21o_1 contains 0 device instances.
Circuit contains 0 nets, and 8 disconnected pins.
Contents of circuit 2:  Circuit: 'sky130_fd_sc_hd__a21o_1'
Circuit sky130_fd_sc_hd__a21o_1 contains 8 device instances.
  Class: sky130_fd_pr__nfet_01v8 instances:   4
  Class: sky130_fd_pr__pfet_01v8_hvt instances:   4
Circuit contains 11 nets.

Circuit sky130_fd_sc_hd__a21o_1 contains no devices.

Contents of circuit 1:  Circuit: 'sky130_fd_sc_hd__or2_1'
Circuit sky130_fd_sc_hd__or2_1 contains 0 device instances.
Circuit contains 0 nets, and 7 disconnected pins.
Contents of circuit 2:  Circuit: 'sky130_fd_sc_hd__or2_1'
Circuit sky130_fd_sc_hd__or2_1 contains 6 device instances.
  Class: sky130_fd_pr__nfet_01v8 instances:   3
  Class: sky130_fd_pr__pfet_01v8_hvt instances:   3
Circuit contains 9 nets.

Circuit sky130_fd_sc_hd__or2_1 contains no devices.

Contents of circuit 1:  Circuit: 'sky130_fd_sc_hd__nor4_1'
Circuit sky130_fd_sc_hd__nor4_1 contains 0 device instances.
Circuit contains 0 nets, and 9 disconnected pins.
Contents of circuit 2:  Circuit: 'sky130_fd_sc_hd__nor4_1'
Circuit sky130_fd_sc_hd__nor4_1 contains 8 device instances.
  Class: sky130_fd_pr__nfet_01v8 instances:   4
  Class: sky130_fd_pr__pfet_01v8_hvt instances:   4
Circuit contains 12 nets.

Circuit sky130_fd_sc_hd__nor4_1 contains no devices.

Contents of circuit 1:  Circuit: 'sky130_fd_sc_hd__and4bb_1'
Circuit sky130_fd_sc_hd__and4bb_1 contains 0 device instances.
Circuit contains 0 nets, and 9 disconnected pins.
Contents of circuit 2:  Circuit: 'sky130_fd_sc_hd__and4bb_1'
Circuit sky130_fd_sc_hd__and4bb_1 contains 14 device instances.
  Class: sky130_fd_pr__nfet_01v8 instances:   7
  Class: sky130_fd_pr__pfet_01v8_hvt instances:   7
Circuit contains 15 nets.

Circuit sky130_fd_sc_hd__and4bb_1 contains no devices.

Contents of circuit 1:  Circuit: 'sky130_fd_sc_hd__o21ba_1'
Circuit sky130_fd_sc_hd__o21ba_1 contains 0 device instances.
Circuit contains 0 nets, and 8 disconnected pins.
Contents of circuit 2:  Circuit: 'sky130_fd_sc_hd__o21ba_1'
Circuit sky130_fd_sc_hd__o21ba_1 contains 10 device instances.
  Class: sky130_fd_pr__nfet_01v8 instances:   5
  Class: sky130_fd_pr__pfet_01v8_hvt instances:   5
Circuit contains 12 nets.

Circuit sky130_fd_sc_hd__o21ba_1 contains no devices.

Contents of circuit 1:  Circuit: 'sky130_fd_sc_hd__or3_1'
Circuit sky130_fd_sc_hd__or3_1 contains 0 device instances.
Circuit contains 0 nets, and 8 disconnected pins.
Contents of circuit 2:  Circuit: 'sky130_fd_sc_hd__or3_1'
Circuit sky130_fd_sc_hd__or3_1 contains 8 device instances.
  Class: sky130_fd_pr__nfet_01v8 instances:   4
  Class: sky130_fd_pr__pfet_01v8_hvt instances:   4
Circuit contains 11 nets.

Circuit sky130_fd_sc_hd__or3_1 contains no devices.

Contents of circuit 1:  Circuit: 'sky130_fd_sc_hd__o211a_1'
Circuit sky130_fd_sc_hd__o211a_1 contains 0 device instances.
Circuit contains 0 nets, and 9 disconnected pins.
Contents of circuit 2:  Circuit: 'sky130_fd_sc_hd__o211a_1'
Circuit sky130_fd_sc_hd__o211a_1 contains 10 device instances.
  Class: sky130_fd_pr__nfet_01v8 instances:   5
  Class: sky130_fd_pr__pfet_01v8_hvt instances:   5
Circuit contains 13 nets.

Circuit sky130_fd_sc_hd__o211a_1 contains no devices.

Contents of circuit 1:  Circuit: 'sky130_fd_sc_hd__a211o_1'
Circuit sky130_fd_sc_hd__a211o_1 contains 0 device instances.
Circuit contains 0 nets, and 9 disconnected pins.
Contents of circuit 2:  Circuit: 'sky130_fd_sc_hd__a211o_1'
Circuit sky130_fd_sc_hd__a211o_1 contains 10 device instances.
  Class: sky130_fd_pr__nfet_01v8 instances:   5
  Class: sky130_fd_pr__pfet_01v8_hvt instances:   5
Circuit contains 13 nets.

Circuit sky130_fd_sc_hd__a211o_1 contains no devices.

Contents of circuit 1:  Circuit: 'sky130_fd_sc_hd__mux2_1'
Circuit sky130_fd_sc_hd__mux2_1 contains 0 device instances.
Circuit contains 0 nets, and 8 disconnected pins.
Contents of circuit 2:  Circuit: 'sky130_fd_sc_hd__mux2_1'
Circuit sky130_fd_sc_hd__mux2_1 contains 12 device instances.
  Class: sky130_fd_pr__nfet_01v8 instances:   6
  Class: sky130_fd_pr__pfet_01v8_hvt instances:   6
Circuit contains 14 nets.

Circuit sky130_fd_sc_hd__mux2_1 contains no devices.

Contents of circuit 1:  Circuit: 'sky130_fd_sc_hd__o31ai_1'
Circuit sky130_fd_sc_hd__o31ai_1 contains 0 device instances.
Circuit contains 0 nets, and 9 disconnected pins.
Contents of circuit 2:  Circuit: 'sky130_fd_sc_hd__o31ai_1'
Circuit sky130_fd_sc_hd__o31ai_1 contains 8 device instances.
  Class: sky130_fd_pr__nfet_01v8 instances:   4
  Class: sky130_fd_pr__pfet_01v8_hvt instances:   4
Circuit contains 12 nets.

Circuit sky130_fd_sc_hd__o31ai_1 contains no devices.

Contents of circuit 1:  Circuit: 'sky130_fd_sc_hd__a22oi_1'
Circuit sky130_fd_sc_hd__a22oi_1 contains 0 device instances.
Circuit contains 0 nets, and 9 disconnected pins.
Contents of circuit 2:  Circuit: 'sky130_fd_sc_hd__a22oi_1'
Circuit sky130_fd_sc_hd__a22oi_1 contains 8 device instances.
  Class: sky130_fd_pr__nfet_01v8 instances:   4
  Class: sky130_fd_pr__pfet_01v8_hvt instances:   4
Circuit contains 12 nets.

Circuit sky130_fd_sc_hd__a22oi_1 contains no devices.

Contents of circuit 1:  Circuit: 'sky130_fd_sc_hd__a211oi_1'
Circuit sky130_fd_sc_hd__a211oi_1 contains 0 device instances.
Circuit contains 0 nets, and 9 disconnected pins.
Contents of circuit 2:  Circuit: 'sky130_fd_sc_hd__a211oi_1'
Circuit sky130_fd_sc_hd__a211oi_1 contains 8 device instances.
  Class: sky130_fd_pr__nfet_01v8 instances:   4
  Class: sky130_fd_pr__pfet_01v8_hvt instances:   4
Circuit contains 12 nets.

Circuit sky130_fd_sc_hd__a211oi_1 contains no devices.

Contents of circuit 1:  Circuit: 'sky130_fd_sc_hd__o21a_1'
Circuit sky130_fd_sc_hd__o21a_1 contains 0 device instances.
Circuit contains 0 nets, and 8 disconnected pins.
Contents of circuit 2:  Circuit: 'sky130_fd_sc_hd__o21a_1'
Circuit sky130_fd_sc_hd__o21a_1 contains 8 device instances.
  Class: sky130_fd_pr__nfet_01v8 instances:   4
  Class: sky130_fd_pr__pfet_01v8_hvt instances:   4
Circuit contains 11 nets.

Circuit sky130_fd_sc_hd__o21a_1 contains no devices.

Contents of circuit 1:  Circuit: 'sky130_fd_sc_hd__o21ai_2'
Circuit sky130_fd_sc_hd__o21ai_2 contains 0 device instances.
Circuit contains 0 nets, and 8 disconnected pins.
Contents of circuit 2:  Circuit: 'sky130_fd_sc_hd__o21ai_2'
Circuit sky130_fd_sc_hd__o21ai_2 contains 12 device instances.
  Class: sky130_fd_pr__nfet_01v8 instances:   6
  Class: sky130_fd_pr__pfet_01v8_hvt instances:   6
Circuit contains 10 nets.

Circuit sky130_fd_sc_hd__o21ai_2 contains no devices.

Contents of circuit 1:  Circuit: 'sky130_fd_sc_hd__a21bo_1'
Circuit sky130_fd_sc_hd__a21bo_1 contains 0 device instances.
Circuit contains 0 nets, and 8 disconnected pins.
Contents of circuit 2:  Circuit: 'sky130_fd_sc_hd__a21bo_1'
Circuit sky130_fd_sc_hd__a21bo_1 contains 10 device instances.
  Class: sky130_fd_pr__nfet_01v8 instances:   5
  Class: sky130_fd_pr__pfet_01v8_hvt instances:   5
Circuit contains 12 nets.

Circuit sky130_fd_sc_hd__a21bo_1 contains no devices.

Contents of circuit 1:  Circuit: 'sky130_fd_sc_hd__dlygate4sd3_1'
Circuit sky130_fd_sc_hd__dlygate4sd3_1 contains 0 device instances.
Circuit contains 0 nets, and 6 disconnected pins.
Contents of circuit 2:  Circuit: 'sky130_fd_sc_hd__dlygate4sd3_1'
Circuit sky130_fd_sc_hd__dlygate4sd3_1 contains 8 device instances.
  Class: sky130_fd_pr__nfet_01v8 instances:   4
  Class: sky130_fd_pr__pfet_01v8_hvt instances:   4
Circuit contains 9 nets.

Circuit sky130_fd_sc_hd__dlygate4sd3_1 contains no devices.

Contents of circuit 1:  Circuit: 'sky130_fd_sc_hd__o211ai_2'
Circuit sky130_fd_sc_hd__o211ai_2 contains 0 device instances.
Circuit contains 0 nets, and 9 disconnected pins.
Contents of circuit 2:  Circuit: 'sky130_fd_sc_hd__o211ai_2'
Circuit sky130_fd_sc_hd__o211ai_2 contains 16 device instances.
  Class: sky130_fd_pr__nfet_01v8 instances:   8
  Class: sky130_fd_pr__pfet_01v8_hvt instances:   8
Circuit contains 12 nets.

Circuit sky130_fd_sc_hd__o211ai_2 contains no devices.

Contents of circuit 1:  Circuit: 'sky130_fd_sc_hd__a21boi_1'
Circuit sky130_fd_sc_hd__a21boi_1 contains 0 device instances.
Circuit contains 0 nets, and 8 disconnected pins.
Contents of circuit 2:  Circuit: 'sky130_fd_sc_hd__a21boi_1'
Circuit sky130_fd_sc_hd__a21boi_1 contains 8 device instances.
  Class: sky130_fd_pr__nfet_01v8 instances:   4
  Class: sky130_fd_pr__pfet_01v8_hvt instances:   4
Circuit contains 11 nets.

Circuit sky130_fd_sc_hd__a21boi_1 contains no devices.

Contents of circuit 1:  Circuit: 'sky130_fd_sc_hd__a311o_1'
Circuit sky130_fd_sc_hd__a311o_1 contains 0 device instances.
Circuit contains 0 nets, and 10 disconnected pins.
Contents of circuit 2:  Circuit: 'sky130_fd_sc_hd__a311o_1'
Circuit sky130_fd_sc_hd__a311o_1 contains 12 device instances.
  Class: sky130_fd_pr__nfet_01v8 instances:   6
  Class: sky130_fd_pr__pfet_01v8_hvt instances:   6
Circuit contains 15 nets.

Circuit sky130_fd_sc_hd__a311o_1 contains no devices.

Contents of circuit 1:  Circuit: 'sky130_fd_sc_hd__clkbuf_16'
Circuit sky130_fd_sc_hd__clkbuf_16 contains 0 device instances.
Circuit contains 0 nets, and 6 disconnected pins.
Contents of circuit 2:  Circuit: 'sky130_fd_sc_hd__clkbuf_16'
Circuit sky130_fd_sc_hd__clkbuf_16 contains 40 device instances.
  Class: sky130_fd_pr__nfet_01v8 instances:  20
  Class: sky130_fd_pr__pfet_01v8_hvt instances:  20
Circuit contains 7 nets.

Circuit sky130_fd_sc_hd__clkbuf_16 contains no devices.

Contents of circuit 1:  Circuit: 'sky130_fd_sc_hd__o32a_1'
Circuit sky130_fd_sc_hd__o32a_1 contains 0 device instances.
Circuit contains 0 nets, and 10 disconnected pins.
Contents of circuit 2:  Circuit: 'sky130_fd_sc_hd__o32a_1'
Circuit sky130_fd_sc_hd__o32a_1 contains 12 device instances.
  Class: sky130_fd_pr__nfet_01v8 instances:   6
  Class: sky130_fd_pr__pfet_01v8_hvt instances:   6
Circuit contains 15 nets.

Circuit sky130_fd_sc_hd__o32a_1 contains no devices.

Contents of circuit 1:  Circuit: 'sky130_fd_sc_hd__xor2_2'
Circuit sky130_fd_sc_hd__xor2_2 contains 0 device instances.
Circuit contains 0 nets, and 7 disconnected pins.
Contents of circuit 2:  Circuit: 'sky130_fd_sc_hd__xor2_2'
Circuit sky130_fd_sc_hd__xor2_2 contains 20 device instances.
  Class: sky130_fd_pr__nfet_01v8 instances:  10
  Class: sky130_fd_pr__pfet_01v8_hvt instances:  10
Circuit contains 11 nets.

Circuit sky130_fd_sc_hd__xor2_2 contains no devices.

Contents of circuit 1:  Circuit: 'sky130_fd_sc_hd__buf_4'
Circuit sky130_fd_sc_hd__buf_4 contains 0 device instances.
Circuit contains 0 nets, and 6 disconnected pins.
Contents of circuit 2:  Circuit: 'sky130_fd_sc_hd__buf_4'
Circuit sky130_fd_sc_hd__buf_4 contains 10 device instances.
  Class: sky130_fd_pr__nfet_01v8 instances:   5
  Class: sky130_fd_pr__pfet_01v8_hvt instances:   5
Circuit contains 7 nets.

Circuit sky130_fd_sc_hd__buf_4 contains no devices.

Contents of circuit 1:  Circuit: 'sky130_fd_sc_hd__or4_2'
Circuit sky130_fd_sc_hd__or4_2 contains 0 device instances.
Circuit contains 0 nets, and 9 disconnected pins.
Contents of circuit 2:  Circuit: 'sky130_fd_sc_hd__or4_2'
Circuit sky130_fd_sc_hd__or4_2 contains 12 device instances.
  Class: sky130_fd_pr__nfet_01v8 instances:   6
  Class: sky130_fd_pr__pfet_01v8_hvt instances:   6
Circuit contains 13 nets.

Circuit sky130_fd_sc_hd__or4_2 contains no devices.

Contents of circuit 1:  Circuit: 'sky130_fd_sc_hd__dlymetal6s2s_1'
Circuit sky130_fd_sc_hd__dlymetal6s2s_1 contains 0 device instances.
Circuit contains 0 nets, and 6 disconnected pins.
Contents of circuit 2:  Circuit: 'sky130_fd_sc_hd__dlymetal6s2s_1'
Circuit sky130_fd_sc_hd__dlymetal6s2s_1 contains 12 device instances.
  Class: sky130_fd_pr__nfet_01v8 instances:   6
  Class: sky130_fd_pr__pfet_01v8_hvt instances:   6
Circuit contains 11 nets.

Circuit sky130_fd_sc_hd__dlymetal6s2s_1 contains no devices.

Contents of circuit 1:  Circuit: 'sky130_fd_sc_hd__clkbuf_8'
Circuit sky130_fd_sc_hd__clkbuf_8 contains 0 device instances.
Circuit contains 0 nets, and 6 disconnected pins.
Contents of circuit 2:  Circuit: 'sky130_fd_sc_hd__clkbuf_8'
Circuit sky130_fd_sc_hd__clkbuf_8 contains 20 device instances.
  Class: sky130_fd_pr__nfet_01v8 instances:  10
  Class: sky130_fd_pr__pfet_01v8_hvt instances:  10
Circuit contains 7 nets.

Circuit sky130_fd_sc_hd__clkbuf_8 contains no devices.

Contents of circuit 1:  Circuit: 'sky130_fd_sc_hd__a211oi_2'
Circuit sky130_fd_sc_hd__a211oi_2 contains 0 device instances.
Circuit contains 0 nets, and 9 disconnected pins.
Contents of circuit 2:  Circuit: 'sky130_fd_sc_hd__a211oi_2'
Circuit sky130_fd_sc_hd__a211oi_2 contains 16 device instances.
  Class: sky130_fd_pr__nfet_01v8 instances:   8
  Class: sky130_fd_pr__pfet_01v8_hvt instances:   8
Circuit contains 12 nets.

Circuit sky130_fd_sc_hd__a211oi_2 contains no devices.

Contents of circuit 1:  Circuit: 'sky130_fd_sc_hd__clkbuf_1'
Circuit sky130_fd_sc_hd__clkbuf_1 contains 0 device instances.
Circuit contains 0 nets, and 6 disconnected pins.
Contents of circuit 2:  Circuit: 'sky130_fd_sc_hd__clkbuf_1'
Circuit sky130_fd_sc_hd__clkbuf_1 contains 4 device instances.
  Class: sky130_fd_pr__nfet_01v8 instances:   2
  Class: sky130_fd_pr__pfet_01v8_hvt instances:   2
Circuit contains 7 nets.

Circuit sky130_fd_sc_hd__clkbuf_1 contains no devices.

Contents of circuit 1:  Circuit: 'sky130_fd_sc_hd__a21oi_2'
Circuit sky130_fd_sc_hd__a21oi_2 contains 0 device instances.
Circuit contains 0 nets, and 8 disconnected pins.
Contents of circuit 2:  Circuit: 'sky130_fd_sc_hd__a21oi_2'
Circuit sky130_fd_sc_hd__a21oi_2 contains 12 device instances.
  Class: sky130_fd_pr__nfet_01v8 instances:   6
  Class: sky130_fd_pr__pfet_01v8_hvt instances:   6
Circuit contains 11 nets.

Circuit sky130_fd_sc_hd__a21oi_2 contains no devices.

Contents of circuit 1:  Circuit: 'sky130_fd_sc_hd__or4_1'
Circuit sky130_fd_sc_hd__or4_1 contains 0 device instances.
Circuit contains 0 nets, and 9 disconnected pins.
Contents of circuit 2:  Circuit: 'sky130_fd_sc_hd__or4_1'
Circuit sky130_fd_sc_hd__or4_1 contains 10 device instances.
  Class: sky130_fd_pr__nfet_01v8 instances:   5
  Class: sky130_fd_pr__pfet_01v8_hvt instances:   5
Circuit contains 13 nets.

Circuit sky130_fd_sc_hd__or4_1 contains no devices.

Contents of circuit 1:  Circuit: 'sky130_fd_sc_hd__o21bai_1'
Circuit sky130_fd_sc_hd__o21bai_1 contains 0 device instances.
Circuit contains 0 nets, and 8 disconnected pins.
Contents of circuit 2:  Circuit: 'sky130_fd_sc_hd__o21bai_1'
Circuit sky130_fd_sc_hd__o21bai_1 contains 8 device instances.
  Class: sky130_fd_pr__nfet_01v8 instances:   4
  Class: sky130_fd_pr__pfet_01v8_hvt instances:   4
Circuit contains 11 nets.

Circuit sky130_fd_sc_hd__o21bai_1 contains no devices.

Contents of circuit 1:  Circuit: 'sky130_fd_sc_hd__o311a_1'
Circuit sky130_fd_sc_hd__o311a_1 contains 0 device instances.
Circuit contains 0 nets, and 10 disconnected pins.
Contents of circuit 2:  Circuit: 'sky130_fd_sc_hd__o311a_1'
Circuit sky130_fd_sc_hd__o311a_1 contains 12 device instances.
  Class: sky130_fd_pr__nfet_01v8 instances:   6
  Class: sky130_fd_pr__pfet_01v8_hvt instances:   6
Circuit contains 15 nets.

Circuit sky130_fd_sc_hd__o311a_1 contains no devices.

Contents of circuit 1:  Circuit: 'sky130_fd_sc_hd__or3b_1'
Circuit sky130_fd_sc_hd__or3b_1 contains 0 device instances.
Circuit contains 0 nets, and 8 disconnected pins.
Contents of circuit 2:  Circuit: 'sky130_fd_sc_hd__or3b_1'
Circuit sky130_fd_sc_hd__or3b_1 contains 10 device instances.
  Class: sky130_fd_pr__nfet_01v8 instances:   5
  Class: sky130_fd_pr__pfet_01v8_hvt instances:   5
Circuit contains 12 nets.

Circuit sky130_fd_sc_hd__or3b_1 contains no devices.

Contents of circuit 1:  Circuit: 'sky130_fd_sc_hd__buf_1'
Circuit sky130_fd_sc_hd__buf_1 contains 0 device instances.
Circuit contains 0 nets, and 6 disconnected pins.
Contents of circuit 2:  Circuit: 'sky130_fd_sc_hd__buf_1'
Circuit sky130_fd_sc_hd__buf_1 contains 4 device instances.
  Class: sky130_fd_pr__nfet_01v8 instances:   2
  Class: sky130_fd_pr__pfet_01v8_hvt instances:   2
Circuit contains 7 nets.

Circuit sky130_fd_sc_hd__buf_1 contains no devices.

Contents of circuit 1:  Circuit: 'sky130_fd_sc_hd__a31oi_2'
Circuit sky130_fd_sc_hd__a31oi_2 contains 0 device instances.
Circuit contains 0 nets, and 9 disconnected pins.
Contents of circuit 2:  Circuit: 'sky130_fd_sc_hd__a31oi_2'
Circuit sky130_fd_sc_hd__a31oi_2 contains 16 device instances.
  Class: sky130_fd_pr__nfet_01v8 instances:   8
  Class: sky130_fd_pr__pfet_01v8_hvt instances:   8
Circuit contains 12 nets.

Circuit sky130_fd_sc_hd__a31oi_2 contains no devices.

Contents of circuit 1:  Circuit: 'sky130_fd_sc_hd__and4b_1'
Circuit sky130_fd_sc_hd__and4b_1 contains 0 device instances.
Circuit contains 0 nets, and 9 disconnected pins.
Contents of circuit 2:  Circuit: 'sky130_fd_sc_hd__and4b_1'
Circuit sky130_fd_sc_hd__and4b_1 contains 12 device instances.
  Class: sky130_fd_pr__nfet_01v8 instances:   6
  Class: sky130_fd_pr__pfet_01v8_hvt instances:   6
Circuit contains 14 nets.

Circuit sky130_fd_sc_hd__and4b_1 contains no devices.

Contents of circuit 1:  Circuit: 'sky130_fd_sc_hd__inv_12'
Circuit sky130_fd_sc_hd__inv_12 contains 0 device instances.
Circuit contains 0 nets, and 6 disconnected pins.
Contents of circuit 2:  Circuit: 'sky130_fd_sc_hd__inv_12'
Circuit sky130_fd_sc_hd__inv_12 contains 24 device instances.
  Class: sky130_fd_pr__nfet_01v8 instances:  12
  Class: sky130_fd_pr__pfet_01v8_hvt instances:  12
Circuit contains 6 nets.

Circuit sky130_fd_sc_hd__inv_12 contains no devices.

Contents of circuit 1:  Circuit: 'sky130_fd_sc_hd__o211ai_1'
Circuit sky130_fd_sc_hd__o211ai_1 contains 0 device instances.
Circuit contains 0 nets, and 9 disconnected pins.
Contents of circuit 2:  Circuit: 'sky130_fd_sc_hd__o211ai_1'
Circuit sky130_fd_sc_hd__o211ai_1 contains 8 device instances.
  Class: sky130_fd_pr__nfet_01v8 instances:   4
  Class: sky130_fd_pr__pfet_01v8_hvt instances:   4
Circuit contains 12 nets.

Circuit sky130_fd_sc_hd__o211ai_1 contains no devices.

Contents of circuit 1:  Circuit: 'sky130_fd_sc_hd__xnor2_2'
Circuit sky130_fd_sc_hd__xnor2_2 contains 0 device instances.
Circuit contains 0 nets, and 7 disconnected pins.
Contents of circuit 2:  Circuit: 'sky130_fd_sc_hd__xnor2_2'
Circuit sky130_fd_sc_hd__xnor2_2 contains 20 device instances.
  Class: sky130_fd_pr__nfet_01v8 instances:  10
  Class: sky130_fd_pr__pfet_01v8_hvt instances:  10
Circuit contains 11 nets.

Circuit sky130_fd_sc_hd__xnor2_2 contains no devices.

Contents of circuit 1:  Circuit: 'sky130_fd_sc_hd__dfxtp_2'
Circuit sky130_fd_sc_hd__dfxtp_2 contains 0 device instances.
Circuit contains 0 nets, and 7 disconnected pins.
Contents of circuit 2:  Circuit: 'sky130_fd_sc_hd__dfxtp_2'
Circuit sky130_fd_sc_hd__dfxtp_2 contains 26 device instances.
  Class: sky130_fd_pr__nfet_01v8 instances:   9
  Class: sky130_fd_pr__pfet_01v8_hvt instances:  13
  Class: sky130_fd_pr__special_nfet_01v8 instances:   4
Circuit contains 18 nets.

Circuit sky130_fd_sc_hd__dfxtp_2 contains no devices.

Contents of circuit 1:  Circuit: 'sky130_fd_sc_hd__and3b_1'
Circuit sky130_fd_sc_hd__and3b_1 contains 0 device instances.
Circuit contains 0 nets, and 8 disconnected pins.
Contents of circuit 2:  Circuit: 'sky130_fd_sc_hd__and3b_1'
Circuit sky130_fd_sc_hd__and3b_1 contains 10 device instances.
  Class: sky130_fd_pr__nfet_01v8 instances:   5
  Class: sky130_fd_pr__pfet_01v8_hvt instances:   5
Circuit contains 12 nets.

Circuit sky130_fd_sc_hd__and3b_1 contains no devices.

Contents of circuit 1:  Circuit: 'sky130_fd_sc_hd__clkinv_8'
Circuit sky130_fd_sc_hd__clkinv_8 contains 0 device instances.
Circuit contains 0 nets, and 6 disconnected pins.
Contents of circuit 2:  Circuit: 'sky130_fd_sc_hd__clkinv_8'
Circuit sky130_fd_sc_hd__clkinv_8 contains 20 device instances.
  Class: sky130_fd_pr__nfet_01v8 instances:   8
  Class: sky130_fd_pr__pfet_01v8_hvt instances:  12
Circuit contains 6 nets.

Circuit sky130_fd_sc_hd__clkinv_8 contains no devices.

Contents of circuit 1:  Circuit: 'sky130_fd_sc_hd__clkinvlp_4'
Circuit sky130_fd_sc_hd__clkinvlp_4 contains 0 device instances.
Circuit contains 0 nets, and 6 disconnected pins.
Contents of circuit 2:  Circuit: 'sky130_fd_sc_hd__clkinvlp_4'
Circuit sky130_fd_sc_hd__clkinvlp_4 contains 8 device instances.
  Class: sky130_fd_pr__nfet_01v8 instances:   4
  Class: sky130_fd_pr__pfet_01v8_hvt instances:   4
Circuit contains 8 nets.

Circuit sky130_fd_sc_hd__clkinvlp_4 contains no devices.

Contents of circuit 1:  Circuit: 'sky130_fd_sc_hd__o2bb2a_1'
Circuit sky130_fd_sc_hd__o2bb2a_1 contains 0 device instances.
Circuit contains 0 nets, and 9 disconnected pins.
Contents of circuit 2:  Circuit: 'sky130_fd_sc_hd__o2bb2a_1'
Circuit sky130_fd_sc_hd__o2bb2a_1 contains 12 device instances.
  Class: sky130_fd_pr__nfet_01v8 instances:   6
  Class: sky130_fd_pr__pfet_01v8_hvt instances:   6
Circuit contains 14 nets.

Circuit sky130_fd_sc_hd__o2bb2a_1 contains no devices.

Contents of circuit 1:  Circuit: 'sky130_fd_sc_hd__o41a_1'
Circuit sky130_fd_sc_hd__o41a_1 contains 0 device instances.
Circuit contains 0 nets, and 10 disconnected pins.
Contents of circuit 2:  Circuit: 'sky130_fd_sc_hd__o41a_1'
Circuit sky130_fd_sc_hd__o41a_1 contains 12 device instances.
  Class: sky130_fd_pr__nfet_01v8 instances:   6
  Class: sky130_fd_pr__pfet_01v8_hvt instances:   6
Circuit contains 15 nets.

Circuit sky130_fd_sc_hd__o41a_1 contains no devices.

Contents of circuit 1:  Circuit: 'sky130_fd_sc_hd__nand3b_1'
Circuit sky130_fd_sc_hd__nand3b_1 contains 0 device instances.
Circuit contains 0 nets, and 8 disconnected pins.
Contents of circuit 2:  Circuit: 'sky130_fd_sc_hd__nand3b_1'
Circuit sky130_fd_sc_hd__nand3b_1 contains 8 device instances.
  Class: sky130_fd_pr__nfet_01v8 instances:   4
  Class: sky130_fd_pr__pfet_01v8_hvt instances:   4
Circuit contains 11 nets.

Circuit sky130_fd_sc_hd__nand3b_1 contains no devices.

Contents of circuit 1:  Circuit: 'sky130_fd_sc_hd__a2bb2o_1'
Circuit sky130_fd_sc_hd__a2bb2o_1 contains 0 device instances.
Circuit contains 0 nets, and 9 disconnected pins.
Contents of circuit 2:  Circuit: 'sky130_fd_sc_hd__a2bb2o_1'
Circuit sky130_fd_sc_hd__a2bb2o_1 contains 12 device instances.
  Class: sky130_fd_pr__nfet_01v8 instances:   6
  Class: sky130_fd_pr__pfet_01v8_hvt instances:   6
Circuit contains 14 nets.

Circuit sky130_fd_sc_hd__a2bb2o_1 contains no devices.

Contents of circuit 1:  Circuit: 'sky130_fd_sc_hd__o211ai_4'
Circuit sky130_fd_sc_hd__o211ai_4 contains 0 device instances.
Circuit contains 0 nets, and 9 disconnected pins.
Contents of circuit 2:  Circuit: 'sky130_fd_sc_hd__o211ai_4'
Circuit sky130_fd_sc_hd__o211ai_4 contains 32 device instances.
  Class: sky130_fd_pr__nfet_01v8 instances:  16
  Class: sky130_fd_pr__pfet_01v8_hvt instances:  16
Circuit contains 14 nets.

Circuit sky130_fd_sc_hd__o211ai_4 contains no devices.

Contents of circuit 1:  Circuit: 'sky130_fd_sc_hd__inv_8'
Circuit sky130_fd_sc_hd__inv_8 contains 0 device instances.
Circuit contains 0 nets, and 6 disconnected pins.
Contents of circuit 2:  Circuit: 'sky130_fd_sc_hd__inv_8'
Circuit sky130_fd_sc_hd__inv_8 contains 16 device instances.
  Class: sky130_fd_pr__nfet_01v8 instances:   8
  Class: sky130_fd_pr__pfet_01v8_hvt instances:   8
Circuit contains 6 nets.

Circuit sky130_fd_sc_hd__inv_8 contains no devices.

Contents of circuit 1:  Circuit: 'sky130_fd_sc_hd__inv_6'
Circuit sky130_fd_sc_hd__inv_6 contains 0 device instances.
Circuit contains 0 nets, and 6 disconnected pins.
Contents of circuit 2:  Circuit: 'sky130_fd_sc_hd__inv_6'
Circuit sky130_fd_sc_hd__inv_6 contains 12 device instances.
  Class: sky130_fd_pr__nfet_01v8 instances:   6
  Class: sky130_fd_pr__pfet_01v8_hvt instances:   6
Circuit contains 6 nets.

Circuit sky130_fd_sc_hd__inv_6 contains no devices.

Contents of circuit 1:  Circuit: 'sky130_fd_sc_hd__a2111o_1'
Circuit sky130_fd_sc_hd__a2111o_1 contains 0 device instances.
Circuit contains 0 nets, and 10 disconnected pins.
Contents of circuit 2:  Circuit: 'sky130_fd_sc_hd__a2111o_1'
Circuit sky130_fd_sc_hd__a2111o_1 contains 12 device instances.
  Class: sky130_fd_pr__nfet_01v8 instances:   6
  Class: sky130_fd_pr__pfet_01v8_hvt instances:   6
Circuit contains 15 nets.

Circuit sky130_fd_sc_hd__a2111o_1 contains no devices.

Contents of circuit 1:  Circuit: 'sky130_fd_sc_hd__a22oi_2'
Circuit sky130_fd_sc_hd__a22oi_2 contains 0 device instances.
Circuit contains 0 nets, and 9 disconnected pins.
Contents of circuit 2:  Circuit: 'sky130_fd_sc_hd__a22oi_2'
Circuit sky130_fd_sc_hd__a22oi_2 contains 16 device instances.
  Class: sky130_fd_pr__nfet_01v8 instances:   8
  Class: sky130_fd_pr__pfet_01v8_hvt instances:   8
Circuit contains 12 nets.

Circuit sky130_fd_sc_hd__a22oi_2 contains no devices.

Contents of circuit 1:  Circuit: 'sky130_fd_sc_hd__o2111a_1'
Circuit sky130_fd_sc_hd__o2111a_1 contains 0 device instances.
Circuit contains 0 nets, and 10 disconnected pins.
Contents of circuit 2:  Circuit: 'sky130_fd_sc_hd__o2111a_1'
Circuit sky130_fd_sc_hd__o2111a_1 contains 12 device instances.
  Class: sky130_fd_pr__nfet_01v8 instances:   6
  Class: sky130_fd_pr__pfet_01v8_hvt instances:   6
Circuit contains 15 nets.

Circuit sky130_fd_sc_hd__o2111a_1 contains no devices.

Contents of circuit 1:  Circuit: 'sky130_fd_sc_hd__clkinv_4'
Circuit sky130_fd_sc_hd__clkinv_4 contains 0 device instances.
Circuit contains 0 nets, and 6 disconnected pins.
Contents of circuit 2:  Circuit: 'sky130_fd_sc_hd__clkinv_4'
Circuit sky130_fd_sc_hd__clkinv_4 contains 10 device instances.
  Class: sky130_fd_pr__nfet_01v8 instances:   4
  Class: sky130_fd_pr__pfet_01v8_hvt instances:   6
Circuit contains 6 nets.

Circuit sky130_fd_sc_hd__clkinv_4 contains no devices.

Contents of circuit 1:  Circuit: 'sky130_fd_sc_hd__nor3b_1'
Circuit sky130_fd_sc_hd__nor3b_1 contains 0 device instances.
Circuit contains 0 nets, and 8 disconnected pins.
Contents of circuit 2:  Circuit: 'sky130_fd_sc_hd__nor3b_1'
Circuit sky130_fd_sc_hd__nor3b_1 contains 8 device instances.
  Class: sky130_fd_pr__nfet_01v8 instances:   4
  Class: sky130_fd_pr__pfet_01v8_hvt instances:   4
Circuit contains 11 nets.

Circuit sky130_fd_sc_hd__nor3b_1 contains no devices.

Contents of circuit 1:  Circuit: 'sky130_fd_sc_hd__conb_1'
Circuit sky130_fd_sc_hd__conb_1 contains 0 device instances.
Circuit contains 0 nets, and 6 disconnected pins.
Contents of circuit 2:  Circuit: 'sky130_fd_sc_hd__conb_1'
Circuit sky130_fd_sc_hd__conb_1 contains 2 device instances.
  Class: sky130_fd_pr__res_generic_po instances:   2
Circuit contains 4 nets, and 2 disconnected pins.

Circuit sky130_fd_sc_hd__conb_1 contains no devices.

Contents of circuit 1:  Circuit: 'sky130_fd_sc_hd__bufinv_16'
Circuit sky130_fd_sc_hd__bufinv_16 contains 0 device instances.
Circuit contains 0 nets, and 6 disconnected pins.
Contents of circuit 2:  Circuit: 'sky130_fd_sc_hd__bufinv_16'
Circuit sky130_fd_sc_hd__bufinv_16 contains 50 device instances.
  Class: sky130_fd_pr__nfet_01v8 instances:  25
  Class: sky130_fd_pr__pfet_01v8_hvt instances:  25
Circuit contains 8 nets.

Circuit sky130_fd_sc_hd__bufinv_16 contains no devices.

Contents of circuit 1:  Circuit: 'sky130_fd_sc_hd__clkinv_2'
Circuit sky130_fd_sc_hd__clkinv_2 contains 0 device instances.
Circuit contains 0 nets, and 6 disconnected pins.
Contents of circuit 2:  Circuit: 'sky130_fd_sc_hd__clkinv_2'
Circuit sky130_fd_sc_hd__clkinv_2 contains 5 device instances.
  Class: sky130_fd_pr__nfet_01v8 instances:   2
  Class: sky130_fd_pr__pfet_01v8_hvt instances:   3
Circuit contains 6 nets.

Circuit sky130_fd_sc_hd__clkinv_2 contains no devices.

Contents of circuit 1:  Circuit: 'sky130_fd_sc_hd__or3b_2'
Circuit sky130_fd_sc_hd__or3b_2 contains 0 device instances.
Circuit contains 0 nets, and 8 disconnected pins.
Contents of circuit 2:  Circuit: 'sky130_fd_sc_hd__or3b_2'
Circuit sky130_fd_sc_hd__or3b_2 contains 12 device instances.
  Class: sky130_fd_pr__nfet_01v8 instances:   6
  Class: sky130_fd_pr__pfet_01v8_hvt instances:   6
Circuit contains 12 nets.

Circuit sky130_fd_sc_hd__or3b_2 contains no devices.

Contents of circuit 1:  Circuit: 'sky130_fd_sc_hd__o21ai_4'
Circuit sky130_fd_sc_hd__o21ai_4 contains 0 device instances.
Circuit contains 0 nets, and 8 disconnected pins.
Contents of circuit 2:  Circuit: 'sky130_fd_sc_hd__o21ai_4'
Circuit sky130_fd_sc_hd__o21ai_4 contains 24 device instances.
  Class: sky130_fd_pr__nfet_01v8 instances:  12
  Class: sky130_fd_pr__pfet_01v8_hvt instances:  12
Circuit contains 10 nets.

Circuit sky130_fd_sc_hd__o21ai_4 contains no devices.

Contents of circuit 1:  Circuit: 'sky130_fd_sc_hd__a41o_1'
Circuit sky130_fd_sc_hd__a41o_1 contains 0 device instances.
Circuit contains 0 nets, and 10 disconnected pins.
Contents of circuit 2:  Circuit: 'sky130_fd_sc_hd__a41o_1'
Circuit sky130_fd_sc_hd__a41o_1 contains 12 device instances.
  Class: sky130_fd_pr__nfet_01v8 instances:   6
  Class: sky130_fd_pr__pfet_01v8_hvt instances:   6
Circuit contains 15 nets.

Circuit sky130_fd_sc_hd__a41o_1 contains no devices.

Contents of circuit 1:  Circuit: 'sky130_fd_sc_hd__o22ai_1'
Circuit sky130_fd_sc_hd__o22ai_1 contains 0 device instances.
Circuit contains 0 nets, and 9 disconnected pins.
Contents of circuit 2:  Circuit: 'sky130_fd_sc_hd__o22ai_1'
Circuit sky130_fd_sc_hd__o22ai_1 contains 8 device instances.
  Class: sky130_fd_pr__nfet_01v8 instances:   4
  Class: sky130_fd_pr__pfet_01v8_hvt instances:   4
Circuit contains 12 nets.

Circuit sky130_fd_sc_hd__o22ai_1 contains no devices.

Contents of circuit 1:  Circuit: 'sky130_fd_sc_hd__or4b_1'
Circuit sky130_fd_sc_hd__or4b_1 contains 0 device instances.
Circuit contains 0 nets, and 9 disconnected pins.
Contents of circuit 2:  Circuit: 'sky130_fd_sc_hd__or4b_1'
Circuit sky130_fd_sc_hd__or4b_1 contains 12 device instances.
  Class: sky130_fd_pr__nfet_01v8 instances:   6
  Class: sky130_fd_pr__pfet_01v8_hvt instances:   6
Circuit contains 14 nets.

Circuit sky130_fd_sc_hd__or4b_1 contains no devices.

Contents of circuit 1:  Circuit: 'sky130_fd_sc_hd__o21bai_2'
Circuit sky130_fd_sc_hd__o21bai_2 contains 0 device instances.
Circuit contains 0 nets, and 8 disconnected pins.
Contents of circuit 2:  Circuit: 'sky130_fd_sc_hd__o21bai_2'
Circuit sky130_fd_sc_hd__o21bai_2 contains 14 device instances.
  Class: sky130_fd_pr__nfet_01v8 instances:   7
  Class: sky130_fd_pr__pfet_01v8_hvt instances:   7
Circuit contains 11 nets.

Circuit sky130_fd_sc_hd__o21bai_2 contains no devices.

Contents of circuit 1:  Circuit: 'sky130_fd_sc_hd__o22ai_2'
Circuit sky130_fd_sc_hd__o22ai_2 contains 0 device instances.
Circuit contains 0 nets, and 9 disconnected pins.
Contents of circuit 2:  Circuit: 'sky130_fd_sc_hd__o22ai_2'
Circuit sky130_fd_sc_hd__o22ai_2 contains 16 device instances.
  Class: sky130_fd_pr__nfet_01v8 instances:   8
  Class: sky130_fd_pr__pfet_01v8_hvt instances:   8
Circuit contains 12 nets.

Circuit sky130_fd_sc_hd__o22ai_2 contains no devices.

Contents of circuit 1:  Circuit: 'sky130_fd_sc_hd__and2b_4'
Circuit sky130_fd_sc_hd__and2b_4 contains 0 device instances.
Circuit contains 0 nets, and 7 disconnected pins.
Contents of circuit 2:  Circuit: 'sky130_fd_sc_hd__and2b_4'
Circuit sky130_fd_sc_hd__and2b_4 contains 14 device instances.
  Class: sky130_fd_pr__nfet_01v8 instances:   7
  Class: sky130_fd_pr__pfet_01v8_hvt instances:   7
Circuit contains 10 nets.

Circuit sky130_fd_sc_hd__and2b_4 contains no devices.

Contents of circuit 1:  Circuit: 'sky130_fd_sc_hd__and2b_2'
Circuit sky130_fd_sc_hd__and2b_2 contains 0 device instances.
Circuit contains 0 nets, and 7 disconnected pins.
Contents of circuit 2:  Circuit: 'sky130_fd_sc_hd__and2b_2'
Circuit sky130_fd_sc_hd__and2b_2 contains 10 device instances.
  Class: sky130_fd_pr__nfet_01v8 instances:   5
  Class: sky130_fd_pr__pfet_01v8_hvt instances:   5
Circuit contains 10 nets.

Circuit sky130_fd_sc_hd__and2b_2 contains no devices.

Contents of circuit 1:  Circuit: 'sky130_fd_sc_hd__a2111oi_1'
Circuit sky130_fd_sc_hd__a2111oi_1 contains 0 device instances.
Circuit contains 0 nets, and 10 disconnected pins.
Contents of circuit 2:  Circuit: 'sky130_fd_sc_hd__a2111oi_1'
Circuit sky130_fd_sc_hd__a2111oi_1 contains 10 device instances.
  Class: sky130_fd_pr__nfet_01v8 instances:   5
  Class: sky130_fd_pr__pfet_01v8_hvt instances:   5
Circuit contains 14 nets.

Circuit sky130_fd_sc_hd__a2111oi_1 contains no devices.

Contents of circuit 1:  Circuit: 'sky130_fd_sc_hd__a21boi_2'
Circuit sky130_fd_sc_hd__a21boi_2 contains 0 device instances.
Circuit contains 0 nets, and 8 disconnected pins.
Contents of circuit 2:  Circuit: 'sky130_fd_sc_hd__a21boi_2'
Circuit sky130_fd_sc_hd__a21boi_2 contains 14 device instances.
  Class: sky130_fd_pr__nfet_01v8 instances:   7
  Class: sky130_fd_pr__pfet_01v8_hvt instances:   7
Circuit contains 12 nets.

Circuit sky130_fd_sc_hd__a21boi_2 contains no devices.

Contents of circuit 1:  Circuit: 'sky130_fd_sc_hd__a311oi_1'
Circuit sky130_fd_sc_hd__a311oi_1 contains 0 device instances.
Circuit contains 0 nets, and 10 disconnected pins.
Contents of circuit 2:  Circuit: 'sky130_fd_sc_hd__a311oi_1'
Circuit sky130_fd_sc_hd__a311oi_1 contains 10 device instances.
  Class: sky130_fd_pr__nfet_01v8 instances:   5
  Class: sky130_fd_pr__pfet_01v8_hvt instances:   5
Circuit contains 14 nets.

Circuit sky130_fd_sc_hd__a311oi_1 contains no devices.

Contents of circuit 1:  Circuit: 'sky130_fd_sc_hd__o22a_1'
Circuit sky130_fd_sc_hd__o22a_1 contains 0 device instances.
Circuit contains 0 nets, and 9 disconnected pins.
Contents of circuit 2:  Circuit: 'sky130_fd_sc_hd__o22a_1'
Circuit sky130_fd_sc_hd__o22a_1 contains 10 device instances.
  Class: sky130_fd_pr__nfet_01v8 instances:   5
  Class: sky130_fd_pr__pfet_01v8_hvt instances:   5
Circuit contains 13 nets.

Circuit sky130_fd_sc_hd__o22a_1 contains no devices.

Contents of circuit 1:  Circuit: 'sky130_fd_sc_hd__a32o_1'
Circuit sky130_fd_sc_hd__a32o_1 contains 0 device instances.
Circuit contains 0 nets, and 10 disconnected pins.
Contents of circuit 2:  Circuit: 'sky130_fd_sc_hd__a32o_1'
Circuit sky130_fd_sc_hd__a32o_1 contains 12 device instances.
  Class: sky130_fd_pr__nfet_01v8 instances:   6
  Class: sky130_fd_pr__pfet_01v8_hvt instances:   6
Circuit contains 15 nets.

Circuit sky130_fd_sc_hd__a32o_1 contains no devices.

Contents of circuit 1:  Circuit: 'sky130_fd_sc_hd__o32ai_4'
Circuit sky130_fd_sc_hd__o32ai_4 contains 0 device instances.
Circuit contains 0 nets, and 10 disconnected pins.
Contents of circuit 2:  Circuit: 'sky130_fd_sc_hd__o32ai_4'
Circuit sky130_fd_sc_hd__o32ai_4 contains 40 device instances.
  Class: sky130_fd_pr__nfet_01v8 instances:  20
  Class: sky130_fd_pr__pfet_01v8_hvt instances:  20
Circuit contains 14 nets.

Circuit sky130_fd_sc_hd__o32ai_4 contains no devices.

Contents of circuit 1:  Circuit: 'sky130_fd_sc_hd__o32ai_2'
Circuit sky130_fd_sc_hd__o32ai_2 contains 0 device instances.
Circuit contains 0 nets, and 10 disconnected pins.
Contents of circuit 2:  Circuit: 'sky130_fd_sc_hd__o32ai_2'
Circuit sky130_fd_sc_hd__o32ai_2 contains 20 device instances.
  Class: sky130_fd_pr__nfet_01v8 instances:  10
  Class: sky130_fd_pr__pfet_01v8_hvt instances:  10
Circuit contains 14 nets.

Circuit sky130_fd_sc_hd__o32ai_2 contains no devices.

Contents of circuit 1:  Circuit: 'sky130_fd_sc_hd__and2_2'
Circuit sky130_fd_sc_hd__and2_2 contains 0 device instances.
Circuit contains 0 nets, and 7 disconnected pins.
Contents of circuit 2:  Circuit: 'sky130_fd_sc_hd__and2_2'
Circuit sky130_fd_sc_hd__and2_2 contains 8 device instances.
  Class: sky130_fd_pr__nfet_01v8 instances:   4
  Class: sky130_fd_pr__pfet_01v8_hvt instances:   4
Circuit contains 9 nets.

Circuit sky130_fd_sc_hd__and2_2 contains no devices.

Contents of circuit 1:  Circuit: 'sky130_fd_sc_hd__o311ai_2'
Circuit sky130_fd_sc_hd__o311ai_2 contains 0 device instances.
Circuit contains 0 nets, and 10 disconnected pins.
Contents of circuit 2:  Circuit: 'sky130_fd_sc_hd__o311ai_2'
Circuit sky130_fd_sc_hd__o311ai_2 contains 20 device instances.
  Class: sky130_fd_pr__nfet_01v8 instances:  10
  Class: sky130_fd_pr__pfet_01v8_hvt instances:  10
Circuit contains 14 nets.

Circuit sky130_fd_sc_hd__o311ai_2 contains no devices.

Contents of circuit 1:  Circuit: 'sky130_fd_sc_hd__a221o_1'
Circuit sky130_fd_sc_hd__a221o_1 contains 0 device instances.
Circuit contains 0 nets, and 10 disconnected pins.
Contents of circuit 2:  Circuit: 'sky130_fd_sc_hd__a221o_1'
Circuit sky130_fd_sc_hd__a221o_1 contains 12 device instances.
  Class: sky130_fd_pr__nfet_01v8 instances:   6
  Class: sky130_fd_pr__pfet_01v8_hvt instances:   6
Circuit contains 15 nets.

Circuit sky130_fd_sc_hd__a221o_1 contains no devices.

Contents of circuit 1:  Circuit: 'sky130_fd_sc_hd__a311oi_4'
Circuit sky130_fd_sc_hd__a311oi_4 contains 0 device instances.
Circuit contains 0 nets, and 10 disconnected pins.
Contents of circuit 2:  Circuit: 'sky130_fd_sc_hd__a311oi_4'
Circuit sky130_fd_sc_hd__a311oi_4 contains 40 device instances.
  Class: sky130_fd_pr__nfet_01v8 instances:  20
  Class: sky130_fd_pr__pfet_01v8_hvt instances:  20
Circuit contains 14 nets.

Circuit sky130_fd_sc_hd__a311oi_4 contains no devices.

Contents of circuit 1:  Circuit: 'sky130_fd_sc_hd__or3_2'
Circuit sky130_fd_sc_hd__or3_2 contains 0 device instances.
Circuit contains 0 nets, and 8 disconnected pins.
Contents of circuit 2:  Circuit: 'sky130_fd_sc_hd__or3_2'
Circuit sky130_fd_sc_hd__or3_2 contains 10 device instances.
  Class: sky130_fd_pr__nfet_01v8 instances:   5
  Class: sky130_fd_pr__pfet_01v8_hvt instances:   5
Circuit contains 11 nets.

Circuit sky130_fd_sc_hd__or3_2 contains no devices.

Contents of circuit 1:  Circuit: 'sky130_fd_sc_hd__a32oi_4'
Circuit sky130_fd_sc_hd__a32oi_4 contains 0 device instances.
Circuit contains 0 nets, and 10 disconnected pins.
Contents of circuit 2:  Circuit: 'sky130_fd_sc_hd__a32oi_4'
Circuit sky130_fd_sc_hd__a32oi_4 contains 40 device instances.
  Class: sky130_fd_pr__nfet_01v8 instances:  20
  Class: sky130_fd_pr__pfet_01v8_hvt instances:  20
Circuit contains 14 nets.

Circuit sky130_fd_sc_hd__a32oi_4 contains no devices.

Contents of circuit 1:  Circuit: 'sky130_fd_sc_hd__nand4b_1'
Circuit sky130_fd_sc_hd__nand4b_1 contains 0 device instances.
Circuit contains 0 nets, and 9 disconnected pins.
Contents of circuit 2:  Circuit: 'sky130_fd_sc_hd__nand4b_1'
Circuit sky130_fd_sc_hd__nand4b_1 contains 10 device instances.
  Class: sky130_fd_pr__nfet_01v8 instances:   5
  Class: sky130_fd_pr__pfet_01v8_hvt instances:   5
Circuit contains 13 nets.

Circuit sky130_fd_sc_hd__nand4b_1 contains no devices.

Contents of circuit 1:  Circuit: 'MMU'
Circuit MMU contains 34343 device instances.
  Class: sky130_fd_sc_hd__bufinv_16 instances:   6
  Class: sky130_fd_sc_hd__a41o_1 instances:   2
  Class: sky130_fd_sc_hd__a31o_1 instances: 214
  Class: sky130_fd_sc_hd__a21o_1 instances: 275
  Class: sky130_fd_sc_hd__o32ai_2 instances:   1
  Class: sky130_fd_sc_hd__o32ai_4 instances:   1
  Class: sky130_fd_sc_hd__clkbuf_16 instances:   9
  Class: sky130_fd_sc_hd__dfxtp_1 instances: 579
  Class: sky130_fd_sc_hd__dfxtp_2 instances:   1
  Class: sky130_fd_sc_hd__a32oi_4 instances:   1
  Class: sky130_fd_sc_hd__o31ai_1 instances:  42
  Class: sky130_fd_sc_hd__o31ai_2 instances:   5
  Class: sky130_fd_sc_hd__or4_1 instances:  45
  Class: sky130_fd_sc_hd__or4_2 instances:   1
  Class: sky130_fd_sc_hd__a31oi_1 instances:  20
  Class: sky130_fd_sc_hd__a31oi_2 instances:  14
  Class: sky130_fd_sc_hd__buf_1 instances:  57
  Class: sky130_fd_sc_hd__nand4_1 instances:  53
  Class: sky130_fd_sc_hd__buf_2 instances: 342
  Class: sky130_fd_sc_hd__nand4_2 instances:  17
  Class: sky130_fd_sc_hd__buf_4 instances:   3
  Class: sky130_fd_sc_hd__a2bb2o_1 instances:   5
  Class: sky130_fd_sc_hd__and3b_1 instances:  51
  Class: sky130_fd_sc_hd__xor2_1 instances: 252
  Class: sky130_fd_sc_hd__xor2_2 instances:   8
  Class: sky130_fd_sc_hd__and4_1 instances: 223
  Class: sky130_fd_sc_hd__inv_2 instances: 165
  Class: sky130_fd_sc_hd__inv_6 instances:  13
  Class: sky130_fd_sc_hd__inv_8 instances:  16
  Class: sky130_fd_sc_hd__clkbuf_1 instances:  51
  Class: sky130_fd_sc_hd__clkbuf_2 instances: 151
  Class: sky130_fd_sc_hd__clkbuf_4 instances:  34
  Class: sky130_fd_sc_hd__clkbuf_8 instances:  85
  Class: sky130_fd_sc_hd__or3_1 instances: 101
  Class: sky130_fd_sc_hd__or3_2 instances:   1
  Class: sky130_fd_sc_hd__nand3_1 instances: 166
  Class: sky130_fd_sc_hd__nand3_2 instances:   8
  Class: sky130_fd_sc_hd__o21ba_1 instances:  41
  Class: sky130_fd_sc_hd__and2b_1 instances: 228
  Class: sky130_fd_sc_hd__and2b_2 instances:   6
  Class: sky130_fd_sc_hd__conb_1 instances:  52
  Class: sky130_fd_sc_hd__and2b_4 instances:   1
  Class: sky130_fd_sc_hd__a21boi_1 instances:  15
  Class: sky130_fd_sc_hd__a21boi_2 instances:   1
  Class: sky130_fd_sc_hd__nand4b_1 instances:   1
  Class: sky130_fd_sc_hd__a21bo_1 instances:  56
  Class: sky130_fd_sc_hd__clkinv_2 instances:   6
  Class: sky130_fd_sc_hd__clkinv_4 instances:   5
  Class: sky130_fd_sc_hd__clkinv_8 instances:  11
  Class: sky130_fd_sc_hd__and3_1 instances: 295
  Class: sky130_fd_sc_hd__a2111o_1 instances:   5
  Class: sky130_fd_sc_hd__decap_3 instances: 18146
  Class: sky130_fd_sc_hd__dlygate4sd3_1 instances: 102
  Class: sky130_fd_sc_hd__or2_1 instances: 249
  Class: sky130_fd_sc_hd__a2111oi_1 instances:   2
  Class: sky130_fd_sc_hd__nand2_1 instances: 717
  Class: sky130_fd_sc_hd__o311ai_2 instances:   1
  Class: sky130_fd_sc_hd__nand3b_1 instances:  10
  Class: sky130_fd_sc_hd__mux2_1 instances: 130
  Class: sky130_fd_sc_hd__a211oi_1 instances:  28
  Class: sky130_fd_sc_hd__and2_1 instances: 344
  Class: sky130_fd_sc_hd__and2_2 instances:   1
  Class: sky130_fd_sc_hd__a211oi_2 instances:  12
  Class: sky130_fd_sc_hd__or4b_1 instances:   2
  Class: sky130_fd_sc_hd__clkinvlp_4 instances:   8
  Class: sky130_fd_sc_hd__nor4_1 instances:  13
  Class: sky130_fd_sc_hd__inv_12 instances:   7
  Class: sky130_fd_sc_hd__o32a_1 instances:   2
  Class: sky130_fd_sc_hd__o22a_1 instances:   8
  Class: sky130_fd_sc_hd__xnor2_1 instances: 646
  Class: sky130_fd_sc_hd__xnor2_2 instances:   8
  Class: sky130_fd_sc_hd__nor3b_1 instances:   6
  Class: sky130_fd_sc_hd__o21bai_1 instances:  44
  Class: sky130_fd_sc_hd__o21bai_2 instances:   1
  Class: sky130_fd_sc_hd__o211a_1 instances:  55
  Class: sky130_fd_sc_hd__nand2b_1 instances: 133
  Class: sky130_fd_sc_hd__a311oi_1 instances:   1
  Class: sky130_fd_sc_hd__diode_2 instances: 2114
  Class: sky130_fd_sc_hd__a311oi_4 instances:   1
  Class: sky130_fd_sc_hd__a221o_1 instances:   1
  Class: sky130_fd_sc_hd__a211o_1 instances:  75
  Class: sky130_fd_sc_hd__o2111a_1 instances:   1
  Class: sky130_fd_sc_hd__or3b_1 instances:  25
  Class: sky130_fd_sc_hd__or3b_2 instances:   1
  Class: sky130_fd_sc_hd__dlymetal6s2s_1 instances:  61
  Class: sky130_fd_sc_hd__nor3_1 instances:  56
  Class: sky130_fd_sc_hd__a32o_1 instances:   1
  Class: sky130_fd_sc_hd__o41a_1 instances:   2
  Class: sky130_fd_sc_hd__a22o_1 instances: 129
  Class: sky130_fd_sc_hd__o31a_1 instances:  38
  Class: sky130_fd_sc_hd__o2bb2a_1 instances:  16
  Class: sky130_fd_sc_hd__o21a_1 instances: 124
  Class: sky130_fd_sc_hd__o311a_1 instances:   9
  Class: sky130_fd_sc_hd__o22ai_1 instances:   1
  Class: sky130_fd_sc_hd__o22ai_2 instances:   2
  Class: sky130_fd_sc_hd__a22oi_1 instances: 149
  Class: sky130_fd_sc_hd__a22oi_2 instances:   4
  Class: sky130_fd_sc_hd__and4b_1 instances:  19
  Class: sky130_fd_sc_hd__o21ai_1 instances: 133
  Class: sky130_fd_sc_hd__o21ai_2 instances:  18
  Class: sky130_fd_sc_hd__tapvpwrvgnd_1 instances: 2059
  Class: sky130_fd_sc_hd__o21ai_4 instances:   1
  Class: sky130_fd_sc_hd__a21oi_1 instances: 257
  Class: sky130_fd_sc_hd__a21oi_2 instances:   5
  Class: sky130_fd_sc_hd__a311o_1 instances:  10
  Class: sky130_fd_sc_hd__fill_1 instances: 2368
  Class: sky130_fd_sc_hd__fill_2 instances: 1662
  Class: sky130_fd_sc_hd__o211ai_1 instances:  24
  Class: sky130_fd_sc_hd__o211ai_2 instances:  37
  Class: sky130_fd_sc_hd__o211ai_4 instances:   7
  Class: sky130_fd_sc_hd__and4bb_1 instances:   7
  Class: sky130_fd_sc_hd__nor2_1 instances: 509
Circuit contains 8114 nets.
Contents of circuit 2:  Circuit: 'MMU'
Circuit MMU contains 34343 device instances.
  Class: sky130_fd_sc_hd__bufinv_16 instances:   6
  Class: sky130_fd_sc_hd__a41o_1 instances:   2
  Class: sky130_fd_sc_hd__a31o_1 instances: 214
  Class: sky130_fd_sc_hd__a21o_1 instances: 275
  Class: sky130_fd_sc_hd__o32ai_2 instances:   1
  Class: sky130_fd_sc_hd__o32ai_4 instances:   1
  Class: sky130_fd_sc_hd__clkbuf_16 instances:   9
  Class: sky130_fd_sc_hd__dfxtp_1 instances: 579
  Class: sky130_fd_sc_hd__dfxtp_2 instances:   1
  Class: sky130_fd_sc_hd__o31ai_1 instances:  42
  Class: sky130_fd_sc_hd__a32oi_4 instances:   1
  Class: sky130_fd_sc_hd__o31ai_2 instances:   5
  Class: sky130_fd_sc_hd__or4_1 instances:  45
  Class: sky130_fd_sc_hd__or4_2 instances:   1
  Class: sky130_fd_sc_hd__a31oi_1 instances:  20
  Class: sky130_fd_sc_hd__a31oi_2 instances:  14
  Class: sky130_fd_sc_hd__nand4_1 instances:  53
  Class: sky130_fd_sc_hd__buf_1 instances:  57
  Class: sky130_fd_sc_hd__nand4_2 instances:  17
  Class: sky130_fd_sc_hd__buf_2 instances: 342
  Class: sky130_fd_sc_hd__buf_4 instances:   3
  Class: sky130_fd_sc_hd__a2bb2o_1 instances:   5
  Class: sky130_fd_sc_hd__and3b_1 instances:  51
  Class: sky130_fd_sc_hd__xor2_1 instances: 252
  Class: sky130_fd_sc_hd__xor2_2 instances:   8
  Class: sky130_fd_sc_hd__and4_1 instances: 223
  Class: sky130_fd_sc_hd__inv_2 instances: 165
  Class: sky130_fd_sc_hd__inv_6 instances:  13
  Class: sky130_fd_sc_hd__inv_8 instances:  16
  Class: sky130_fd_sc_hd__clkbuf_1 instances:  51
  Class: sky130_fd_sc_hd__clkbuf_2 instances: 151
  Class: sky130_fd_sc_hd__clkbuf_4 instances:  34
  Class: sky130_fd_sc_hd__clkbuf_8 instances:  85
  Class: sky130_fd_sc_hd__or3_1 instances: 101
  Class: sky130_fd_sc_hd__or3_2 instances:   1
  Class: sky130_fd_sc_hd__nand3_1 instances: 166
  Class: sky130_fd_sc_hd__nand3_2 instances:   8
  Class: sky130_fd_sc_hd__o21ba_1 instances:  41
  Class: sky130_fd_sc_hd__and2b_1 instances: 228
  Class: sky130_fd_sc_hd__conb_1 instances:  52
  Class: sky130_fd_sc_hd__and2b_2 instances:   6
  Class: sky130_fd_sc_hd__and2b_4 instances:   1
  Class: sky130_fd_sc_hd__a21boi_1 instances:  15
  Class: sky130_fd_sc_hd__a21boi_2 instances:   1
  Class: sky130_fd_sc_hd__nand4b_1 instances:   1
  Class: sky130_fd_sc_hd__a21bo_1 instances:  56
  Class: sky130_fd_sc_hd__clkinv_2 instances:   6
  Class: sky130_fd_sc_hd__clkinv_4 instances:   5
  Class: sky130_fd_sc_hd__clkinv_8 instances:  11
  Class: sky130_fd_sc_hd__and3_1 instances: 295
  Class: sky130_fd_sc_hd__a2111o_1 instances:   5
  Class: sky130_fd_sc_hd__decap_3 instances: 18146
  Class: sky130_fd_sc_hd__dlygate4sd3_1 instances: 102
  Class: sky130_fd_sc_hd__or2_1 instances: 249
  Class: sky130_fd_sc_hd__a2111oi_1 instances:   2
  Class: sky130_fd_sc_hd__nand2_1 instances: 717
  Class: sky130_fd_sc_hd__o311ai_2 instances:   1
  Class: sky130_fd_sc_hd__nand3b_1 instances:  10
  Class: sky130_fd_sc_hd__mux2_1 instances: 130
  Class: sky130_fd_sc_hd__and2_1 instances: 344
  Class: sky130_fd_sc_hd__a211oi_1 instances:  28
  Class: sky130_fd_sc_hd__and2_2 instances:   1
  Class: sky130_fd_sc_hd__a211oi_2 instances:  12
  Class: sky130_fd_sc_hd__or4b_1 instances:   2
  Class: sky130_fd_sc_hd__clkinvlp_4 instances:   8
  Class: sky130_fd_sc_hd__nor4_1 instances:  13
  Class: sky130_fd_sc_hd__inv_12 instances:   7
  Class: sky130_fd_sc_hd__o32a_1 instances:   2
  Class: sky130_fd_sc_hd__o22a_1 instances:   8
  Class: sky130_fd_sc_hd__xnor2_1 instances: 646
  Class: sky130_fd_sc_hd__xnor2_2 instances:   8
  Class: sky130_fd_sc_hd__nor3b_1 instances:   6
  Class: sky130_fd_sc_hd__o21bai_1 instances:  44
  Class: sky130_fd_sc_hd__o21bai_2 instances:   1
  Class: sky130_fd_sc_hd__o211a_1 instances:  55
  Class: sky130_fd_sc_hd__nand2b_1 instances: 133
  Class: sky130_fd_sc_hd__diode_2 instances: 2114
  Class: sky130_fd_sc_hd__a311oi_1 instances:   1
  Class: sky130_fd_sc_hd__a311oi_4 instances:   1
  Class: sky130_fd_sc_hd__a221o_1 instances:   1
  Class: sky130_fd_sc_hd__a211o_1 instances:  75
  Class: sky130_fd_sc_hd__o2111a_1 instances:   1
  Class: sky130_fd_sc_hd__or3b_1 instances:  25
  Class: sky130_fd_sc_hd__or3b_2 instances:   1
  Class: sky130_fd_sc_hd__dlymetal6s2s_1 instances:  61
  Class: sky130_fd_sc_hd__nor3_1 instances:  56
  Class: sky130_fd_sc_hd__a32o_1 instances:   1
  Class: sky130_fd_sc_hd__o41a_1 instances:   2
  Class: sky130_fd_sc_hd__a22o_1 instances: 129
  Class: sky130_fd_sc_hd__o31a_1 instances:  38
  Class: sky130_fd_sc_hd__o2bb2a_1 instances:  16
  Class: sky130_fd_sc_hd__o21a_1 instances: 124
  Class: sky130_fd_sc_hd__o311a_1 instances:   9
  Class: sky130_fd_sc_hd__o22ai_1 instances:   1
  Class: sky130_fd_sc_hd__o22ai_2 instances:   2
  Class: sky130_fd_sc_hd__a22oi_1 instances: 149
  Class: sky130_fd_sc_hd__a22oi_2 instances:   4
  Class: sky130_fd_sc_hd__and4b_1 instances:  19
  Class: sky130_fd_sc_hd__o21ai_1 instances: 133
  Class: sky130_fd_sc_hd__tapvpwrvgnd_1 instances: 2059
  Class: sky130_fd_sc_hd__o21ai_2 instances:  18
  Class: sky130_fd_sc_hd__o21ai_4 instances:   1
  Class: sky130_fd_sc_hd__a21oi_1 instances: 257
  Class: sky130_fd_sc_hd__a21oi_2 instances:   5
  Class: sky130_fd_sc_hd__a311o_1 instances:  10
  Class: sky130_fd_sc_hd__fill_1 instances: 2368
  Class: sky130_fd_sc_hd__fill_2 instances: 1662
  Class: sky130_fd_sc_hd__o211ai_1 instances:  24
  Class: sky130_fd_sc_hd__o211ai_2 instances:  37
  Class: sky130_fd_sc_hd__o211ai_4 instances:   7
  Class: sky130_fd_sc_hd__and4bb_1 instances:   7
  Class: sky130_fd_sc_hd__nor2_1 instances: 509
Circuit contains 8114 nets.

Circuit was modified by parallel/series device merging.
New circuit summary:

Contents of circuit 1:  Circuit: 'MMU'
Circuit MMU contains 8308 device instances.
  Class: sky130_fd_sc_hd__bufinv_16 instances:   6
  Class: sky130_fd_sc_hd__a41o_1 instances:   2
  Class: sky130_fd_sc_hd__a31o_1 instances: 214
  Class: sky130_fd_sc_hd__a21o_1 instances: 275
  Class: sky130_fd_sc_hd__o32ai_2 instances:   1
  Class: sky130_fd_sc_hd__o32ai_4 instances:   1
  Class: sky130_fd_sc_hd__clkbuf_16 instances:   9
  Class: sky130_fd_sc_hd__dfxtp_1 instances: 579
  Class: sky130_fd_sc_hd__dfxtp_2 instances:   1
  Class: sky130_fd_sc_hd__a32oi_4 instances:   1
  Class: sky130_fd_sc_hd__o31ai_1 instances:  42
  Class: sky130_fd_sc_hd__o31ai_2 instances:   5
  Class: sky130_fd_sc_hd__or4_1 instances:  45
  Class: sky130_fd_sc_hd__or4_2 instances:   1
  Class: sky130_fd_sc_hd__a31oi_1 instances:  20
  Class: sky130_fd_sc_hd__a31oi_2 instances:  14
  Class: sky130_fd_sc_hd__buf_1 instances:  57
  Class: sky130_fd_sc_hd__nand4_1 instances:  53
  Class: sky130_fd_sc_hd__buf_2 instances: 342
  Class: sky130_fd_sc_hd__nand4_2 instances:  17
  Class: sky130_fd_sc_hd__buf_4 instances:   3
  Class: sky130_fd_sc_hd__a2bb2o_1 instances:   5
  Class: sky130_fd_sc_hd__and3b_1 instances:  51
  Class: sky130_fd_sc_hd__xor2_1 instances: 252
  Class: sky130_fd_sc_hd__xor2_2 instances:   8
  Class: sky130_fd_sc_hd__and4_1 instances: 223
  Class: sky130_fd_sc_hd__inv_2 instances: 165
  Class: sky130_fd_sc_hd__inv_6 instances:  13
  Class: sky130_fd_sc_hd__inv_8 instances:  16
  Class: sky130_fd_sc_hd__clkbuf_1 instances:  51
  Class: sky130_fd_sc_hd__clkbuf_2 instances: 151
  Class: sky130_fd_sc_hd__clkbuf_4 instances:  34
  Class: sky130_fd_sc_hd__clkbuf_8 instances:  85
  Class: sky130_fd_sc_hd__or3_1 instances: 101
  Class: sky130_fd_sc_hd__or3_2 instances:   1
  Class: sky130_fd_sc_hd__nand3_1 instances: 166
  Class: sky130_fd_sc_hd__nand3_2 instances:   8
  Class: sky130_fd_sc_hd__o21ba_1 instances:  41
  Class: sky130_fd_sc_hd__and2b_1 instances: 228
  Class: sky130_fd_sc_hd__and2b_2 instances:   6
  Class: sky130_fd_sc_hd__conb_1 instances:  52
  Class: sky130_fd_sc_hd__and2b_4 instances:   1
  Class: sky130_fd_sc_hd__a21boi_1 instances:  15
  Class: sky130_fd_sc_hd__a21boi_2 instances:   1
  Class: sky130_fd_sc_hd__nand4b_1 instances:   1
  Class: sky130_fd_sc_hd__a21bo_1 instances:  56
  Class: sky130_fd_sc_hd__clkinv_2 instances:   6
  Class: sky130_fd_sc_hd__clkinv_4 instances:   5
  Class: sky130_fd_sc_hd__clkinv_8 instances:  11
  Class: sky130_fd_sc_hd__and3_1 instances: 295
  Class: sky130_fd_sc_hd__a2111o_1 instances:   5
  Class: sky130_fd_sc_hd__decap_3 instances:   1
  Class: sky130_fd_sc_hd__dlygate4sd3_1 instances: 102
  Class: sky130_fd_sc_hd__or2_1 instances: 249
  Class: sky130_fd_sc_hd__a2111oi_1 instances:   2
  Class: sky130_fd_sc_hd__nand2_1 instances: 717
  Class: sky130_fd_sc_hd__o311ai_2 instances:   1
  Class: sky130_fd_sc_hd__nand3b_1 instances:  10
  Class: sky130_fd_sc_hd__mux2_1 instances: 130
  Class: sky130_fd_sc_hd__a211oi_1 instances:  28
  Class: sky130_fd_sc_hd__and2_1 instances: 344
  Class: sky130_fd_sc_hd__and2_2 instances:   1
  Class: sky130_fd_sc_hd__a211oi_2 instances:  12
  Class: sky130_fd_sc_hd__or4b_1 instances:   2
  Class: sky130_fd_sc_hd__clkinvlp_4 instances:   8
  Class: sky130_fd_sc_hd__nor4_1 instances:  13
  Class: sky130_fd_sc_hd__inv_12 instances:   7
  Class: sky130_fd_sc_hd__o32a_1 instances:   2
  Class: sky130_fd_sc_hd__o22a_1 instances:   8
  Class: sky130_fd_sc_hd__xnor2_1 instances: 646
  Class: sky130_fd_sc_hd__xnor2_2 instances:   8
  Class: sky130_fd_sc_hd__nor3b_1 instances:   6
  Class: sky130_fd_sc_hd__o21bai_1 instances:  44
  Class: sky130_fd_sc_hd__o21bai_2 instances:   1
  Class: sky130_fd_sc_hd__o211a_1 instances:  55
  Class: sky130_fd_sc_hd__nand2b_1 instances: 133
  Class: sky130_fd_sc_hd__a311oi_1 instances:   1
  Class: sky130_fd_sc_hd__diode_2 instances: 310
  Class: sky130_fd_sc_hd__a311oi_4 instances:   1
  Class: sky130_fd_sc_hd__a221o_1 instances:   1
  Class: sky130_fd_sc_hd__a211o_1 instances:  75
  Class: sky130_fd_sc_hd__o2111a_1 instances:   1
  Class: sky130_fd_sc_hd__or3b_1 instances:  25
  Class: sky130_fd_sc_hd__or3b_2 instances:   1
  Class: sky130_fd_sc_hd__dlymetal6s2s_1 instances:  61
  Class: sky130_fd_sc_hd__nor3_1 instances:  56
  Class: sky130_fd_sc_hd__a32o_1 instances:   1
  Class: sky130_fd_sc_hd__o41a_1 instances:   2
  Class: sky130_fd_sc_hd__a22o_1 instances: 129
  Class: sky130_fd_sc_hd__o31a_1 instances:  38
  Class: sky130_fd_sc_hd__o2bb2a_1 instances:  16
  Class: sky130_fd_sc_hd__o21a_1 instances: 124
  Class: sky130_fd_sc_hd__o311a_1 instances:   9
  Class: sky130_fd_sc_hd__o22ai_1 instances:   1
  Class: sky130_fd_sc_hd__o22ai_2 instances:   2
  Class: sky130_fd_sc_hd__a22oi_1 instances: 149
  Class: sky130_fd_sc_hd__a22oi_2 instances:   4
  Class: sky130_fd_sc_hd__and4b_1 instances:  19
  Class: sky130_fd_sc_hd__o21ai_1 instances: 133
  Class: sky130_fd_sc_hd__o21ai_2 instances:  18
  Class: sky130_fd_sc_hd__tapvpwrvgnd_1 instances:   1
  Class: sky130_fd_sc_hd__o21ai_4 instances:   1
  Class: sky130_fd_sc_hd__a21oi_1 instances: 257
  Class: sky130_fd_sc_hd__a21oi_2 instances:   5
  Class: sky130_fd_sc_hd__a311o_1 instances:  10
  Class: sky130_fd_sc_hd__fill_1 instances:   1
  Class: sky130_fd_sc_hd__fill_2 instances:   1
  Class: sky130_fd_sc_hd__o211ai_1 instances:  24
  Class: sky130_fd_sc_hd__o211ai_2 instances:  37
  Class: sky130_fd_sc_hd__o211ai_4 instances:   7
  Class: sky130_fd_sc_hd__and4bb_1 instances:   7
  Class: sky130_fd_sc_hd__nor2_1 instances: 509
Circuit contains 8114 nets.
Contents of circuit 2:  Circuit: 'MMU'
Circuit MMU contains 8308 device instances.
  Class: sky130_fd_sc_hd__bufinv_16 instances:   6
  Class: sky130_fd_sc_hd__a41o_1 instances:   2
  Class: sky130_fd_sc_hd__a31o_1 instances: 214
  Class: sky130_fd_sc_hd__a21o_1 instances: 275
  Class: sky130_fd_sc_hd__o32ai_2 instances:   1
  Class: sky130_fd_sc_hd__o32ai_4 instances:   1
  Class: sky130_fd_sc_hd__clkbuf_16 instances:   9
  Class: sky130_fd_sc_hd__dfxtp_1 instances: 579
  Class: sky130_fd_sc_hd__dfxtp_2 instances:   1
  Class: sky130_fd_sc_hd__o31ai_1 instances:  42
  Class: sky130_fd_sc_hd__a32oi_4 instances:   1
  Class: sky130_fd_sc_hd__o31ai_2 instances:   5
  Class: sky130_fd_sc_hd__or4_1 instances:  45
  Class: sky130_fd_sc_hd__or4_2 instances:   1
  Class: sky130_fd_sc_hd__a31oi_1 instances:  20
  Class: sky130_fd_sc_hd__a31oi_2 instances:  14
  Class: sky130_fd_sc_hd__nand4_1 instances:  53
  Class: sky130_fd_sc_hd__buf_1 instances:  57
  Class: sky130_fd_sc_hd__nand4_2 instances:  17
  Class: sky130_fd_sc_hd__buf_2 instances: 342
  Class: sky130_fd_sc_hd__buf_4 instances:   3
  Class: sky130_fd_sc_hd__a2bb2o_1 instances:   5
  Class: sky130_fd_sc_hd__and3b_1 instances:  51
  Class: sky130_fd_sc_hd__xor2_1 instances: 252
  Class: sky130_fd_sc_hd__xor2_2 instances:   8
  Class: sky130_fd_sc_hd__and4_1 instances: 223
  Class: sky130_fd_sc_hd__inv_2 instances: 165
  Class: sky130_fd_sc_hd__inv_6 instances:  13
  Class: sky130_fd_sc_hd__inv_8 instances:  16
  Class: sky130_fd_sc_hd__clkbuf_1 instances:  51
  Class: sky130_fd_sc_hd__clkbuf_2 instances: 151
  Class: sky130_fd_sc_hd__clkbuf_4 instances:  34
  Class: sky130_fd_sc_hd__clkbuf_8 instances:  85
  Class: sky130_fd_sc_hd__or3_1 instances: 101
  Class: sky130_fd_sc_hd__or3_2 instances:   1
  Class: sky130_fd_sc_hd__nand3_1 instances: 166
  Class: sky130_fd_sc_hd__nand3_2 instances:   8
  Class: sky130_fd_sc_hd__o21ba_1 instances:  41
  Class: sky130_fd_sc_hd__and2b_1 instances: 228
  Class: sky130_fd_sc_hd__conb_1 instances:  52
  Class: sky130_fd_sc_hd__and2b_2 instances:   6
  Class: sky130_fd_sc_hd__and2b_4 instances:   1
  Class: sky130_fd_sc_hd__a21boi_1 instances:  15
  Class: sky130_fd_sc_hd__a21boi_2 instances:   1
  Class: sky130_fd_sc_hd__nand4b_1 instances:   1
  Class: sky130_fd_sc_hd__a21bo_1 instances:  56
  Class: sky130_fd_sc_hd__clkinv_2 instances:   6
  Class: sky130_fd_sc_hd__clkinv_4 instances:   5
  Class: sky130_fd_sc_hd__clkinv_8 instances:  11
  Class: sky130_fd_sc_hd__and3_1 instances: 295
  Class: sky130_fd_sc_hd__a2111o_1 instances:   5
  Class: sky130_fd_sc_hd__decap_3 instances:   1
  Class: sky130_fd_sc_hd__dlygate4sd3_1 instances: 102
  Class: sky130_fd_sc_hd__or2_1 instances: 249
  Class: sky130_fd_sc_hd__a2111oi_1 instances:   2
  Class: sky130_fd_sc_hd__nand2_1 instances: 717
  Class: sky130_fd_sc_hd__o311ai_2 instances:   1
  Class: sky130_fd_sc_hd__nand3b_1 instances:  10
  Class: sky130_fd_sc_hd__mux2_1 instances: 130
  Class: sky130_fd_sc_hd__and2_1 instances: 344
  Class: sky130_fd_sc_hd__a211oi_1 instances:  28
  Class: sky130_fd_sc_hd__and2_2 instances:   1
  Class: sky130_fd_sc_hd__a211oi_2 instances:  12
  Class: sky130_fd_sc_hd__or4b_1 instances:   2
  Class: sky130_fd_sc_hd__clkinvlp_4 instances:   8
  Class: sky130_fd_sc_hd__nor4_1 instances:  13
  Class: sky130_fd_sc_hd__inv_12 instances:   7
  Class: sky130_fd_sc_hd__o32a_1 instances:   2
  Class: sky130_fd_sc_hd__o22a_1 instances:   8
  Class: sky130_fd_sc_hd__xnor2_1 instances: 646
  Class: sky130_fd_sc_hd__xnor2_2 instances:   8
  Class: sky130_fd_sc_hd__nor3b_1 instances:   6
  Class: sky130_fd_sc_hd__o21bai_1 instances:  44
  Class: sky130_fd_sc_hd__o21bai_2 instances:   1
  Class: sky130_fd_sc_hd__o211a_1 instances:  55
  Class: sky130_fd_sc_hd__nand2b_1 instances: 133
  Class: sky130_fd_sc_hd__diode_2 instances: 310
  Class: sky130_fd_sc_hd__a311oi_1 instances:   1
  Class: sky130_fd_sc_hd__a311oi_4 instances:   1
  Class: sky130_fd_sc_hd__a221o_1 instances:   1
  Class: sky130_fd_sc_hd__a211o_1 instances:  75
  Class: sky130_fd_sc_hd__o2111a_1 instances:   1
  Class: sky130_fd_sc_hd__or3b_1 instances:  25
  Class: sky130_fd_sc_hd__or3b_2 instances:   1
  Class: sky130_fd_sc_hd__dlymetal6s2s_1 instances:  61
  Class: sky130_fd_sc_hd__nor3_1 instances:  56
  Class: sky130_fd_sc_hd__a32o_1 instances:   1
  Class: sky130_fd_sc_hd__o41a_1 instances:   2
  Class: sky130_fd_sc_hd__a22o_1 instances: 129
  Class: sky130_fd_sc_hd__o31a_1 instances:  38
  Class: sky130_fd_sc_hd__o2bb2a_1 instances:  16
  Class: sky130_fd_sc_hd__o21a_1 instances: 124
  Class: sky130_fd_sc_hd__o311a_1 instances:   9
  Class: sky130_fd_sc_hd__o22ai_1 instances:   1
  Class: sky130_fd_sc_hd__o22ai_2 instances:   2
  Class: sky130_fd_sc_hd__a22oi_1 instances: 149
  Class: sky130_fd_sc_hd__a22oi_2 instances:   4
  Class: sky130_fd_sc_hd__and4b_1 instances:  19
  Class: sky130_fd_sc_hd__o21ai_1 instances: 133
  Class: sky130_fd_sc_hd__tapvpwrvgnd_1 instances:   1
  Class: sky130_fd_sc_hd__o21ai_2 instances:  18
  Class: sky130_fd_sc_hd__o21ai_4 instances:   1
  Class: sky130_fd_sc_hd__a21oi_1 instances: 257
  Class: sky130_fd_sc_hd__a21oi_2 instances:   5
  Class: sky130_fd_sc_hd__a311o_1 instances:  10
  Class: sky130_fd_sc_hd__fill_1 instances:   1
  Class: sky130_fd_sc_hd__fill_2 instances:   1
  Class: sky130_fd_sc_hd__o211ai_1 instances:  24
  Class: sky130_fd_sc_hd__o211ai_2 instances:  37
  Class: sky130_fd_sc_hd__o211ai_4 instances:   7
  Class: sky130_fd_sc_hd__and4bb_1 instances:   7
  Class: sky130_fd_sc_hd__nor2_1 instances: 509
Circuit contains 8114 nets.

Circuit 1 contains 8308 devices, Circuit 2 contains 8308 devices.
Circuit 1 contains 8114 nets,    Circuit 2 contains 8114 nets.


Final result: 
Circuits match uniquely.
.
Logging to file "/foss/designs/196/systolic_array_4x4_test/librelane/runs/RUN_2026-09-02_05-27-52/69-netgen-lvs/reports/lvs.netgen.rpt" disabled
LVS Done.
