Clock: clk
Sources: clk 
Generated: no
Virtual: yes
Propagated: no
Period: 20.000000

===========================================================================
report_clock_properties
============================================================================
Clock                   Period          Waveform
----------------------------------------------------
clk                  20.000000    0.000000 10.000000

===========================================================================
report_clock_latency
============================================================================
Clock clk
rise -> rise
    min     max
0.000000 0.000000 source latency
1.272332         network latency _13118_/CLK
        1.636422 network latency _13069_/CLK
---------------
1.272332 1.636422 latency
        0.364090 skew

fall -> fall
    min     max
0.000000 0.000000 source latency
1.051300         network latency _13118_/CLK
        1.391682 network latency _13069_/CLK
---------------
1.051300 1.391682 latency
        0.340382 skew



===========================================================================
report_clock_min_period
============================================================================
clk period_min = 12.79 fmax = 78.20
