
===========================================================================
 report_power
============================================================================
======================= min_ss_100C_1v60 Corner ===================================

Group                    Internal    Switching      Leakage        Total
                            Power        Power        Power        Power (Watts)
------------------------------------------------------------------------
Sequential           1.063521e-03 9.783286e-05 8.216069e-06 1.169570e-03  27.5%
Combinational        9.388179e-04 1.121318e-03 2.832165e-05 2.088458e-03  49.0%
Clock                5.170835e-04 4.827736e-04 1.829315e-06 1.001686e-03  23.5%
Macro                0.000000e+00 0.000000e+00 0.000000e+00 0.000000e+00   0.0%
Pad                  0.000000e+00 0.000000e+00 0.000000e+00 0.000000e+00   0.0%
------------------------------------------------------------------------
Total                2.519423e-03 1.701924e-03 3.836699e-05 4.259713e-03 100.0%
                            59.1%        40.0%         0.9%

